AAAAAGTTCTCCCTATACGTCAATCGGCTTCCGCGCCGCAAAGCGAGCCGACTACGTGGGTATCGCGTGCTA
AAAAAGTTCTCCCTATACGTCAATCGGCTTCCGCGCCGCAAAGCGAGCCGACTACGTGGGTATCGCGTGCTA
AAAACTTAGGTCTTGCATACGGTATTAAGTAAGTCTTTACGCGGTGGTTATACAGTGTAAGTCTAAGCCAAAAAGTTCTCCCTATACGTCAATCGGCTTCCGCGCCGCAAAGCGAGCCGACTACGTGGGTATCGCGTGCT
AAAAGTTCTCCCTATACGTCAATCGGCTTCCGCGCCGCAAAGCGAGCCGACTACGTGGGTATCGCGTGCTAG
AAAAGTTCTCCCTATACGTCAATCGGCTTCCGCGCCGCAAAGCGAGCCGACTACGTGGGTATCGCGTGCTAG
AAACGATCACGATGGTATAAACCCCAGCGGACGCCGGGGCAAGAGAAATCCACGAATTTATGGGAATTTATG
AAACGATCACGATGGTATAAACCCCAGCGGACGCCGGGGCAAGAGAAATCCACGAATTTATGGGAATTTATG
AAAGTTCTCCCTATACGTCAATCGGCTTCCGCGCCGCAAAGCGAGCCGACTACGTGGGTATCGCGTGCTAGGTTGTCGAATCGGGCTTTTCACTGTGCAACCGGTTGTGGCAAAGTGATTCGGACCGAGGTCCAATAGC
AACGATCACGATGGTATAAACCCCAGCGGACGCCGGGGCAAGAGAAATCCACGAATTTATGGGAATTTATGG
AACGATCACGATGGTATAAACCCCAGCGGACGCCGGGGCAAGAGAAATCCACGAATTTATGGGAATTTATGG
AACGCACCGCCTTCGCTCATTATTGAAGCCTCATCTTTTATTAGACAATAGCAGAGGACCGAACACCGGATC
AACGCACCGCCTTCGCTCATTATTGAAGCCTCATCTTTTATTAGACAATAGCAGAGGACCGAACACCGGATC
AAGCCGCGATGGGTGAACTTGCGTACAGGGCTCTCGCCTCTCATACACTCGGCAAGGGTGGCCAGGGGAACAGGGATAGTACTGCAACCTGCCCGGTAACGACGGCCGCTACTCGCACTGCATAGTTAACGATTCTGTAAG
AATGACTAGGCTGATGTTTTTCATCGGAGACGCGTCTGTCAGGCATGATTGACATTTTACTGCCTCCGTTGG
AATGACTAGGCTGATGTTTTTCATCGGAGACGCGTCTGTCAGGCATGATTGACATTTTACTGCCTCCGTTGG
AATGATACTTCGTACGGTAATCAGTACGGATACCATGTGGTGCCTGGCTCGTGCTACGCCTAGTGTGTATCA
AATGATACTTCGTACGGTAATCAGTACGGATACCATGTGGTGCCTGGCTCGTGCTACGCCTAGTGTGTATCA
ACAGAAGTTTCGACCATGTGATCAAAACGGACCTTATTGGCCCAGTATGAACATTACCGCTTCTAACAGCTT
ACAGAAGTTTCGACCATGTGATCAAAACGGACCTTATTGGCCCAGTATGAACATTACCGCTTCTAACAGCTT
ACATGTAAGTGCTGCCTGGCTGCTGAGATAAACAGTATACGTGTGATCCTCTAGATAGACAATTCTTAATTCGACTTACGACAATAATGGATCCCTTGTTCCCACACCTAACAAGGTACCTTCGATTAAGTCACAGGTTGTT
ACCGGTACAATAGTCAACTCTTGGACTCAAGCCTCGTCACGCCCTTGCACACCCTCAGGCCCCGAGAGACAA
ACCGGTACAATAGTCAACTCTTGGACTCAAGCCTCGTCACGCCCTTGCACACCCTCAGGCCCCGAGAGACAA
ACCTCGCGACTGTCGGGGAGCTGTAAGACACATGAAGGGCAGAGTTAGACACAATTATTGCGCGCCACAATC
ACCTCGCGACTGTCGGGGAGCTGTAAGACACATGAAGGGCAGAGTTAGACACAATTATTGCGCGCCACAATC
ACCTTTCAAACACGATACGCGATGCATCCGACCGGTTCCTCGCAAGCGTATCTCCCGTTACAGCGCACTGAC
ACCTTTCAAACACGATACGCGATGCATCCGACCGGTTCCTCGCAAGCGTATCTCCCGTTACAGCGCACTGAC
ACGATCACGATGGTATAAACCCCAGCGGACGCCGGGGCAAGAGAAATCCACGAATTTATGGGAATTTATGGA
ACGATCACGATGGTATAAACCCCAGCGGACGCCGGGGCAAGAGAAATCCACGAATTTATGGGAATTTATGGA
ACGCACCGCCTTCGCTCATTATTGAAGCCTCATCTTTTATTAGACAATAGCAGAGGACCGAACACCGGATCG
ACGCACCGCCTTCGCTCATTATTGAAGCCTCATCTTTTATTAGACAATAGCAGAGGACCGAACACCGGATCG
ACTACACAATTGACTCATTAAGAATCATTCAGTTTAATTTTACACGGGGACTGCGGACTTCAATAGCTAAAGATCCAGGTCTGGCTATCGCCGTCTTACATAAATCCGCGGAACTAACGGCCTCACTAACTGTCAGGAGGCA
ACTATGATACAACCGATACTGGGTTCGTAATGCAGTCTTTAAACCTGTAGGCAACCTCGGGGAACTCAAAGT
ACTATGATACAACCGATACTGGGTTCGTAATGCAGTCTTTAAACCTGTAGGCAACCTCGGGGAACTCAAAGT
ACTATTGCGTGCAGAGCTACGCTCTCCCGATCACGACTCTCACCCGGTATCTTATTCACAAGTAAAGCATCG
ACTATTGCGTGCAGAGCTACGCTCTCCCGATCACGACTCTCACCCGGTATCTTATTCACAAGTAAAGCATCG
ACTTCCGGTCGAGCGCGCTTCGCCGTGTCTCCAACTCTAGGATTGTCTTTGTCCTATGGACCGAAAGTGCTGGACATGGACTTCGTAAGCTATTTATGCTCGTGCGCTCCAGCATGTCGATTGGAGCGAAACCTGAGCGA
AGAGCGGCCCGGTGAGCACGAATCGAAAGCGCTGTCTTCAAAGACCTTCGTACTACTATTTTTTATCAGGTG
AGAGCGGCCCGGTGAGCACGAATCGAAAGCGCTGTCTTCAAAGACCTTCGTACTACTATTTTTTATCAGGTG
AGCCTGAAGTAGCTTGGAGAGAAGCACGCCGGGGTACCCTATAGTGACCCACGTAGCTTAGCGCAGGGTAAG
AGCCTGAAGTAGCTTGGAGAGAAGCACGCCGGGGTACCCTATAGTGACCCACGTAGCTTAGCGCAGGGTAAG
AGCGGCCCGGTGAGCACGAATCGAAAGCGCTGTCTTCAAAGACCTTCGTACTACTATTTTTTATCAGGTGCT
AGCGGCCCGGTGAGCACGAATCGAAAGCGCTGTCTTCAAAGACCTTCGTACTACTATTTTTTATCAGGTGCT
AGCGTCATGGTGTGATCAATATTGAAGCGTAACGGGATTTAGAAGGCGGGTGGTCGGTGCACTTTCCAGACC
AGCGTCATGGTGTGATCAATATTGAAGCGTAACGGGATTTAGAAGGCGGGTGGTCGGTGCACTTTCCAGACC
AGGGATAGTACTGCAACCTGCCCGGTAACGACGGCCGCTACTCGCACTGCATAGTTAACGATTCTGTAAGGT
AGGGATAGTACTGCAACCTGCCCGGTAACGACGGCCGCTACTCGCACTGCATAGTTAACGATTCTGTAAGGT
AGGTTGTCGAATCGGGCTTTTCACTGTGCAACCGGTTGTGGCAAAGTGATTCGGACCGAGGTCCAATAGCAA
AGGTTGTCGAATCGGGCTTTTCACTGTGCAACCGGTTGTGGCAAAGTGATTCGGACCGAGGTCCAATAGCAA
AGTAGTCCAAAAGGTTTTTGCTGTAGCTTACCATAGACGCCCCCTGCTTTTCTTAGTGTTTTCCCTGAGGTTCTGCTGATAGCATTGAGTGACCTGCTTGCAATCTGCACGCCGTACGGTGCTGAGGATACGCCGCCAG
ATCATCTAAGGTTCACCAACTACGATTGTCATTCAAAACGTAGCGCGCACTCCGTGTCACGGCGCAATTAGG
ATCATCTAAGGTTCACCAACTACGATTGTCATTCAAAACGTAGCGCGCACTCCGTGTCACGGCGCAATTAGG
ATCCAGGTCTGGCTATCGCCGTCTTACATAAATCCGCGGAACTAACGGCCTCACTAACTGTCAGGAGGCAAG
ATCCAGGTCTGGCTATCGCCGTCTTACATAAATCCGCGGAACTAACGGCCTCACTAACTGTCAGGAGGCAAG
ATCCCATGGGAATGCAGGAGCTAAAGGAAAGCGAGAGCTACCCGCAAAGCTCGCACGTAACGCCAGGATCTTGGCCTGATACTGAAGGCTCCTGACAGGGCATGGAGGGAATTCCTCTTGGACTGAACAGCGTTTCTCTCCTC
ATGACTAGGCTGATGTTTTTCATCGGAGACGCGTCTGTCAGGCATGATTGACATTTTACTGCCTCCGTTGGC
ATGACTAGGCTGATGTTTTTCATCGGAGACGCGTCTGTCAGGCATGATTGACATTTTACTGCCTCCGTTGGC
ATGATACTTCGTACGGTAATCAGTACGGATACCATGTGGTGCCTGGCTCGTGCTACGCCTAGTGTGTATCATCATCTAAGGTTCACCAACTACGATTGTCATTCAAAACGTAGCGCGCACTCCGTGTCACGGCGCAATTAG
ATGCTGTTCCTGACCCCGTTGTTTTGATTGGCTCAGGGGATTCCAGTCGGGAATTTATCTTAGACACGCGTT
ATGCTGTTCCTGACCCCGTTGTTTTGATTGGCTCAGGGGATTCCAGTCGGGAATTTATCTTAGACACGCGTT
ATTAAAGGCGCTAGCCTATTGGTAGCACTTGACGGTCCAAGAGTCTAAGGTAGTTCATTAAAGATTGACGCT
ATTAAAGGCGCTAGCCTATTGGTAGCACTTGACGGTCCAAGAGTCTAAGGTAGTTCATTAAAGATTGACGCT
CAATGACTAGGCTGATGTTTTTCATCGGAGACGCGTCTGTCAGGCATGATTGACATTTTACTGCCTCCGTTG
CAATGACTAGGCTGATGTTTTTCATCGGAGACGCGTCTGTCAGGCATGATTGACATTTTACTGCCTCCGTTG
CAATGATACTTCGTACGGTAATCAGTACGGATACCATGTGGTGCCTGGCTCGTGCTACGCCTAGTGTGTATC
CAATGATACTTCGTACGGTAATCAGTACGGATACCATGTGGTGCCTGGCTCGTGCTACGCCTAGTGTGTATC
CACATGTAAGTGCTGCCTGGCTGCTGAGATAAACAGTATACGTGTGATCCTCTAGATAGACAATTCTTAATT
CACATGTAAGTGCTGCCTGGCTGCTGAGATAAACAGTATACGTGTGATCCTCTAGATAGACAATTCTTAATT
CACTACACAATTGACTCATTAAGAATCATTCAGTTTAATTTTACACGGGGACTGCGGACTTCAATAGCTAAA
CACTACACAATTGACTCATTAAGAATCATTCAGTTTAATTTTACACGGGGACTGCGGACTTCAATAGCTAAA
CAGAAGTTTCGACCATGTGATCAAAACGGACCTTATTGGCCCAGTATGAACATTACCGCTTCTAACAGCTTCCTAGCCCAAATATTCACTGAATCATCAAAACCCAACGCTGGACTTCGTTTTGCAACTTGTCATGTTTT
CAGGGATAGTACTGCAACCTGCCCGGTAACGACGGCCGCTACTCGCACTGCATAGTTAACGATTCTGTAAGG
CAGGGATAGTACTGCAACCTGCCCGGTAACGACGGCCGCTACTCGCACTGCATAGTTAACGATTCTGTAAGG
CAGGTCCCGGCATTTCATATCCAGCTCGGGTTTGCCATAGCGATAATGATCCTTATCACCATATTAAATATAACTGGGCACTTCTCCCGGGAAGCAGAAACTTAATGAGCCCTAAAACGATTGAATCAAGAACAACGGGGACGG
CAGTAGTCCAAAAGGTTTTTGCTGTAGCTTACCATAGACGCCCCCTGCTTTTCTTAGTGTTTTCCCTGAGGT
CAGTAGTCCAAAAGGTTTTTGCTGTAGCTTACCATAGACGCCCCCTGCTTTTCTTAGTGTTTTCCCTGAGGT
CCGGCCGTAGGCTTCGGGTCGTCACAGAAATCACATTATATATCACGTGATTAACTGTAGTTTGAACAGAGG
CCGGCCGTAGGCTTCGGGTCGTCACAGAAATCACATTATATATCACGTGATTAACTGTAGTTTGAACAGAGG
CCGGGGGAGCATATTAATGACGTTATAAGTTCTAGACTACAGGAGACCGGGGCGCGCCCCAGACCAAAGATG
CCGGGGGAGCATATTAATGACGTTATAAGTTCTAGACTACAGGAGACCGGGGCGCGCCCCAGACCAAAGATG
CCGGTACAATAGTCAACTCTTGGACTCAAGCCTCGTCACGCCCTTGCACACCCTCAGGCCCCGAGAGACAATGACTAGGCTGATGTTTTTCATCGGAGACGCGTCTGTCAGGCATGATTGACATTTTACTGCCTCCGTT
CCTCGCGACTGTCGGGGAGCTGTAAGACACATGAAGGGCAGAGTTAGACACAATTATTGCGCGCCACAATCAATGATACTTCGTACGGTAATCAGTACGGATACCATGTGGTGCCTGGCTCGTGCTACGCCTAGTGTGTA
CCTGAAGTAGCTTGGAGAGAAGCACGCCGGGGTACCCTATAGTGACCCACGTAGCTTAGCGCAGGGTAAGCT
CCTGAAGTAGCTTGGAGAGAAGCACGCCGGGGTACCCTATAGTGACCCACGTAGCTTAGCGCAGGGTAAGCT
CCTGATACTGAAGGCTCCTGACAGGGCATGGAGGGAATTCCTCTTGGACTGAACAGCGTTTCTCTCCTCCTCCGGGGGAGCATATTAATGACGTTATAAGTTCTAGACTACAGGAGACCGGGGCGCGCCCCAGACCAAAGAT
CCTGATGAGTCCAATGAAGTGTCCCTAGAGAATTATATTTCGGGGGACGTGCGGAAGTGGCCTCCGACTGCCGGCCGTAGGCTTCGGGTCGTCACAGAAATCACATTATATATCACGTGATTAACTGTAGTTTGAACAGAG
CCTTTCAAACACGATACGCGATGCATCCGACCGGTTCCTCGCAAGCGTATCTCCCGTTACAGCGCACTGACT
CCTTTCAAACACGATACGCGATGCATCCGACCGGTTCCTCGCAAGCGTATCTCCCGTTACAGCGCACTGACT
CGAATGAAATGGCATTTGATCCAGAGCGACAGACTCACCGGAGTTTGACACAGGAATTATGTTACGCTCTCG
CGAATGAAATGGCATTTGATCCAGAGCGACAGACTCACCGGAGTTTGACACAGGAATTATGTTACGCTCTCG
CGACTTACGACAATAATGGATCCCTTGTTCCCACACCTAACAAGGTACCTTCGATTAAGTCACAGGTTGTTA
CGACTTACGACAATAATGGATCCCTTGTTCCCACACCTAACAAGGTACCTTCGATTAAGTCACAGGTTGTTA
CGATCACGATGGTATAAACCCCAGCGGACGCCGGGGCAAGAGAAATCCACGAATTTATGGGAATTTATGGAGCGTCATGGTGTGATCAATATTGAAGCGTAACGGGATTTAGAAGGCGGGTGGTCGGTGCACTTTCCAGA
CGCACCGCCTTCGCTCATTATTGAAGCCTCATCTTTTATTAGACAATAGCAGAGGACCGAACACCGGATCGCCCGCGGAGCTTCTGGTAGAGTCGCAATGTTGTCCTGTAGCCCACCTCTCTGTTTAAGGAAGGGCAAC
CGCCCGCGGAGCTTCTGGTAGAGTCGCAATGTTGTCCTGTAGCCCACCTCTCTGTTTAAGGAAGGGCAACGG
CGCCCGCGGAGCTTCTGGTAGAGTCGCAATGTTGTCCTGTAGCCCACCTCTCTGTTTAAGGAAGGGCAACGG
CGCCTGATGAGTCCAATGAAGTGTCCCTAGAGAATTATATTTCGGGGGACGTGCGGAAGTGGCCTCCGACTG
CGCCTGATGAGTCCAATGAAGTGTCCCTAGAGAATTATATTTCGGGGGACGTGCGGAAGTGGCCTCCGACTG
CGGCCCGGTGAGCACGAATCGAAAGCGCTGTCTTCAAAGACCTTCGTACTACTATTTTTTATCAGGTGCTTTACATAGTTACCCCCTGTAGAATTGCTACAAGATGCCGATAGAACTTACACCGTGTGGCCTGTCAG
CGGCCGTAGGCTTCGGGTCGTCACAGAAATCACATTATATATCACGTGATTAACTGTAGTTTGAACAGAGGAACGCACCGCCTTCGCTCATTATTGAAGCCTCATCTTTTATTAGACAATAGCAGAGGACCGAACACCGG
CGGGGGAGCATATTAATGACGTTATAAGTTCTAGACTACAGGAGACCGGGGCGCGCCCCAGACCAAAGATGTCACATGTAAGTGCTGCCTGGCTGCTGAGATAAACAGTATACGTGTGATCCTCTAGATAGACAATTCTTAA
CGTTCATAAGCGCAGACTCTTAGTTCCCACGTCTAGCAGCGATGATGTGCCGGTCATATGTGCGTTCTTCCAGCAGGTCCCGGCATTTCATATCCAGCTCGGGTTTGCCATAGCGATAATGATCCTTATCACCATATTAAATA
CTAAAACTTAGGTCTTGCATACGGTATTAAGTAAGTCTTTACGCGGTGGTTATACAGTGTAAGTCTAAGCCA
CTAAAACTTAGGTCTTGCATACGGTATTAAGTAAGTCTTTACGCGGTGGTTATACAGTGTAAGTCTAAGCCA
CTACCTTTCAAACACGATACGCGATGCATCCGACCGGTTCCTCGCAAGCGTATCTCCCGTTACAGCGCACTG
CTACCTTTCAAACACGATACGCGATGCATCCGACCGGTTCCTCGCAAGCGTATCTCCCGTTACAGCGCACTG
CTATGATACAACCGATACTGGGTTCGTAATGCAGTCTTTAAACCTGTAGGCAACCTCGGGGAACTCAAAGTTCGAATGAAATGGCATTTGATCCAGAGCGACAGACTCACCGGAGTTTGACACAGGAATTATGTTACGCTCTC
CTATTGCGTGCAGAGCTACGCTCTCCCGATCACGACTCTCACCCGGTATCTTATTCACAAGTAAAGCATCGT
CTATTGCGTGCAGAGCTACGCTCTCCCGATCACGACTCTCACCCGGTATCTTATTCACAAGTAAAGCATCGT
CTCGCAGAGCTACACCCCTGTACTACAGTCGCGAATCAAAAGAGCAGCTGTTTGATCTATACAGCCAGGCGC
CTCGCAGAGCTACACCCCTGTACTACAGTCGCGAATCAAAAGAGCAGCTGTTTGATCTATACAGCCAGGCGC
CTCGTCTTGCAGAGCATATCCGATCCGCAGGGATACGTCGGCGCGGATAGGTGTTTCGCAAAAGACATGTGT
CTCGTCTTGCAGAGCATATCCGATCCGCAGGGATACGTCGGCGCGGATAGGTGTTTCGCAAAAGACATGTGT
CTCTTCGCCTACGGACCTCACACTAAATAGCCGGGGCGGGCCATAATCGTCACAAGATGCGAGCCTCTCGCGCGTTCATAAGCGCAGACTCTTAGTTCCCACGTCTAGCAGCGATGATGTGCCGGTCATATGTGCGTTCTTC
CTGAAGTAGCTTGGAGAGAAGCACGCCGGGGTACCCTATAGTGACCCACGTAGCTTAGCGCAGGGTAAGCTAAAACTTAGGTCTTGCATACGGTATTAAGTAAGTCTTTACGCGGTGGTTATACAGTGTAAGTCTAAGC
CTGCAGCGTAGTACGTTGCAACGATCCGCGACGTTGACACTACTGCATGGCAGATTACGCCCAAACGCTTCACTACACAATTGACTCATTAAGAATCATTCAGTTTAATTTTACACGGGGACTGCGGACTTCAATAGCTAA
CTGCTGATAGCATTGAGTGACCTGCTTGCAATCTGCACGCCGTACGGTGCTGAGGATACGCCGCCAGCTACTATGATACAACCGATACTGGGTTCGTAATGCAGTCTTTAAACCTGTAGGCAACCTCGGGGAACTCAAAG
CTGGACATGGACTTCGTAAGCTATTTATGCTCGTGCGCTCCAGCATGTCGATTGGAGCGAAACCTGAGCGAG
CTGGACATGGACTTCGTAAGCTATTTATGCTCGTGCGCTCCAGCATGTCGATTGGAGCGAAACCTGAGCGAG
CTTTACATAGTTACCCCCTGTAGAATTGCTACAAGATGCCGATAGAACTTACACCGTGTGGCCTGTCAGGAT
CTTTACATAGTTACCCCCTGTAGAATTGCTACAAGATGCCGATAGAACTTACACCGTGTGGCCTGTCAGGAT
CTTTCAAACACGATACGCGATGCATCCGACCGGTTCCTCGCAAGCGTATCTCCCGTTACAGCGCACTGACTATTGCGTGCAGAGCTACGCTCTCCCGATCACGACTCTCACCCGGTATCTTATTCACAAGTAAAGCATC
GAACGCACCGCCTTCGCTCATTATTGAAGCCTCATCTTTTATTAGACAATAGCAGAGGACCGAACACCGGAT
GAACGCACCGCCTTCGCTCATTATTGAAGCCTCATCTTTTATTAGACAATAGCAGAGGACCGAACACCGGAT
GAATGAAATGGCATTTGATCCAGAGCGACAGACTCACCGGAGTTTGACACAGGAATTATGTTACGCTCTCGGTCTCTTCGCCTACGGACCTCACACTAAATAGCCGGGGCGGGCCATAATCGTCACAAGATGCGAGCCTCTC
GACAGAAGTTTCGACCATGTGATCAAAACGGACCTTATTGGCCCAGTATGAACATTACCGCTTCTAACAGCT
GACAGAAGTTTCGACCATGTGATCAAAACGGACCTTATTGGCCCAGTATGAACATTACCGCTTCTAACAGCT
GACATGGACTTCGTAAGCTATTTATGCTCGTGCGCTCCAGCATGTCGATTGGAGCGAAACCTGAGCGAGAGCGGCCCGGTGAGCACGAATCGAAAGCGCTGTCTTCAAAGACCTTCGTACTACTATTTTTTATCAGGT
GACTAGGCTGATGTTTTTCATCGGAGACGCGTCTGTCAGGCATGATTGACATTTTACTGCCTCCGTTGGCTCGCAGAGCTACACCCCTGTACTACAGTCGCGAATCAAAAGAGCAGCTGTTTGATCTATACAGCCAG
GACTTACGACAATAATGGATCCCTTGTTCCCACACCTAACAAGGTACCTTCGATTAAGTCACAGGTTGTTAGCCTGAAGTAGCTTGGAGAGAAGCACGCCGGGGTACCCTATAGTGACCCACGTAGCTTAGCGCAGGGTAA
GACTTCCGGTCGAGCGCGCTTCGCCGTGTCTCCAACTCTAGGATTGTCTTTGTCCTATGGACCGAAAGTGCT
GACTTCCGGTCGAGCGCGCTTCGCCGTGTCTCCAACTCTAGGATTGTCTTTGTCCTATGGACCGAAAGTGCT
GAGCGGCCCGGTGAGCACGAATCGAAAGCGCTGTCTTCAAAGACCTTCGTACTACTATTTTTTATCAGGTGC
GAGCGGCCCGGTGAGCACGAATCGAAAGCGCTGTCTTCAAAGACCTTCGTACTACTATTTTTTATCAGGTGC
GAGCGTCATGGTGTGATCAATATTGAAGCGTAACGGGATTTAGAAGGCGGGTGGTCGGTGCACTTTCCAGAC
GAGCGTCATGGTGTGATCAATATTGAAGCGTAACGGGATTTAGAAGGCGGGTGGTCGGTGCACTTTCCAGAC
GATCCAGGTCTGGCTATCGCCGTCTTACATAAATCCGCGGAACTAACGGCCTCACTAACTGTCAGGAGGCAA
GATCCAGGTCTGGCTATCGCCGTCTTACATAAATCCGCGGAACTAACGGCCTCACTAACTGTCAGGAGGCAA
GCAGGTCCCGGCATTTCATATCCAGCTCGGGTTTGCCATAGCGATAATGATCCTTATCACCATATTAAATAT
GCAGGTCCCGGCATTTCATATCCAGCTCGGGTTTGCCATAGCGATAATGATCCTTATCACCATATTAAATAT
GCCCGCGGAGCTTCTGGTAGAGTCGCAATGTTGTCCTGTAGCCCACCTCTCTGTTTAAGGAAGGGCAACGGCTCGTCTTGCAGAGCATATCCGATCCGCAGGGATACGTCGGCGCGGATAGGTGTTTCGCAAAAGACATGTG
GCCTGAAGTAGCTTGGAGAGAAGCACGCCGGGGTACCCTATAGTGACCCACGTAGCTTAGCGCAGGGTAAGC
GCCTGAAGTAGCTTGGAGAGAAGCACGCCGGGGTACCCTATAGTGACCCACGTAGCTTAGCGCAGGGTAAGC
GCCTGATACTGAAGGCTCCTGACAGGGCATGGAGGGAATTCCTCTTGGACTGAACAGCGTTTCTCTCCTCCT
GCCTGATACTGAAGGCTCCTGACAGGGCATGGAGGGAATTCCTCTTGGACTGAACAGCGTTTCTCTCCTCCT
GCCTGATGAGTCCAATGAAGTGTCCCTAGAGAATTATATTTCGGGGGACGTGCGGAAGTGGCCTCCGACTGC
GCCTGATGAGTCCAATGAAGTGTCCCTAGAGAATTATATTTCGGGGGACGTGCGGAAGTGGCCTCCGACTGC
GCGCCTGATGAGTCCAATGAAGTGTCCCTAGAGAATTATATTTCGGGGGACGTGCGGAAGTGGCCTCCGACT
GCGCCTGATGAGTCCAATGAAGTGTCCCTAGAGAATTATATTTCGGGGGACGTGCGGAAGTGGCCTCCGACT
GCGGCCCGGTGAGCACGAATCGAAAGCGCTGTCTTCAAAGACCTTCGTACTACTATTTTTTATCAGGTGCTT
GCGGCCCGGTGAGCACGAATCGAAAGCGCTGTCTTCAAAGACCTTCGTACTACTATTTTTTATCAGGTGCTT
GCGTCATGGTGTGATCAATATTGAAGCGTAACGGGATTTAGAAGGCGGGTGGTCGGTGCACTTTCCAGACCGTTGAACTAGGGTTATCCATCTTACTCGAACGGCCAGATAAGTTCGGGAATTTTCGATTCAGATTAAACGC
GCGTTCATAAGCGCAGACTCTTAGTTCCCACGTCTAGCAGCGATGATGTGCCGGTCATATGTGCGTTCTTCC
GCGTTCATAAGCGCAGACTCTTAGTTCCCACGTCTAGCAGCGATGATGTGCCGGTCATATGTGCGTTCTTCC
GCTAAAACTTAGGTCTTGCATACGGTATTAAGTAAGTCTTTACGCGGTGGTTATACAGTGTAAGTCTAAGCC
GCTAAAACTTAGGTCTTGCATACGGTATTAAGTAAGTCTTTACGCGGTGGTTATACAGTGTAAGTCTAAGCC
GCTCGCAGAGCTACACCCCTGTACTACAGTCGCGAATCAAAAGAGCAGCTGTTTGATCTATACAGCCAGGCG
GCTCGCAGAGCTACACCCCTGTACTACAGTCGCGAATCAAAAGAGCAGCTGTTTGATCTATACAGCCAGGCG
GCTGTTCCTGACCCCGTTGTTTTGATTGGCTCAGGGGATTCCAGTCGGGAATTTATCTTAGACACGCGTTCTGCAGCGTAGTACGTTGCAACGATCCGCGACGTTGACACTACTGCATGGCAGATTACGCCCAAACGC
GCTTTACATAGTTACCCCCTGTAGAATTGCTACAAGATGCCGATAGAACTTACACCGTGTGGCCTGTCAGGA
GCTTTACATAGTTACCCCCTGTAGAATTGCTACAAGATGCCGATAGAACTTACACCGTGTGGCCTGTCAGGA
GGAACGCACCGCCTTCGCTCATTATTGAAGCCTCATCTTTTATTAGACAATAGCAGAGGACCGAACACCGGA
GGAACGCACCGCCTTCGCTCATTATTGAAGCCTCATCTTTTATTAGACAATAGCAGAGGACCGAACACCGGA
GGACAGAAGTTTCGACCATGTGATCAAAACGGACCTTATTGGCCCAGTATGAACATTACCGCTTCTAACAGC
GGACAGAAGTTTCGACCATGTGATCAAAACGGACCTTATTGGCCCAGTATGAACATTACCGCTTCTAACAGC
GGACATGGACTTCGTAAGCTATTTATGCTCGTGCGCTCCAGCATGTCGATTGGAGCGAAACCTGAGCGAGAG
GGACATGGACTTCGTAAGCTATTTATGCTCGTGCGCTCCAGCATGTCGATTGGAGCGAAACCTGAGCGAGAG
GGCCTGATACTGAAGGCTCCTGACAGGGCATGGAGGGAATTCCTCTTGGACTGAACAGCGTTTCTCTCCTCC
GGCCTGATACTGAAGGCTCCTGACAGGGCATGGAGGGAATTCCTCTTGGACTGAACAGCGTTTCTCTCCTCC
GGCTCGCAGAGCTACACCCCTGTACTACAGTCGCGAATCAAAAGAGCAGCTGTTTGATCTATACAGCCAGGC
GGCTCGCAGAGCTACACCCCTGTACTACAGTCGCGAATCAAAAGAGCAGCTGTTTGATCTATACAGCCAGGC
GGGACAGAAGTTTCGACCATGTGATCAAAACGGACCTTATTGGCCCAGTATGAACATTACCGCTTCTAACAG
GGGACAGAAGTTTCGACCATGTGATCAAAACGGACCTTATTGGCCCAGTATGAACATTACCGCTTCTAACAG
GGGATAGTACTGCAACCTGCCCGGTAACGACGGCCGCTACTCGCACTGCATAGTTAACGATTCTGTAAGGTACCTCGCGACTGTCGGGGAGCTGTAAGACACATGAAGGGCAGAGTTAGACACAATTATTGCGCGCCACAA
GGTTCTGCTGATAGCATTGAGTGACCTGCTTGCAATCTGCACGCCGTACGGTGCTGAGGATACGCCGCCAGC
GGTTCTGCTGATAGCATTGAGTGACCTGCTTGCAATCTGCACGCCGTACGGTGCTGAGGATACGCCGCCAGC
GGTTGTCGAATCGGGCTTTTCACTGTGCAACCGGTTGTGGCAAAGTGATTCGGACCGAGGTCCAATAGCAAA
GGTTGTCGAATCGGGCTTTTCACTGTGCAACCGGTTGTGGCAAAGTGATTCGGACCGAGGTCCAATAGCAAA
GTAAGCCGCGATGGGTGAACTTGCGTACAGGGCTCTCGCCTCTCATACACTCGGCAAGGGTGGCCAGGGGAA
GTAAGCCGCGATGGGTGAACTTGCGTACAGGGCTCTCGCCTCTCATACACTCGGCAAGGGTGGCCAGGGGAA
GTATGCTGTTCCTGACCCCGTTGTTTTGATTGGCTCAGGGGATTCCAGTCGGGAATTTATCTTAGACACGCG
GTATGCTGTTCCTGACCCCGTTGTTTTGATTGGCTCAGGGGATTCCAGTCGGGAATTTATCTTAGACACGCG
GTCTCTTCGCCTACGGACCTCACACTAAATAGCCGGGGCGGGCCATAATCGTCACAAGATGCGAGCCTCTCG
GTCTCTTCGCCTACGGACCTCACACTAAATAGCCGGGGCGGGCCATAATCGTCACAAGATGCGAGCCTCTCG
GTTCTGCAGCGTAGTACGTTGCAACGATCCGCGACGTTGACACTACTGCATGGCAGATTACGCCCAAACGCT
GTTCTGCAGCGTAGTACGTTGCAACGATCCGCGACGTTGACACTACTGCATGGCAGATTACGCCCAAACGCT
GTTCTGCTGATAGCATTGAGTGACCTGCTTGCAATCTGCACGCCGTACGGTGCTGAGGATACGCCGCCAGCT
GTTCTGCTGATAGCATTGAGTGACCTGCTTGCAATCTGCACGCCGTACGGTGCTGAGGATACGCCGCCAGCT
GTTGAACTAGGGTTATCCATCTTACTCGAACGGCCAGATAAGTTCGGGAATTTTCGATTCAGATTAAACGCT
GTTGAACTAGGGTTATCCATCTTACTCGAACGGCCAGATAAGTTCGGGAATTTTCGATTCAGATTAAACGCT
GTTGTCGAATCGGGCTTTTCACTGTGCAACCGGTTGTGGCAAAGTGATTCGGACCGAGGTCCAATAGCAAAC
GTTGTCGAATCGGGCTTTTCACTGTGCAACCGGTTGTGGCAAAGTGATTCGGACCGAGGTCCAATAGCAAAC
TAAAACTTAGGTCTTGCATACGGTATTAAGTAAGTCTTTACGCGGTGGTTATACAGTGTAAGTCTAAGCCAA
TAAAACTTAGGTCTTGCATACGGTATTAAGTAAGTCTTTACGCGGTGGTTATACAGTGTAAGTCTAAGCCAA
TAAAGGCGCTAGCCTATTGGTAGCACTTGACGGTCCAAGAGTCTAAGGTAGTTCATTAAAGATTGACGCTACCTTTCAAACACGATACGCGATGCATCCGACCGGTTCCTCGCAAGCGTATCTCCCGTTACAGCGCACT
TAAGCCGCGATGGGTGAACTTGCGTACAGGGCTCTCGCCTCTCATACACTCGGCAAGGGTGGCCAGGGGAAC
TAAGCCGCGATGGGTGAACTTGCGTACAGGGCTCTCGCCTCTCATACACTCGGCAAGGGTGGCCAGGGGAAC
TACCGGTACAATAGTCAACTCTTGGACTCAAGCCTCGTCACGCCCTTGCACACCCTCAGGCCCCGAGAGACA
TACCGGTACAATAGTCAACTCTTGGACTCAAGCCTCGTCACGCCCTTGCACACCCTCAGGCCCCGAGAGACA
TACCTCGCGACTGTCGGGGAGCTGTAAGACACATGAAGGGCAGAGTTAGACACAATTATTGCGCGCCACAAT
TACCTCGCGACTGTCGGGGAGCTGTAAGACACATGAAGGGCAGAGTTAGACACAATTATTGCGCGCCACAAT
TACCTTTCAAACACGATACGCGATGCATCCGACCGGTTCCTCGCAAGCGTATCTCCCGTTACAGCGCACTGA
TACCTTTCAAACACGATACGCGATGCATCCGACCGGTTCCTCGCAAGCGTATCTCCCGTTACAGCGCACTGA
TAGGTTGTCGAATCGGGCTTTTCACTGTGCAACCGGTTGTGGCAAAGTGATTCGGACCGAGGTCCAATAGCA
TAGGTTGTCGAATCGGGCTTTTCACTGTGCAACCGGTTGTGGCAAAGTGATTCGGACCGAGGTCCAATAGCA
TATGCTGTTCCTGACCCCGTTGTTTTGATTGGCTCAGGGGATTCCAGTCGGGAATTTATCTTAGACACGCGT
TATGCTGTTCCTGACCCCGTTGTTTTGATTGGCTCAGGGGATTCCAGTCGGGAATTTATCTTAGACACGCGT
TATTGCGTGCAGAGCTACGCTCTCCCGATCACGACTCTCACCCGGTATCTTATTCACAAGTAAAGCATCGTCAGTAGTCCAAAAGGTTTTTGCTGTAGCTTACCATAGACGCCCCCTGCTTTTCTTAGTGTTTTCCCTGAG
TCAATGATACTTCGTACGGTAATCAGTACGGATACCATGTGGTGCCTGGCTCGTGCTACGCCTAGTGTGTAT
TCAATGATACTTCGTACGGTAATCAGTACGGATACCATGTGGTGCCTGGCTCGTGCTACGCCTAGTGTGTAT
TCACATGTAAGTGCTGCCTGGCTGCTGAGATAAACAGTATACGTGTGATCCTCTAGATAGACAATTCTTAAT
TCACATGTAAGTGCTGCCTGGCTGCTGAGATAAACAGTATACGTGTGATCCTCTAGATAGACAATTCTTAAT
TCAGTAGTCCAAAAGGTTTTTGCTGTAGCTTACCATAGACGCCCCCTGCTTTTCTTAGTGTTTTCCCTGAGG
TCAGTAGTCCAAAAGGTTTTTGCTGTAGCTTACCATAGACGCCCCCTGCTTTTCTTAGTGTTTTCCCTGAGG
TCATCTAAGGTTCACCAACTACGATTGTCATTCAAAACGTAGCGCGCACTCCGTGTCACGGCGCAATTAGGGACAGAAGTTTCGACCATGTGATCAAAACGGACCTTATTGGCCCAGTATGAACATTACCGCTTCTAACA
TCCAGGTCTGGCTATCGCCGTCTTACATAAATCCGCGGAACTAACGGCCTCACTAACTGTCAGGAGGCAAGTAAGCCGCGATGGGTGAACTTGCGTACAGGGCTCTCGCCTCTCATACACTCGGCAAGGGTGGCCAGGGGA
TCCTAGCCCAAATATTCACTGAATCATCAAAACCCAACGCTGGACTTCGTTTTGCAACTTGTCATGTTTTGTGACTTCCGGTCGAGCGCGCTTCGCCGTGTCTCCAACTCTAGGATTGTCTTTGTCCTATGGACCGAAAGTG
TCGCAGAGCTACACCCCTGTACTACAGTCGCGAATCAAAAGAGCAGCTGTTTGATCTATACAGCCAGGCGCCTGATGAGTCCAATGAAGTGTCCCTAGAGAATTATATTTCGGGGGACGTGCGGAAGTGGCCTCCGAC
TCGCCCGCGGAGCTTCTGGTAGAGTCGCAATGTTGTCCTGTAGCCCACCTCTCTGTTTAAGGAAGGGCAACG
TCGCCCGCGGAGCTTCTGGTAGAGTCGCAATGTTGTCCTGTAGCCCACCTCTCTGTTTAAGGAAGGGCAACG
TCGTCTTGCAGAGCATATCCGATCCGCAGGGATACGTCGGCGCGGATAGGTGTTTCGCAAAAGACATGTGTATGCTGTTCCTGACCCCGTTGTTTTGATTGGCTCAGGGGATTCCAGTCGGGAATTTATCTTAGACACGC
TCTCTTCGCCTACGGACCTCACACTAAATAGCCGGGGCGGGCCATAATCGTCACAAGATGCGAGCCTCTCGC
TCTCTTCGCCTACGGACCTCACACTAAATAGCCGGGGCGGGCCATAATCGTCACAAGATGCGAGCCTCTCGC
TCTGCAGCGTAGTACGTTGCAACGATCCGCGACGTTGACACTACTGCATGGCAGATTACGCCCAAACGCTTC
TCTGCAGCGTAGTACGTTGCAACGATCCGCGACGTTGACACTACTGCATGGCAGATTACGCCCAAACGCTTC
TCTGCTGATAGCATTGAGTGACCTGCTTGCAATCTGCACGCCGTACGGTGCTGAGGATACGCCGCCAGCTAC
TCTGCTGATAGCATTGAGTGACCTGCTTGCAATCTGCACGCCGTACGGTGCTGAGGATACGCCGCCAGCTAC
TGACTAGGCTGATGTTTTTCATCGGAGACGCGTCTGTCAGGCATGATTGACATTTTACTGCCTCCGTTGGCT
TGACTAGGCTGATGTTTTTCATCGGAGACGCGTCTGTCAGGCATGATTGACATTTTACTGCCTCCGTTGGCT
TGACTTCCGGTCGAGCGCGCTTCGCCGTGTCTCCAACTCTAGGATTGTCTTTGTCCTATGGACCGAAAGTGC
TGACTTCCGGTCGAGCGCGCTTCGCCGTGTCTCCAACTCTAGGATTGTCTTTGTCCTATGGACCGAAAGTGC
TGCTGTTCCTGACCCCGTTGTTTTGATTGGCTCAGGGGATTCCAGTCGGGAATTTATCTTAGACACGCGTTC
TGCTGTTCCTGACCCCGTTGTTTTGATTGGCTCAGGGGATTCCAGTCGGGAATTTATCTTAGACACGCGTTC
TGCTTTACATAGTTACCCCCTGTAGAATTGCTACAAGATGCCGATAGAACTTACACCGTGTGGCCTGTCAGG
TGCTTTACATAGTTACCCCCTGTAGAATTGCTACAAGATGCCGATAGAACTTACACCGTGTGGCCTGTCAGG
TGGACATGGACTTCGTAAGCTATTTATGCTCGTGCGCTCCAGCATGTCGATTGGAGCGAAACCTGAGCGAGA
TGGACATGGACTTCGTAAGCTATTTATGCTCGTGCGCTCCAGCATGTCGATTGGAGCGAAACCTGAGCGAGA
TGGCTCGCAGAGCTACACCCCTGTACTACAGTCGCGAATCAAAAGAGCAGCTGTTTGATCTATACAGCCAGG
TGGCTCGCAGAGCTACACCCCTGTACTACAGTCGCGAATCAAAAGAGCAGCTGTTTGATCTATACAGCCAGG
TTAAAGGCGCTAGCCTATTGGTAGCACTTGACGGTCCAAGAGTCTAAGGTAGTTCATTAAAGATTGACGCTA
TTAAAGGCGCTAGCCTATTGGTAGCACTTGACGGTCCAAGAGTCTAAGGTAGTTCATTAAAGATTGACGCTA
TTACATAGTTACCCCCTGTAGAATTGCTACAAGATGCCGATAGAACTTACACCGTGTGGCCTGTCAGGATTAAAGGCGCTAGCCTATTGGTAGCACTTGACGGTCCAAGAGTCTAAGGTAGTTCATTAAAGATTGACGC
TTCCTAGCCCAAATATTCACTGAATCATCAAAACCCAACGCTGGACTTCGTTTTGCAACTTGTCATGTTTTG
TTCCTAGCCCAAATATTCACTGAATCATCAAAACCCAACGCTGGACTTCGTTTTGCAACTTGTCATGTTTTG
TTCTGCAGCGTAGTACGTTGCAACGATCCGCGACGTTGACACTACTGCATGGCAGATTACGCCCAAACGCTT
TTCTGCAGCGTAGTACGTTGCAACGATCCGCGACGTTGACACTACTGCATGGCAGATTACGCCCAAACGCTT
TTCTGCTGATAGCATTGAGTGACCTGCTTGCAATCTGCACGCCGTACGGTGCTGAGGATACGCCGCCAGCTA
TTCTGCTGATAGCATTGAGTGACCTGCTTGCAATCTGCACGCCGTACGGTGCTGAGGATACGCCGCCAGCTA
TTGAACTAGGGTTATCCATCTTACTCGAACGGCCAGATAAGTTCGGGAATTTTCGATTCAGATTAAACGCTTACCGGTACAATAGTCAACTCTTGGACTCAAGCCTCGTCACGCCCTTGCACACCCTCAGGCCCCGAGAGAC
TTGTCGAATCGGGCTTTTCACTGTGCAACCGGTTGTGGCAAAGTGATTCGGACCGAGGTCCAATAGCAAACGATCACGATGGTATAAACCCCAGCGGACGCCGGGGCAAGAGAAATCCACGAATTTATGGGAATTTAT
TTTACATAGTTACCCCCTGTAGAATTGCTACAAGATGCCGATAGAACTTACACCGTGTGGCCTGTCAGGATT
TTTACATAGTTACCCCCTGTAGAATTGCTACAAGATGCCGATAGAACTTACACCGTGTGGCCTGTCAGGATT
