MTEPIRPHL
ML
MV
MRTCIN
MY
MWLGAPFVHISTYDRSVLTTVAVQFSTQPLCNTVTDVLKEFLVSLVATSDTKNSFKT
MTGACLLLSPCNSQLSHYVTP
M
MS
MTLLMGEKPPTKA
MGEKPPTKA
MGTAG
MPRTLL
MVSISVAWSSVKLESAPDTYVRLFSKEGVGCEQYPNTNR
MIQ
MSCL
MQVGF
MA
MAPFRVCS
MIQRQDIV
MIPVTY
MCQVRTLASH
MRQK
MFRKLPLFSPKAGYEAFYAPLVSVITLDIENAAGLPIRLPSCSHLTMLS
MRRWLA
MLS
MYKRSAQPHQLIHVRIEAIPFPSVI
MYASKLYHSPP
MPR
MPLE
MCRGPGTYRQTRSTG
