ACTGCCACCCGGCTT
GCATTAACCTTGAGT
GCAGCCACCTTGTCG
GCAGCATGCTTGAGT
ATAGCCACCTTGAGA
GCAGCCACCTTAGTT
GCAGAGCCCTTGAGT
GCAGAAGCCTTGAGT
GCAGCCGGTTTGAGT
GCAGCCACCTCTCGT
GCAGCCAGTATGAGT
CGCGCCACCTTGAGT
GCAGCGTACTTGAGT
GCAGCCGTATTGAGT
GCTTTCACCTTGAGT
GTCTCCACCTTGAGT
CCAGCCACCTTGATA
GCAGCCACCGACAGT
GCACATACCTTGAGT
GCAGCCACGACGAGT
