18587
>Scincus_rubida
TCCTAAACTGCTTGTT-ATGGATTTGTGGTGCGTAATAGAAGAGCCGGCGACGCTAGCGGATGACGTCCG-TAATACCGCCTTCCGGATCTGCAATGAA-GCAT-GCACATTCCT--TCTGAGACTTTTGCCGTAC--CGGTATGGAGCGGTC-GCATATACAGCCCTCTTTGTCTGTACTAGACCT-GTT-TT-GGTAACGATACGATGTCCCGCCTCTGGAGCCCGAAAGAGACATTCATTCTC-CGCGGTTTCCGTTGGC-T-
>Thamnophis_leucomystax
TCCTAAACTGCTTGTT-ACGGTTTTATGGTGCGTAAAAGAAGCGCCAGCAACTCTCTCGAATGACCTCCG-TAGTACCGCCTTCAGGACATGCGATGAA-GCAT-GCACATACCT--TCTAAGACTTTTGTCGTCC--CGGTATGGAACGGTCGGCATATAGAGCGCTCAGTGTCTGTATTGGACATCGTT-TT-GGTAACGATACGAGGTCCCGCCTTTGGAG-CCGAAAGAGATATTGATTCGC-CGCGGTTTCAGCTGGCAT-
>Phyllopneuste_means
TTCAAGA--T-TAGCTC-CTGTTTTATGGCGTGTGGAGGTAGCACCAGCACCTATCTAGAAGGACCTCCC-AGGGACCG-CACTAGGACATCCGCGGAA-TCTG-TCACACACGTTTTG-GGGGCCAGCGAG-GCTG-CCGTATGGCACCGTTTGCGCCTAGAGCGCTGAGTGACTGTATACTACAAGG-T-TTGGGTAGCG-GA-AAACGATCGACTTTGAT--CCCATGC--CTATCGAGTCGC-CGGAGTTTCAGATCGCAAT
>Megaloperdix_teniotis
TTCAAGA--T-TACCTC-CTGTTCTTTGGCCTGTGGAGGCATCACCAGCACCTATCTAGAAAGACCTACC-AGGGACCG-GAATAGGCCATCCACGGAA-TCTG-ACTCACACGTGTTG-GGTGCCAGCGAT-GCTG-ACGGATGGCACCTTTTTCGCCTACATCGCTCAGTGACTGTATCCTAGAAGG-T-TTGGGTAGCG-GA-AATCGATCGACT-TTAT--CCCAGGC--CCATCGAGTCGC-A-GAGTTTCAGATCGCAAC
>Porphyrio_mycterizans
TTCAAGA--T-TAGTTC-CTGTTTTATGGCGTGTGGAGGAAGCACCAGCACCTATCTAGAAGGACCTCCC-AGGGACCGCCATTAGGACACCCGCGGAA-TCAG-TCACACACCTTTTGTAGGACTTGCGTG-TCTG-CCGTATGGCACGGT-TGCGCCTAGAGCGCTTAGTGACTGTATGCTACATCG-T-TTGCGTGGCG-GA-AAGCGATCGCCTTTGAT--CCCAATC--CTATTGAGTCGC-CGGAGTTTCAGCTGGCAA-
>Phrynosoma_odoratus
TTCAGGA--T-CAGTTC-CTGGTTGCTGCCGGGTGGAGGAAGCACCAGCACCTGTCTAGAAGGACCTCCATAGGTACCTC-ATG-GCACACCCGCG-TA-TCAG-TCACACAGCTCACGTAGGACTTTCGTA-TCTG-CGGTATGGTACGGT-TGCCCCTAGAACGCTTAGTGACTGTACG-TACATCG-TCTTGCCTGGCG-GATAAGAGATAGCCTGTGCT-TCG-AATCT-CTATTGAGCCGC-CGGTGTTTCAGCTGGCAA-
>Scincus_fissipes
TTCTAAA--T-TAGTTCACTGTTTTATGGCGCGTGGAGGAAGCACCAGCAACTCTCTAGAAGGACCTCCG-TGGGACCGCCTTTAGGACACCCGAGGAA-GCAT-TCACACACCT--TCTAGGACTTGCGTC-TCCG-CCGTATGGAACGGT-GGCATCTAGAGCGCTTAGTGTCTGTATGGGACATCGTT-TTGCGTGGCGATA-AAGGTACCGCCTTTGAT--CCCAATGAGCTATTGAGTCGC-CGCAGTTTCAGCTGGCAT-
>Xenophrys_gregaria
TCCTATACTGCTTGTTGACGGTTTTATGGTGCCTAAAAGAATCGCCATCAACTCTCTCGAACTCCCTCCG-TAGT-CCGCCTTCAGGACATGCGATGAA-GCATGGAACATACCTGGGCTAAAACTTTTGTCGTCCCGCGGTATGCAACGGTTGACATATAGATCGCTCAGTCTCTGGATTGGACAGCGTT-TT-GGTATTGATACGAGGACACGCCCTTGGAG-CAGTAAGAGATATGGTTTCGCACGCGGTTTCAGCTGCCAT-
>Meles_colubrinus
T-CTAG-CT-GCTCTCTCATGTTTTTCAG-GCCTTATAGTTTGGCCATCAACTCTCACGCACTACTACTGAC-GT-CT-CTTTAACGACTTGTGA-C-A-ACCTGGAAACTAAGTGGGTTCCAATTGGTGCCATCAAGAGGAGAGCTACCTTTTACGTGCAGATTGCGCGGG-TTATGCCTGGGCAGCTCT-AGCGGTATTTACGTAAAGACAGGCAC-ATTAG-CAGATCTGCACGTGGTTTTGTAAGGTTTTAACGCTCCCAT-
>Sphenops_ibis
T-CTAGCCT-GCTCTCGAAGCTTTTTCGG-GCCTTAAAGATTGGCCATCAACTCTCACGCACTACTTCTGACGTT-CT-CTTTAACGACATGTGA-C-A-ACATGGAACCTAAGTGGGTTACAATTTTTGTCATCAAGAGGCGCGCTACCTTTTACGTGCAGATCGCGCGGG-TCATCCTTGGGCAGCTCT-AGCGGTATTTACGTAAAGACAGGCAC-ATTAG-CAGATCGGCACGTGGTTTTGTAAGATTTTACGGCTCCCAT-
>Himantopus_miliaris
TTCCAGCT-GGCTAACGACGCTTAT-ACGTGCCTAAAAGAATGGCCTTAAACTTTCACGCACTTATTC--ACGTTGCA-C-ATACCGACCATTGG-C-A-ACATAGAACCTAAAGGGGTTACAATTTTAGTCCTAATATGGCGCG-TACGGTTTC-CT-AAGATCTAGCAGG-TCACCCTTGTGCAGCTCGGGGCGGCATTTCGGCCACGATAGGTGC-TTTAGAGGGAACGCG-CGAGGTG-CCT-AGATATTTTTGCTCCCTG-
>Fuligula_exquisita
TTACAGAT-GGCAAACGACGCTTATGTCGTGCCTAAATGAATGGCCTTAAACTTTCTTGCCCTTATTACGACGTT-CATCGATACCG-C-ATTGG-A-A-ACCTAGAACACAAAGGTGTTACAATTTTCGTCTTTATATGTTGCG-TACCCATTC-CT-AATATCTAACAGC-ACACCCTTGTGCTGCTCGGGGCAGCATGTCGGCTACGATAGGTGCCTGT-GAGGGAACGCGTCGAGGTGCCCT-AGATATTTTTGCTC-CGG-
>Megophrys_xanthocheilus
TTCCAGCT--GCTCACGACGCTTTTTCGGTGCCTAAAAGATTGGCCTTCAACTTTCACGCACTTATTC--ACGTTGCT-CTTTACCGACAAGTGG-C-A-ACATAGAACCTAAATGGGTTACAATTTTAGTCATCATGAGGCGCG-TACGTTTTA-CTGCAGATCGAGCAGG-TCACCCTTGTGCAGCTCG-GGCGGTATTTCCGCAAAGACAGGTAC-TTTAGAGGGATCGGGACGTGGTTTTCT-AGATTTTTCGGCTCCCTG-
>Synthliboramphus_rufodorsata
TCCTAGCCT-CCTCTCGAAGCTTTTTCGG-GCCTTAAAGATTCGCCATCAACTCTCTCGAACTCCCTCTGCCGTT-CT-CTTTAACGACATGTGATC-A-ACATGGAACATAAGTGGGTTAAAATTTTTGTCATCACGCGGCGCGCTACCGTTGACGTGCAGATCGCTCGGG-TCATCCTTGGGCAGCTCT-AGCGGTATTTACGTAAAGACACGCAC-ATTAG-CAGTTGGGCACGTGGTTTCGTAAGATGTTACGGCTGCCAT-
>Equus_aureola
GCCTACCTGTCGTAAT-TGG-ACTTTAGA-GC-GCCAACACACCCCTT-CGCTCCCGGGACGAACGCCCGGCGTGTC--CTTGTTTGGTGTGT-AT-TCTCCCTTCAACTACA-TGGGAGAAAGTCTTT-GTATTTTGCGGCGTGACATCATCTGC-AGCA--C-GTTC-CG-ACAAACTAAATCGGGCCG-ATCGGTCTATCTGTTGAAC-ACGGATTCT-T--GCTTATCGACTCT--GTCCGCTA-AACTTCCCCCTGACAT-
>Fulica_anatina
GCCTACCAGTCGTAAC-TGG-ACTTTAGA-GCTGCCACCAAACCCCTT-CGCTCCCTGGATGAACCCCCGGCGTGTC--CTTGTTTGGT-TGT-AT-TCTCCCTTCAAGCTCA-TGGGAGAAAATTTTT-GTATTTTGCGGCGTGACATCATCTGC-AGCAG-C-GTTC-CG-ACAAACTAAATCGGGCCG-ATCGGAATATCTGTTCAAC-ACGGATTCT-T--GGTTTTGGACCCG--TTCCGCTA-AACTTCCCCCTG-CAT-
>Opheodrys_pygmeus
TCCTAGCAGTCCTAAC-TGG-TCTTTAGA-GCTGCCACGAAACCCCTT-CGCTCCCTGGATGAACCCCAGGCGTTTC-GCTTGATTGGT-TGT-AT-TCTTCCTGCAAGCTCA-TGGGTGAAAATTTTT-GTATTTCGCGGCGCGACATCATTGAC-AGCAG---GTTC-CG-ACAACCTAAGTCGGGACT-ATAGGAATATCTGTTCAAC-ACGGACTCT-T--GGGTTTGGCCCCG--TTCCGCTA-AAGTTCCCCCTG-CAT-
>Rhynchophis_maritimus
TCCTAGCCCTCCTCAC-GAG-TTGTTAGA-GCCTTAACGAAACTCCATCCGCTCCCTGGATGACCCCCAGCCGTT-CTGCTTGATTGATATGT-AT-TCTTCCTGCAACATCA-TGGGTGAAAATTTTTATTATTTCGCGGCGCGACATCATTGAC-AGCAG--CGTTCTCG-AG-ACCTAAGTCGGCA-T-ATAGGTATTTCTGTTCAAC-ACGGACTCTCT--GAGTTGGGCCCCT--TTCCGCTA-ATGTTCCCCCTG-CAT-
>Opheodrys_anatina
TCATAGCCCTGATCA--GAG-GTGTAAGATCCCTTAACGAAGCTCCAACCGCTCCCTGGA-GCCCCCCAGCCGAT-CTGCTTGATAGATATGT-AT-TCTTCGTATA-CATCA-TGGGTGAAACTTTTTATGATCT-CCGGCGCGACATCATTGACT-GCAG--CGTTCTAG-CG-ACCTTAGTCGGCG-T-ATAGGTTTTTCTGTTCAAG-ACGGCCTCTC---GAGTTGGGCCCCT--TTCCGCTA-ATGTGCACCCTGGAAT-
>Sphenops_azureus
TCCTAGCCC-CCTCTC-GAGCTTGTTCGA-GCCTTAACGAAACTCCATCCGCTCCCTGGAAGTCCCCCAGCCGTT-CT-CTTGATTGACATGT-ATCTATTCATGCAACATCA-TGGGTGAAAATTTTTATCATTTCGCGGCGCGCCACCGTTGAC-TGCAGATCGCTCTGG-TG-ACCTAGGTCGGCA-T-ATCGGTATTTACGTTCAAC-ACGGACTATCAG-CAGTTGGGCCCGT--TTTCGTAAGATGTTACGCCTG-CAT-
>Petrocincla_caudatus
T-CTATACC-CTTCTC-GAGAGTG-TCCA-GCTATC-CCAGCTGCCAAACGCTCC-TTTAATTCGCCCACCTG-TACT-CTTGCTGCCCATGATAGCGCTCCAG-CAATATCA-AGG-TAAAA-GATGTATC-ATGCATGG-GCCCCACCGATGTT-TATAGATCGCTCTGG-TG-G-CTAGGTCGGC-TT-GCCGGTACGAACGCCCAAA-TTAGA-CATCAGAAAGTGGGTTACGCC-TCTACTACGACGTTGCAACTGACAG-
>Philacte_helena
TCCTATCCC-CTTCTC-GAGCCTGTTCGA-GCCATCACCAACTTCCAACCGCTCCCTTTAATTCGCCCACCTG-TACT-TTTGCTGCCCATGATAGCGATCCAG-CAATATCA-AGG-TAAAA-GATGTATC-ATGCATGG-GCCCCACCGTTGTT-TGTAGATCGCTCTGG-TG-A-CTAGGTCGGCA-T-GCCGGTACGGACGCTCAAA-TTAGACCATCAG-AAGTGGGTTACGC--TCTACTACGACGTTGCGACTGACAT-
>Ortigometra_doriae
TGCTATGAATCTACTC-GAACATTTAGGAGGCCATAACCGA-TTCCTACTACGCCCATTGTTTCCACGACCTG-TACG-TGGTCTGGCACTAATAGTGATGTAG-CAATGT-ATAGG-TAGAACGATGT-GG-TTAGATGG-GGCCCACTATA-TGTTGTTGATAGGACCGT-TC-A-GTAGGTTGGGACT-A-TGGTGGGGTCGCTCAAC-TCAGGCTATAAG-AACA-CATGTCGC--TTTACTAC--CGGGGC-AATTACT--
>Lyrurus_rostratus
TGCTA-GATTCTACTCGGAAC-TTTGGGAGGCCATCCCCGT-TTCCTACGTCGCCCATTGTTTCCACGACCTG-TACG-TGGCCTCGCACTAATAATT-TGTAG-CAATGT-ATAGG-TATAACGATG-TGGATTCGATCC-GGCCAACTATC-TGCTGTCGATAG-ACCG--TC-A-GTTGGTTTGTACT-A-TCGTGAGGTCTGTCAAG-TCAGGCTATAAG-AA-A-CATACGGCG-TTAACCAG--CTGGTT-AATTACT--
>Ovis_alpinus
TCCTATGCATCTACTC-GAACCTTTAGGAGGCCATAACCGA-TTCCTACTACTCCCATTGTTTC-ACGACCTG-TACT-TGTTCTGCCCCTAATAGTGATGTAG-CAATAT-ATAGG-TAAAA-GATGTAGG-ATACATGG-GCCCCACCATAGTG-TGTAGATAGGACCGG-TC-A-CTAGGTTGGGA-T-A-TGGTGCGGGCGCTCAAC-TCAGGCTATAAG-AACAGGGTGTCGC--TCTACTAC--CGGGGC-ACTGACTT-
>Ortigometra_atthis
TCCCATGCATCTACTC-GATCCTA-ATCAGCCCACAA-CTA-TTACTACTAGTCTCATTGTTTC--CGACCTG-TCCT-T-TTCTGCCCCTAATAGTGATGTAG-CAATAT-ATAGG-AAAAA-GATGTACC-ATAC-TGTCGCCCCTCCATAGTG-TGTAGATAGGG-CGG-CTTA-CAAGGTTGTGA-T-A-TGGTGCGGGCGCTCAA--TCAGGCTAT-AG-AACAGGGTGTCGC--TCCACT-C-CCAGTGC-ACTG-CTTT
>Balaenoptera_tetrax
TTCGATGCATCTACAC-GATACAC-ATCGTCCCAAGAGAAA-TG-TC-CTAGACTCATCCTTTT--CAACCTG-CCCTATAACAGGCACCTAATAGCGCCGTAGC-TGTAA-ATTGAGAAAAA-TAAGAA-TCATAC-TATCGCCCCTCCATGGTG--GGAGATAGGGTCGT-GTGA-CACCGTTG-GC-A-A-TTCTGCGGGCGCTGACC--AAGGATAT-AG-TAGAGGGA-T-GGCATCCACTTCG-CGGT-C-TCTG-GGTT
>Desnana_taezanowskyi
TTCGATGCATCTACAC-GATCCTC-ATCATCCCAAAAGAAA-TT-TC-CTAGACTCATTGTTTC--CAACCTG-TCCT-TAATAGGCACCTAATAGTGACGTAGCCAGTAT-ATAGGGAAAAA-TAAGAA-T-ATAC-TATCGCCCCTCCATAGTG--GGAGATAGGGTCGG-CTGA-CACGGTTG-GA-A-A-TTCTGCGGGCGCTGAC---AAGGCTAT-AG-AAGAGGGA-T-GGC-TCCACTTC-CCAGTGC-ACTG-CGTT
>Perdix_tatarica
TCCTATCCATCTACTC-GAACCTTTTCGA-GCCATCACCGACTTCCTACCACTCCCATTGTTTC-ACGACCTG-TACT-TTTTCTGCCCCTGATAGTGATCCAG-CAATATCA-AGG-TAAAA-GATGTAGG-ATACATGG-GCCCCACCGTAGTG-TGTAGATAGCACTGG-TC-A-CTAGGTCGGGA-T-GCCGGTGCGGGCGCTCAAA-TTAGGCTATCAG-AAGAGGGTTACGC--TCTACTACGACGGGGCGACTGACAT-
>Hyla_exanthematicus
CCCTCACCATCTCCTC-GTACCTTTTCGA-GCCATCTCATTCATCGCCCCACTCCC-TTGTCTC-GCGACCCGGAACCCGTTTG-GCCCCTGA-TGACAGCCAG-CTATATC--AGG-TGAAT-GATCT-GGGATTCATTG-GTCCACCCGTGGTG-TCTAGTAAGCACTGG-TC-A-CTAGGTCGGGATTCGCCGTCGCGGGC-CCCG-AGGT-CGCTATCAG-GAGAGGGCTACGT--CCTATTACGACGCGCTGACAGACAT-
>Otis_guttata
CCCTCACCATCTACTC-GAACCTTTTCGA-GCCATCACAGACTTCGTCCCACTCCCATTGTTTC-GCGACCTG-AACC-GTTTG-GCCCCTGA-TGAGAGCCAG-CTATATC--AGG-TGAAA-GATGTAGGGATACATTG-GTCCAACCGTAGTG-TGTAGTAAGCACTGG-TC-A-CTAGGTCGGGA-TCGCCGTCGCGGGCGCTCAAA-GT-CGCTATCAG-GAGAGGGTTACGT--TCTACTACGACGCGCTGACAGACAT-
>Rhynchophis_dubia
TCCTATCCC-CCTCTC-GAGCCTGTTCGA-GCCTTAACGAAACTCCATCCGCTCCCTGTAATTCCCCCACCTGTT-CT-TTTGCTTCCCATGATAGCGATTCATGCAATATCA-AGG-TAAAA-TATGTATCAATGCGTGGCGCGCCACCGTTGAC-TGCAGATCGCTCTGG-TG-ACCTAGGTCGGCA-T-GTCGGTATGGACGTTCAAC-TCAGACCATCAG-CAGTGGGTCCCGT--TTTACTACGACGTTACGACTGACAT-
>Philacte_carbo
TCATAC-CC-CCTCTC-GCCTCTGTTCGTAGCCTTAAGGA-ACTCCATCCGATCCATGTAA-TCCCCCACCTGTT-CT-TTACCTTCCCATGATAACGATTCATGGAATATCA---GTAAAAA-TATGTGTCAATGCGTGGCGCGCCACCGTT-AC-TGCAAACTGCTCTTG-TG-ACCTAGGTCGGCGATATTCGGTATGGACGTTCACC-TCAGACCATGCG-CAGTAGGTCCCGTT-TTTACTACGACATTACGACTGACATT
>Paraphysa_hirundo
TCTTAC-CA-CCTCTC-GCCTCTCGTCGTAGCTTTAAGGA-ACTCCATCC-ATCCATGTAA-TCCCCCACCTGTT-AT-TTGCCATCCAATAAAAA-GATTC-TGGAATATCA-C-GTAAAAA-TATGTGTCAATGCGTGGCGCGCCACCCTG-AAGAGCAAACTACTCTTG-TG-ACCTATGTCGGCTATATTCTGTATGGACGTTCCCC-TAAGACCATGCA-CAGCATGCCGCGTT-TTTCTTACGACATCATGACTGA-ATT
>Tetraogallus_politus
TCCTATCCTGCCTGTTGACGCTTTTTTGGTGCCTTAAAGATTCGCCATCAACTCTCTCGAACTCCCTCTGCTAGT-CTGCCTTAACGACATGTGATG-A-ACATGGAACATAACTGGGCTAAAACTTTTGTCGTCACGCGGTGTGCAACGGTTGACATGCAGATCGCTCGGGCTCTGGCTTGGACAGCTTT-AGCGGTATTTACACGAGGACACGCCC-ATTAG-CAGTAGGACATGTGGTTTCGCACGATGTTACGGCTGCCAT-
>Hemiscorpius_leucorodia
TGATGT-C-TCCATCGTACA--TTTGTGGTA-TTCAAGATTAC-AC-TAAAT-CTCGCCCACGCCTTATCCTAGA-ATGCCTTAGCGGTGTGTGTTGCA-ACTGGTGCAAG-ACTTGGCTAA--CCCATGTCCTC-ATCGGTGTTAAAGTGTT-GCTGGCACGTT-CTTGAGC-CTCGTTTGGACAGATTT-CGCCGTATTCATACGTCGACGCGTCG-GATG-CCATTCGAACTTGTAGGTTGGCA-GACGATCTGGC-ACGATG
>Enhydra_apus
TGATGT-C-TCCCTAATACA--TTTGCGGTA-TTCAAGATTAC-ACCTAAAG-ATCGCCGACGCGTTATTGTAGAGATGCCTTAGCGGTGTGTTTTGCA-ACTCGTGCAAG-ACTTGGCTAA-TCCCATGTCCTC-ATCTGTGATACAGTGTTAGCTGGCACGTT-CATGAGCACTCGATTGGACTGGTTT-C-CCGTATACATCAATTGACGCGACG-GAGG-CCATTCCAACTTGTAGGATGGCA-GACGATTTGGCCACGATC
>Sphenurus_venulosa
TCCTGT-C-TCCTGTTTACA--TTTGTGGTA-TTCAAGATT-C-AC-TAAA--C-CGCCCACGCCTTATCCTAGA-ATGCCTTAGCGGTGTGTGTTGCA-ACAGCTGCCAG-ACTTGGCTAA-ACCCATGTCGTCAAACGGTGTTAAAGGGTTGACTGGCTCATT-CTCGGGCCCTGGTTTGGACAGATTC-CGCCGTATTCACACGAGGACGCGCCG-GATG-CCATTAGGACTTGTGGGTTGGCA-GACGATCTGGC-GCGAT-
>Haliaetus_milii
TCCTC--C-TCCTGTTTACA--TTTGTGATC-TTC-AGATT-CAAC-TAAA--C-CGCCCGCGACTCTCCCTAGA-ATGCCTTA-CTGTTTATGTTGCA-GCAGCTGCCTG-GCTTGGATGG-ACCCATGTGGTGAGACGGAGTT-AAGGGTTGATTTGCTCATT-CTCGGGCCTTGTTTTGGACAAATCC-CGCCGTATTCACACGAGGAGGCGCCG-GATG-CAATGAGGACGTGTGAGTTGGCA-GACGATCTTGC-GCGAG-
>Synthliboramphus_musculus
TCCTGTCCTGCCTGTTGACA--TTTTTGGTA-CTCAAGAAT-C-AC-TAAA-TC-CTCGAACTCCCTATCCTAGT-ATGCCTTAACGATATGTGATG-A-ACATCTGACAGAACTTGGCTAA-ACTTATGTCGTCACACGGTGTTCAACGGTTGACAGGCTGATCGCTCGGGCCCTGGTTTGGACAGATTC-AGCGGTATTCACACGAGGACGCGCCC-GATGG-CATTAGGACATGTGGTTTGGCACGATGATATGGC-GCCAT-
>Sphenurus_holbrooki
TCCTGTCCTGGCTGTTGCCA--ATTTGGGTA-CTCACGAA--C-GC-TAAA-TC-CTAGAACTCCCTATACTTGT-TTTCCTTTACGATATGTCATG-A-A-ATCTGACAGAACATGCCTAA-CCTTATGTCGTTGCAC-GTGTTCAACGATTGACAGGCTGTTCGCTCGGGCCCTGGTTTGGACAGA-TCCAATGGTATGCACAGGAGGA-GCGCTC-GATGG-CATTAGGACATGTGGTTT-GCACGATGATATAGC-GCCAT-
>Ctenotus_gregaria
TCCTGTCGTGGCTG-TGCTA--ATTAGGGTA-CTCACGAA--C-GT-TGAA-TC-CTTGAACTCCATATACTTGT-TTTCCGCCATAA-ATGTTATG-A-A-ATATGACAGAACATGTCTCA-CCGTATGTCGTTGCAC-GAGTTCACCGCATTACAGGATGTTCGCACGGACTCTGGTCTAGATAGT-TCCTATGGTATGCATAGGAGGA--CGCTC-GATGG-CATTAGTACATGTGGTTT-GCAGGTTGTTAGAGC-GCCATG
>crecca_picta
TCCTTTACTAGTTATTGACGGTTTTATGGTGCCTAAAAGAATCGCCTTCACCTCTCTCGAACTCCCTCCG-TAGT-CCTCCTTCCGGACATGGAATGAA-GCAGGGAACAAACCTGGGCTAAAACTTTAGTCGTCCCGCGGACTGCAACGGTTGACCTATAGATCGCTCAGTCCCTGGATAGTACAGCGTT-TT-GGTATTGTTACGAGGACACACCCTTGGAG-CAGTCAGAGATATGGTTTGTCACGCGGCTTCAGCTGCCATC
>Tadarida_capreolus
TAATTTTCGAATTATTGACGGATTTCGTCTT-ATATACGTATTACCTCA-CGTCG-TGTA-CCGGCG-GGTTAGG-C-T-CAATCTGATGCCTAATGTT-T-CGTGAAG-T-CCTCGG-TTTCACTTCAGCAGTACCGC-GACTGCAACGGATGT-GT-TAGG-A-CTCACT-CCTCAATAGAACTGTGTCCT--GGGAGGGTAGCTGA-A-ACGTCGGTTACT-CATCCTGTCTAATGTCTTGACGCCA-GCTGCCCTTGCC-CG
>Kaloula_armata
TAATTTTCTAATTACTAAC-GATTTGATCTTGATA-ACGTATTGTCTCA-CGTCC-GGTA-CCCGAG-GTTTAGG-C-G-CGATCGGGTGCCTGATGCG-T-CAAG-ACAT-CCT-TG-TTTCACTTCATGGGCTCCGCTGACTAGACCGTATCATGT-TA-G--ACCCATG-TCTCAATACAACTGTGACATG-GTGCGGGCAGCCTA-T-AC-TCGCCTACTTCAGGCTG-CCTATGTCTTGACGCCGAGCTGCCCTAGCCGCG
>Selenocosmia_grandis
TAATTTTCGAATTACTAAC-GATTTGGTCTTGATATACGTATTACCTCA-CGTCG-GGTA-CCGGAG-GTTTAGG-C-T-CAATCGGGTGCCTAATGCG-T-CGTG-AG-T-CCTCTG-TTTCACTTCAGCGGTACCGCTGACTGCACCGTATGATGT-TA-G-AACCCACG-CCTCAATACAACTGTGTCCT--GTGCGGGCAGCTTA-A-ACGTCGGCTACT-CAGGCTGTCTTATGTCTTGACGCCGAGCTGCCCTAGCC-CG
>Kaloula_Anas
TGTTTT-CGAATGAGTAAC-AATTTGGTCTTGATATACTT-TTACGTGA-CGTCGCGGGA-CCGGAG-GTTTAGG-CGTCCAATTGGGTGGCTAATGGG-T-CGTA-AG-T-CCCCTGGTTTAGCTTTAGCG-TACC-TAGACTGCAGTGTATGATGT-TT-G-AATCCCCG-CCTCTATA-AACTGTGTCCT--GTGCTGG-AGCTTA-A-TCGAGGGCTACT-CAGACTATCTTGTGTCGTGAGGCCGAGCTTCCCTAGCC-CG
>Uroplatus_collaris
TACTTTTCCAGTTATTGACGGATTTCGTCTT-ATATACGTATTACCTCAACGTCG-TAGA-CTGGCT-CGTTAGG-C-TCCGATCTGACGCCTAATGTT-T-CGTGAAG-A-CCTCGGCTTTAACTTCAGCCGTACCGC-GACTGCAA-GG-TGCCGT-TAGGAA-CTCACT-CCGCAATAGAACTGCGTTCT--GGGAGGGTAGCTGA-A-ACATCGGTTACT-CACTCCGTGTAATGTGTTGTCGCCA-GCTGCCCTTGCC-CG
>Syrrhaptes_perdix
TACTTGTCCAGTTATTGAATGCTTTTGTCTTCGTATACGTTTCACCTCAACGTCGTTAGT-CTGGCT-CAGTAGG-C-TCAGATCCGACGATTAATGTT-TGTGTGAAA-AGCCTCGGCTTTAACTTCAGCCGTCCCGC-GACTGCAA-GG-TGCCCT-TAGGAA-CTCAC--CCGAAATGTAACTGCGTTCG-GG-GA-GGT-GCTGATA-ACACC-GTAAAT-CACTCCGTGTAATGTGTTATCGCTA-GCTCCGGTTG-C-CA
>Varanus_carbonaria
TCCTTTTCCAGTTATGGACGGATTTCGTCTG-ATAAACGAATTGCCTCCACTTCG-TAGA-CTGACT-CGTTAGG-CCTCCGATCTGACGCCGAATGTA-G-CGTGAAG-A-CCTGGGCGTTAGCGTCAGTCGT-CCGC-GACTGCAA-GG-TGCCGT-TAGAAA-CTCACT-CCGGGATAGAACTGCGTTCT--GGGAGGGTAACGAAGA-ACATCGTTTACT-CACTCCGTGTAATGCGTTGTCACCCGGCTGCACTTGCCCTC
>Lobipes_adspersus
CCCTCACCCACGTAGG-CCGGATT-CGTC-G-AT-AATAAAA-GACTCTTACTCGATGGACATTATTTCCATGGA-AGTCCGCACTGATGT-ACCTGTAGGCGGAAACACA-CCCGTGCGTTAACAACTATATG-CCGAGAGTGTGTT-AGTTGGCGT-T-G-AGGGACACA-CTCGTAGAA-ACGGGCTTTTTGGCGATAGTAAC-TACA-CCATCTCTGATCACACTTAAGGTGATTATTAGTCTCCCCATGGCAGT-GATCGC
>Parnassius_bimaculata
GCCTCACCCACGTAGG-CCGGATCTCGTC-G-AT-AAAAAAA-GACTCTTACTCGATGGGCCTAATTTCCATGGA-AGTCCGCACTGCCGT-A-CTGTAGGCGGAAACACA-CCCGTGCGTTAGC-ACTATACG-CCGAGAGCGTGTC-AGCTGCCGT-T-G-ATGGACACA-CTCGTAGAA-ACGGCCTTTTG-TCGATGGTAAC-TACA-CCATCTCTGATC-CACTCAGTGTGATTATTTGTC-CCCCATGGCAGT-GTTCGC
>Rhacophorus_africanus
GCCTCACCCACGTAGG-CCGGATCTCGTC-G-AT-AAAAAAA-GACTCCCACTCGATGGGCCTAATTTCGATGGATAGTCCGAACTGCCGT-A-CTGTA-GCGGAAACAAA-CCGGGGCGTTAGC-GCAATACG-CCGA-AGCCTGTC-GGC-GCCCT-T-GAATGGACACG-CTCGTAGAA-ACAGCGTTTTG-TCGAGGGTAAC-AAGA-CCATCTCTCATC-CACTCAGTGTGATTCT-TGTC-CCCCATGGCAGT-GTGCGC
>Pareas_guttata
GCTATACCCACGTC-G-CAGG-CCTAGTC-GAATCAAAAAAA-GACTCCCACTCGATGGCACTAATTTCGATGGATAGTTCGAACTGCCGT-AACTGGA-GCGTACACAAA-CTGGGGC-TTAGCGGCAATACG-C-GA-AGCCTGTC-GGC-GCCCT-T-GAATGTACACG-CTCGTAG-ATACAGCGTT--G-TCGGGGGTAAC-AAGA-CCATCTCTCCTC-CACTCACTGTGATCCC-TGTCCTCCCTTGGCAGT-GTGCGC
>Lagenorhynchus_battersbyi
ACTAAACGACCGTCAGGCAGG-TCTAG-CTGAATCAAGCAAACCACTTCCACTTTATGGCACTTGTTTCGATGG-TCGTTCGAAGT-CCGCTTACTGGA-GCGTACTGAAA-CTGGGCCACTAGTGGCAAT-AGCATCA-ATCATATT-GG--TCCCTCA-GCTTGAACCCG-CAGGTAGCATATAACGTT--AGTCGCGAGTAAGAAAGT-CCATCCCTTCTCTCACTCATGCTGCCCCC-TGTCCACTCCTGGC-GGAG-GCGC
>Pachytriton_bengkuluensis
ACTATACGACCGTCAGGCAGG-CCTAGTCTGAATCAAGAAAACGACTCCCACTTGATGGCACTAGTTTCGATGGATCGTTCGAAGT-CCGCTAACTGGA-GCGTACTGAAA-CTGGGGCACTAGTGGCAAT-CG-CTGA-ATCCTGTC-GG--TCCCTCA-GCATGAACCCG-CTGGTAGCATACAGCGTT--AGTCGCGAGTAACAAAGT-CCATCCCTCCTCTCACTCATTGTGACCCC-TGTCCACTCCTGGCAGGAGTGCGC
>Tupinambus_celeber
GCCTCACCCACGTAGG-CCGGATCTCGTCTG-ATAAAAAAAATGACTCCCACTCGATAGGCCTGA-TTCGTTGGTTCGTCCGAACTGGCGCCG-CTGTA-GCGGTAACAAACCCGGGGCGTTAGC-GCAATACT-CCGA-GGCCGGTC-GG--GCCCT-T-GAATGCACGCG-CTCGTAGAG-ACAGCGTTCTG-TCGAGGGTAAC-AAGG-CCATCTCTCACT-CACTCAGTGTGATTCT-TGCC-CCCCATGGCACGCGTGCTC
>Underwoodisaurus_tataricus
GCCTAACCCACTTAAGGCCGGATCTCGTCTG-ATAAAAAAAATGACTCCCCTTCGATAGGCCTGA-TTCGTTGGTTCGTCCGAACTGGCGCCGACTGTA-GCGGTGACTAACCCGGGGCGTTAGC-GCAATCCT-CCGA-GGCCGGTA-GG--GCCGT-T-GAATCCACGCG-CCGGGAGAG-ACAGCGTTCT--TGGAGGGTAACGAAGG-ACATCTCTCACT-CCCTCCGTGTGATTCTATGCC-CCCGATGGCACGCGTGCTC
>Glareola_gregaria
G-CTCA-CCGATTAGGGTTAGTCCCTGGCGTCAT--CTA-CTTGAATACCCTTCATTGAG-CTGA-TATATTGGCCT-TCAGGTCA-GGACCGTGGGTC-CGAGTGTCGACCTGAAGGAGATTCGAGTT-TCCTTAGAT-GGTCGGAA-GGAATCGTTGGCGAATCCTAGC--TCGACAAA--AC-TCCCTCA-TCAAACTC-ATCGCCGTAGCACGAAACAATATCTCCCG-CTAATGC-ATGACATTCAATAGTACGATGAC-C
>Philacte_pica
G-CTCA-CCGATTAGGGTTAGTCCCTGGCGT-AT--ATC-CAT-AATACCCTTCATTGAG-CTGA-TACATTGGCCT-TCCGGACA-GGACCGTGGGTC-CGAGTGACTACCTCGAGGAGATTGCAGTT-TCCTTAGAT-GGTCGGAA-GGAATCGTTGGCGAATCCAAGC--TCGACAAAA-AC-ACCCTCA-TCAAAGTC-ATCGC-GG-GCACGAAACAATATCCCCCG-CTAATGG-ATGACATCCAATAGTACGCTGAC-C
>Salmo_dolosus
GCCTGA-CCGATTAAGGTTAGTTCCTGGCGG-ATACAACACAT-AATACCCTTCATTAAGGCTGA-TACATTGGCCC-TCCGGACGGGGGCCGAGGGTC-GGAGGGACTACCCCGAGGAGATTGCAGTT-TCCTTACAT-GGTCGGTA-GGAATCGGTGGCGAATCCAGGC--CCGACAAAA-AC-ACCCTCA-TTAAAGTC-ATCGC-GG-GCACGAAACAATATCCCCCG-GTAATGG-ATGGCACCCGATAGTGCGCTTGC-C
>Testudo_dauricus
GCCTGA-CCGCTTAAGGTTAGATCTTGGCGG-ATACAACACAT-AATGCCCTTCATTAAGGCTGA-GACATTGGCTCATCCGGACGGGGGCCGAGGGTA-GGAGGGACTACCCCGGGGAGATTGCAGGT-TCCTTACAT--GTCGGTA-GGAATCCGTGG-GAATCCAGGC--CCGACCGAA-ACAACCCTCA-TTAGAGTC-ATCGA-GG-ACATGAAACAATATCCCCCC-GTAATGG-ATGGCACCCGATGGCGCGCTTGC-C
>Notophthalmus_bairdii
GTTCG-GCCGCCCACTCTCCGATCATCGCGGGATTCCC-GGAAGTG-TA-CTTCGACAG-CC-AA-TA-CTTCGTTA-TACGC-GGTAGGCTGAGCTTCG-TATGCATG-CCCC-GT-CCAATGGT-AG-AATGTACTGGGCTTGCTA-GTAA-CCCGGT--GCTCCGCTCTCCCC-C-G-AAATAGACGCTCCTTTGCGTGAAGCGA-CG-ACAGCTGCGATAAGCGCCCC--CTATCG-AAG-GACCTTGGGGCGAGCTAT-AA
>Nyctaalus_tetrix
GTTCG--CCGCCGACTCTCCGATATTCACGGGATACCC-GGAAGTGTTACCTTCGACA-GGC-AA-TA-CTTCGTTAATCCGCAGGTAGGGTGAGCTAAG-TATGTATG-CCCC-CTGCCAATGGT-CG-ACCTTACTG-GCTCGCTA-GTAA-CCCTGT-GGCTCCGGTCTCCCC-CCG-AACTAGACTTTCCTTTGCGTAAACCGA-CGTACAGTCGCGAATAGCGCCCC--CTATCG-ATT-GACCTTGGGGCGAGCTAGAAA
>Nipponia_cachinans
G-TCG--CCGCCGATTCTCCGATATTCACGGGATACCA-GGAAGCGTCACCTTTGACG-GGC--A-TA-TTG-GACAATCCGCAGATACGGTCAGATAAG-AATGTATG-CTCCAC-G-CGATGGG-CG-ACCTTACGG-GCACGCTA-GTAT---CTGT-GGCTCCCGTCTCCCC-ACG-AACGA-ACTTAC-TTCGCGTAAAC-GA-CGTACAGTCGCGAATAGCCCCCC--CTATCG-ATTAGTCCTTGCGGCGAG-TCGAAA
>Physignathus_coloratovillosum
GTTCG--CCGCCGACTGTCCGATATTCACGGGATACCC-GGAAGTGTTACCTTCGTCA-GGC-AA-TA-CTTGGTTCATC-GCAGGTAGGGCGAGCTAAG-TATGTATG-CCCCGCAGCCAATGCTGCT-ACCTTACAG-GGTCGCTA-GGAA-CCCTGA-GGCTCCGGTCTCCCCACCG-A-CTAGACTTCCCTTAGCGTAAACCGA-CGTACAGTCGCGAATATCGCCCC--TTATGG-ATT-GACCTTGGGGCGAGCTTGAAA
>Leptobrachium_breitensteini
GGTCT-CCC-CAGACCGTCC-TTATTCAACCGTTACGCTGAAATTGTCACCTTCGGCA-CGGTAAATA-CTTGGACCCTC-GCAGGAAGGGCGAGCCT-T--CTGGGTA-CACGGCAGCCAGAGCTGCT-AACCTACA--GGTCTCTA-GGAA-CGCTCATGGCT-CGGGCTCCCGACCG-A-CTGTACCTCGCTAAGCGTAAACCGA-CTTATACTCGCGGATAT-GCCCC--TTATGGAGTT-CACCTTGGTGG-AGATTGCGA
>Nyctaalus_nivicola
GTTCT--CC-CCGACCGTCC-TTATTCAACCGTTACGC-GAAATTGTTACCTTCGTCA-CGGTAA-TA-CTTGGTTCCTC-GCAGGAAGGGCGAGCCA-T--CTGTATA-CCCGGCAGCCAAAGCTGCT-ACCTTACAG-GGTCGCTA-GGAA-CCCTGATGGCT-CGGTCTCCCGACCG-A-CTAGACTTCGCTTAGCGTAAACCGA-CGTATAGTCGCGGATATCGCCCC--TTATGG-ATT-CACCTTGGGGGGAGCTTGAGA
>Leiurus_nasuta
GTTCA--CCAACGAACGTCCCGTG-TCGACGGTTACGC-GTAATTGTTTCTATATTTAACTA--A-AA-CTCGACTCCTG-GCA-GAGGGGAGAG-CA-T-GGGGTATC-CCC-GCTGCCGACGGTGGA--CCTTCCAG-GATCACTA-CGCACCCCTGAAGGTCAC-GTCACATGACCA-A-CTAGACTTCTGTTGGAGTATACCGA-GGTGAAGTCGACCCTATCGC-TC-ATTATGG-ATTCCATCATGGGGAAAGCTTGAAA
>Crotaphytus_flava
GTTCA--TCAACCAACGTC-ATTG-TC-TCGGTAA-GCTGCGATAG-TC-TAT-CATAACTA----AA-CTGTGGACGCC--CG-GAGGGGAGCG-CT-TGGGGCTATC-CTCAGCCGGCGATTATTGAG-CCTGCCAGAGAACTCTC--ACGCGCCTGTATGTCCG-GTCCTATGACCT-A-CC-GCCTTCTGTTGAGGCATACGTAAGTCGAAGT-GAC-CAACAGGATC-ACTAT-GGGTTCCA-ACTAGGGCAAGCATGAAA
>Hemitheconyx_sieboldii
GTTCA--TCAACCAACGTCCCTTG-TC-TCGGTAACGCTGCAATAGTTT-TATACTTAACTA--A-AA-CTGTAGTCCCG--CG-GAGGGGAGAG-CT-TGGGGGTATC-CTCAGCCGGCGATGATGGAG-CCTGCCAGAGAACACTC--ACACGCCTGAAGGTCCG-GTCCTATGACCT-A-CC-GACTTCTGTTGGGGTATACGGA-GTCGAAGT-GACCCAATCGG-TC-ACTATGG-GTTCCATAATGGGGCAAGCTTGAAA
>Lepidobatrachus_rutila
GTTCA--CC-ACGAACGTCCCGTATTCGACCGTTACGC-GAAATTGTTTCCATCGTTAACTATAA-TA-CTTGATTCCTG-GCAGGAGGGGCGAG-CA-T--GTGTATA-CCC-GCAGCCAACGCTGGA--CCTTACAG-GGTCGCTA-CGAACCCCTGATGGTC-C-GTCACACGACCG-A-CTAGACTTCTCTTGGCGTATACCGA-CGTATAGTCGCCGATATCGC-TC--TTATGG-ATTCCACCTTGGGGAGAGCTTGAGA
>Rhynchaspis_deserti
GTTCG--CCGCTGAATGTGCGATATTCACAGGATACAC-AGAT-TGTTCCCTTCGTTACGGC-AA-GA-ATTGGTTCATA-GGAGGTGGGCCGAGCTAAGGGAGGTATG-CCCCGCAGAGAATGCGGGT-ACCTTACAG--GTCGCTA-GGAATCCGTGA-GACTCCAGTCTCCCCACCG-A-ATAGGCTTCC-TTAGCGTTAACCGA-CG-ACATTGGCGAATATCCCCCC--TTATGGAATT-GACCTGGGGGCGAGCTTGAAA
>Phyllopneuste_pygmaeus
GAACG-ACCGCTGAATGTGCGATATTCACAGGATACAGAA-AT--GTTCCCTTCGTTACGTC-AA-GATATTGCTTTAGA-GGAGGTGGGCAGGGCTAAGGGAGGTATG-CCCCGCAGAGAATGCGGGT-ATCTTC-AT--GTCGCCA-TG-ATCCGTGA-GA-TCGAGGCTACCCCCCG-A-ACC-GTTTCC-TTAGCCTTAGCCGT-CG-AAATTGGCGCATCC-CCCCCA-TTATGGATTA-GGCCTGGGCGCTCGCTTGAAA
>Ovis_ladogensis
CAG-G--GCG-TAAAATAGAG-TACTC-TAGAGTG-TCAA-CG--GTTCTTGTTGATGTAGCAGA-GACTTGGGTTG-GGATGAGGAGA-TAGCA-TCCAGCAGAGACATATCCGCAGAAAAA-GG-CTGAT-TAGCAC--GCCGCTC-AA-CTCCATGGGGA-TTTTGCGCACCTTCGGAGGA-CTGTTATCATTAT-CTTTGCCAT-CA-AAATTGGGACATCGTGTAG-AGTGTTGGTTAACTGAGGGGGTGCCGGGTTGATC
>Pachydactylus_dione
GAA-G--CCG-TCAAAGAGCG-TACTCACAGAGTA-TCAA-CA--GTTCTTGTTGATGTGCC-GA-GACTTGGGTTG-GAATGAGGGGA-TAGCATTAAAGCAGAGACATATCCGCAGAAAAT-GG-CTGAT-TTGCAC--GCCGCTC-AA-CTCCATGGGGA-TCTTGCGGACCCGCGGAG-A-CTGT-ATCATTAT-CTTTGCCAT-CA-AAATTGGCACATCG-CCCG-AGTGTTGGTTAA--GAGGGGGTGCTGGGTTGATC
>Elseya_musculus
GT-GA--CCCTTCAGTGCGCG-TT-T-A-AGCACA-ATAA-TAGCTTAT-TGACGATT-GCA-TA-GACGTTGCTTCTG-AAGAGTGGA-TAGCGTTAAGCGTGAGTCTTTTT-CGACATATT-AGGCCTAT-GTGTCC--GCACCTC-GA-C-CCAAGTGAA-ACT-GCGTACCG-AGGTACG-CAGT-CTAAACGA-CTTTGCAAT-CTTAAATG-GC-AATAG-CCC--AG-GTTGGTTAA-GAAATCAGCAGTGGATTGATG
>Gypaetus_minutus
GAAGA--CCC-TCAGTGCGCG-T--T-A-AGAGCA-ACAA-TAGCGTTTTTGATGATG-GCA-GA-GACGTTGATTC-GAATGAGGGGA-TAGCGTTAAGCG-GAGTCTTTTCCCCAGATATT-GGTCCAAT-TTGTAC--GCA-CTC-GA-C-CCAAGTGAA-ACT-GCGGACCC-AGGTACG-CAGT-CTAAACGA-CTTTGCCAT-CAAAAATG-GCAAATAG-CCC--AGTGTTGGTTAA--AAGTCAGTAGTGG-TTGATG
>Ovis_anachoreta
GAA-A--CCC-TCAGAGAGCG-T--TCACAGAGCA-TCAA-CAG-GTTTTTGATGATG-GCC-GA-GACTTGGATTC-GAATGAGGGGA-TAGCATTAAGGG-GAGACTTTTCCGCAGATATT-GGTCTAAT-TTGCAC--GCC-CTC-GA-CTCCAAGGGGA-ACTTGCGGACCCGAGGAA-G-CAGT-ATCATCAA-CTTTGCCAT-CAAAAATG-GCACATAG-CCC--AGTGTTGGTTAA--GAGTCAGTGCTGG-TTGATG
>Parnassius_querquedula
GAA-G--CCG-TCAAAGAGCG-TATTCACAGAATA-TCAA-CA--GTTCCTTTAGTTGCGCC-GA-GACTTGGTTT-AGAATGAGGGGAGCAGCATTAAAGCAGAGACATCTCGGCAGAGAAT-GG-GT-ATCTTGTAC--GCCGCCC-AA-CTCCATGG-GA-TCTTGCGGACCCGCCG-G-A-CTGT-CCCATTAT-CTTTGCCAT-CA-AAATTGGCACATCC-CCCC-AGTTATGGTTAA--GAGGGGGTGCTGGGTTGAAC
>Oxyura_noctua
GGA-G--CCG-GGAAAGGGTCATAT-AACAGGATATTCAA-CA--ATAGCTTTAGTTCCGCC--AGGACTTTGTTT-AGAATGCGGTGAGCAGCCTTAAAGCACA-TCATCTCGGCAAAGAAT-GGCGT-ATCTTGTAA-TGCCGCCG-TA-CTCCATGG-GA-TCTTGCCGACCCGCCG-G-AACTCT-CCGTTTAT-CTTTGCCAT-CA-AAATTGGCCCATCCGCCCCTACTTATCGTCAA--GAGGGGCTGCTGGATTGAAC
>Pelodiscus_veredus
GAACG-ACCGCTCAATGAGCG-TATTCACAGAATACAGAA-CT--GTTCCTTTAGTTACGCC-AA-GATTTGGTTT-AGAATGAGGGGGGCAGCACTAAGGCAGAGATA-CTCGGCAGAGAATGGGGGT-ATCTTGTAT--GCCGCCA-AG-CTCCATGA-GA-TCTTGCGGACCCGCCG-A-A-C-GT-CCC-TTAGCCTTAGCCGT-CA-AAATTGGCGCATCC-CCCC-AGTTATGGTTAA-GGACTGGGTGCTCGCTTGAAC
>Parnassius_capreolus
TAACG-A-CGCTC-ATGAGCG-TATTCACAAAATACAGAA-GT--CTTACTTTAGTTACGCC-AA-GATTTGGTAT-AGAATTAGGGGGACAGCACTAGGGCAGCGATA-CGCGGCAGAGATTGGGGGT-ATCCGTTAT--GCAGCCA-AG-CTTCATGA-GTTGCTTGCGGACCCTCCG-ATG-T-ATACCC-TAAGCCTTAGACGCCTA-AAATTGGCGCATTC-CCCCGAGTTA-GGGTAA-GGACTGGGTGCTCGCTAGAA-
>Salamandra_onocrotalus
GCTTGA-CCGCTGAAGGTGAGATATTCGCAGGATACAA-AGAT-AATGCCCTTCGTTACGGC-GA-GA-ATTGGCTCATACGGAGGGGGGCCGAGCGAAGGGAGGGACGACCCCGGAGAGATTGCGGGT-ACCTTACAG--GTCGCTA-GGAATCCGTGA-GAATCCAGTC--CCGACCGAA-ATAGGCTTCC-TTAGCGTTAATCGA-GG-ACATGGAACAATATCCCCCC--TTATGGAATGGCACCCGGGGGCGAGCTTGAAC
>Limnaeus_pallidus
GTGTCCTC-GTTGA-GAAGCAAAAAACTCAGGACTGTATATCGCATTGCCCTTCGGTGTCGGCGAGTTCAGTTACGCAGTGTGT-GGTAA-CGGGCCCTT-GAGG-ATGAAGCCGCAGGGTCTGGGTATGGCCCTCCGC-AGCCTATATGGATGCTTCGG-AAA-CGAG-C--ATCGAAGGA-G-AGGCCGCCTT-CGAGGCAATCATA-CGACA-GCGTCGATTCCACCAT-GCTACTTAGGAACTACAGGTAGGGTTT-CAAAA
>Coleonyx_geniculata
GGGTCCTAAGTTGA-GAAGCCAAAAACTCCGGACTGTGTATCGCATTGCCCTTCGGGGTCGGCGAGTTCAGTCACGCAGTT-GTAGACAA--GGG-CCTTCGAGG-AGGAAGCCGGAG-TTCTGGGTATTGCCCTCCGC-G-GCTATATGGATGCATCGG-ACAGCGAG-A-TATCGAAGGA-C-AGGACGCATT-CGAGGCAATCATT-CGACACGCGTCCATTCCACCAT-GCCAATGAGGAACTACGGGTCGGGTTT-CACA-
>Megophrys_femoralis
GTGTCCTC-GCTGA-GAAGCAATAATCTCAGGACTGTATATCGCATTGCCCATCGGTATCGGGGAGTTCATTAACGCAGGGTGATGGGAACCGGGCCCTTGGAGG-ATGAACCCGCAGGGTCTGGGTATCACCCTACGC-AGCCTATA-GGATGCTTCGCGAAA-CGAG-C--ATGTACGGG-A-AGGCCGCCTT-CGCGGCAATCAGA-GGACAAGCGAC-ATTCCACCAT-GCTATGTAGGAACTACAGGGAGGGTTT-CAAAA
>Leuciscus_temminskii
CCGCC-TC-GCTGA-GAAGCAATAATCTCAGGTCTGTATACCG-ATTACGCAACGGTAACGGGGAGTTCATTACCGTAGGGTCATGGGAACCAGGCCCTTGGCGGAACGTACACGCAGGGTCTCGGTATCACCATACGC-ACCCT-TA-GGATGCTTCGCGAAA-CGAG-C--ATGTACGGG-A-AGGCCGCCTT-CGCGGCAATCAGA-GGACAAGCCAC-AT-CCACCATAACTATGTAGGACCTCCTGGGTGGGTTT-CAAAT
>Pandinus_corticale
ATTTGATC-GCTGA-GGAGAAATAATCTCAGGACTGTATAGCGCAATGCACATCTGTATCGGGGA-GTCATTAACGCAGGGTGATGGGGACCGCGCCCATGGAGG-AAGATCCCGGAGGGACTGGGTATCACCCTACGG-AGCCTATA-GGATCCTGGGCGGAA-CGAG-G--ATGTCCGAGGATAGGCGGCCAT--GCGGCAATCAGA-GGACAAGGTAC-ATTCCACCTT-GCTATGTAAGAGCTACCGGGAGCGTGT-CAGAA
>Megophrys_aleutica
ATTTGATCGGCTGA-GGAGATATCATCTCAGGACTGTATTGAGCAATGCACATCTGTATCGC-GA-GTCATTAACGCAGGGTGATGGGG-CCGCGCCCATGTAGGCGAGATCCCGG-GGAAAT-GGTATCA-GCCACGGAAGCCATG--GGATCCTGGGCGGACGCGAG-G--ATGTCCGAGGATAGGTGGCCATG-GCCGCAATCAGG-AGAAAAGGTAG-ATTCCACCTT-GCTGTGTAAGAGCTACCGGAAGCAGGA-CGGAA
>Rhamphiophis_piscator
ACTTGA-C-GCTGA-GGAGAAATAATCTCAGGACAGTA-AGCG-AATGCACTTCTGTACCGGGGA-GTAATTAGCGCAGACTGAGGGGGGCCGCGCCCAGGGAGGGTAGATCCCGGAGAGACTGGGTATCACCCTACGG-AGCCTATA-GGATCCTGGGC-GAATCCAG-G--ACGTCCGAGGATAGGCGGCCATC-GCGATAATCAGAGGGACAAGGTACACTATCACCTC-TTTATGTAATGGCTCGCGGGGGCGTGT-TAGAC
>Rhesus_savignii
GCTTGA-CCGCTGAAGGAGAAATAATCGCAGGACAGAA-AGCT-AATGCACTTCGTTACGGCGGA-GAAATTGGCGCATACGGAGGGGGGCCGAGCGCAGGGAGGGTCGACCCCGGAGAGATTGCGTAT-ACCCTACGG--GCCGATA-GGAACCCGGGC-GAATCCAGTG--ACGACCGAGGATAGGCGGCCATCAGCGATAATCGG-GGGACATGGAACACTATCACCTC-TTTATGTAATGGCTCGCGGGGGCGAGC-TGAAC
>Rhamphiophis_crispus
GCTTGA-CCGCTGAAGGAGATGCGGTCGCACGCAAGAA-AGCT-AATGCACTTCGTTCAGGCGTA-GAAGTTGGCGCATACGGCGGGGGCCTGAGCGCTCGGAAGGTCGAC-CCGGTG-GCTTGC-TAT-ACC-TACTG--GCCG-TA-GAAACCC-GGC-GAATCCCTTG-TACGACCGAGGAAAGCCGGTCATCAGCGATA-TCGG-GGGACATGGATCACTATCACCTC-TTTATTTAA-GGCTCGGGGGGGCGATCCTGAAC
>Pseudorca_erythronota
GCTTCA-CCGCGGAAGGGGATGCGGTCGC--GCGAGAA-AGCT-AATGCACCCAGTTTAGGCGTAGGAAGTTGGCGCATAAGGGGGGGGCCTGG-CGCTCGGAAGGTCGAC-CCGGTGTGTTTCC-GAT-ACC-GAGCG--GCCG-TA-GCAACCC-GGC--AATCCCTTG-TACGACCGAG-AGAGCAGATCATCGGCGACA--CGG-GGGACA-GGCTCACTATCACCTA-CTTATATAA-GGCTCGGGGGGGAGATCCTGAAC
>Tryngites_leucotus
GCCTAA-CCGCTTAAGGCCAGATCTCGGCGG-ATACAAAAAAT-ACTGCCCTTCATTAGGGCTGA-GTCGTTGGTTCATCCGAACGGGCGCCGACGGTA-GCAGGGACTACCCCGGGGAGATAGC-GGTATCCTTCCGT--GCCGGTA-GG-AGCCGT-G-GAATCCACGC--CCGAGCGAG-ACAACGCTCT-TTGGAGTG-ATCGAAGG-ACATGTCTCAAT-CCCCCCC-GTGATTCTATGCC-CCCGATGGCACGCGTGCTC
>Phoca_barbatus
-TCCAAAGT-TTTA-TGTCAATTGTAG--CGATCACAAATAATAGCTC-TCGTCACTAGGGCATT-GGGGCTGTTTCAGCCGAAAGGACA-CGACAGTTCGGATGG-CGTGGGC--GGCGGTATG-GGTC-G-CTTATTA-GCCGGTT-GGCA-CCACAT-TAATCCCGCTC-CCACGCTAGGATAATGCTCTATTGCATTGTAC-GATCC-CAATCTCAA-AGTCCTGACATGA-GA-CTATGCC-CTCC-TCCCACACGTTCT-
>Python_smaragdina
GTCCAAAAC-TTTA-TGGCAATTGTAGCCCGATCAAAAATAATAGCTG-TCGTCACTAGGGCATT-GGGGTTGCTTCAGCCGAAAGGAC--A-TCAGTTCGTATGG-CGTGGGC-GGGCGGTAGA-GGTCCG--TTATTA-GCCGGTA-GG-A-CCGCAT-GAATCCCCCT--CCACGCTAGGACAACGCTCTATGGCATTGTAC-GAACG-CAATCTCAA-AGTCTTGACATGT-GA-CTATGCC-CTCG-TGCCACCCGTGCT-
>Teratoscincus_decor
GTCCAAAAC-TTTA-TGGCAGTTGTCGCCGGATCAAAAAAAAT-ACTGATCTTCATTAGGGCATT-GGGGTTGCTTTAGCCGAAAGGAC--A-TCAGTTCGTATGGGCT-CCCC-GGGCGGTAGA-GGTACC--TCATTA-CCCGGTA-GG-A-CCGT-T-GAATCCCCGT--CCACGCGAGGACAACGCTCTATGGCATTGTACCGAAGG-AAATCTCTA-A-TCTTCCCCTGTGGA-CTATGCC-CTCGATGCCACCCGTGCT-
>Pyrrhocorax_carinatus
GTCCACAACCTTT--TGGCCGCTGTCGCCGGATCAAAAAAAAT-AATGAAGTTCATT-CGGC-TTGGGGATTGCTTTAGCCGAAAGGAC--A-TCA-TTCGTGTGGGCT-CCCC-GGGCGGTAGT-GGTACCT-TCATTA-CCAGGTA-GG-A-CCGT-T-GAATCCCCGT--CCA-GCGAGGTCCACGTGCTCGGGCATTGTGCCGAAGT-AAAT-TCTACA-TCTTCCACGGTGGA-CTATGCCACTCGATGACGATCGTGCTT
>Teratoscincus_erythropus
GCCCAAACCGCTTA-TGCCAGATGTCGGCGGATTACAAAAAAT-ACTGATCTTCATTAGGGCAGA-GTCGTTGCTTTAGCCGAAAGGACG-CGACGGTACGCAGGGGCT-CCCC-GGGAGATAGA-GGTACCCTTCAGTA-CCCGGTA-GG-AGCCGT-G-GAATCCCCGC--CCACGCGAG-ACAACGCTCT-TGGGATTG-ACCGAAGG-AAATGTCTC-A--CCTCCCC-GTGAATCTATGCC-CTCGATGCCACCCGTGCTC
>Dasypeltis_tricolor
GCCAATACATTCAAAGCCTG-GGGGGGCCAGTTTATCTAAGGTTAGTCC-AGGCTCCAGCAGGGA-GTGGTTTGGCCAGTGGAAATGTCG-CGA-GCAT-GT-GGGGCCTCCCC-GGGACAAAGATGATGC-CTTTA-AATGC-AGTT-AGGAG-GGCTGCCAATCACTAGGT--GCC-GAG-GAGTCGATC--TGAGTG---ACCG-CGAGAAATTTATACA-TAC-CCCCGATGC-AATAGGCT-CGGGTAGCCATCATTA-CC
>Eudrornias_jaspidea
GCCAATACATTCAAAGCCTG-GAGGCGCCAGTTTATCTAAGGTTAGTCC--GGCACCAG-ACGGA-GTGGTTTGTCTAGTCGAAATGACG-CGA-GAATAGT-GGGGCTTCCCC-GGGACAAAGATGGTGCTCTTCA-AATGCCAGTT-GGGAG-CGCTGCCAATCCCTACGT--GCC-GAG-AAGTCGATC--TGGGTG---GCCT-CGAGAAATGTATCGA-TACGCCCCGATGA-AATAGGCT-CGGGTAGCCATCATTA-TC
>Aythia_bengkuluensis
TCCTCTACAAT-AGAGTCATCGAGGCGCAAGCTTCCCTAACCTTAATCCG-GCCACCAG-ACGG-AATGGTTTGTTTAGTCGAAATGACGACGA-GAATAGT--GGGGTAACCC-GTGACCAAGCCCGTGCTCTTCG-GATGCCGAG--GG-AC-CGCTGCCAAG-CCTACGA--GCT-GTTGAAAT-GATGT-TGGAGCC--GCAT-AGAAAAATGGATCAA-TACGCATCGACGGAA-TGAGCT-CGAGCG-ACCAAATTA--C
>Dafila_gecko
TCCTATACAAT-AGAGCCATCGAGGCGCCAGCTTCCCTAACCTTAGTCC--GCCACCAG-ACGGA-ATGGTTTGTCTAGTCGAAATGACG-CGA-GAATAGT-GGGGGTTCCCC-GTGACCAAGCCCGTGCTCTTCG-AATGCCAAT--GGGAG-CGCTGCCAAGCCCTACGA--GCC-GTG-AAGTCGATGT-TGGAGG---GCCT-AGAAAAATGGATCGA-TACGCATCGACGA-A-TGGGCT-CGAGCAGCCCAAATTA-TC
>Avicularia_rudicolis
TCC-ATACAAT-TGCGCCATCGTGGCGCCAGCTTCC-CAACCATAGTCC--GCCATCAA-TCGAA-ATGGTTTATCTAGGCGTAATGACG-CGA-GAA-ACT-GGGGGATCCCT-GTGACCAAGCCCGTGATCTTCG-AATGCGAATA-TGGAG-AGGTTC-AAGCCCTACCA--GCCTCGG-AAGTCGATGT-TGGAGG---GCCT-AGAAGACTGGATCGATTACGCATAGCCGA-ATTGGGCT-CGAGCAGCCCAAATTA-TC
>Homalopsis_rufina
GCCAATACATTTAAATCCTATGAGGCGACAGTTTATCAAA-ATTAGTCC--GGCATCAG-ACTGA-GTCGTTTGTTTCGTCGAAATGACG-GGACGAAAATTCGGGGCTTCCCC-GGGACAAAGATGGTGCTCTTCA-TATGCCGGTT-GGGAG-CGTTGTCAACCCCTACGT--ACC-GAG-AGGTCGATC--TGGGTGT--GCCT-CGATAAATGTCTCGA-TGCGGCCCGATGA-AATATGCT-CGGGAAGCCACCATTA-TC
>Spalax_arenarius
GCCAATACCTCTAAATCCCATATGTCGACGGTTTATCAAA-ATTAGTCC--GGCATCAGGACTGA-GTCGTTTCTTTCGTCGAAATGACG-GGACGGAAATCCGGGGCT-CCCC-GGGACATAGATGGTGCTCTTCA-TATCCCGGTA-GG-AG-CGTTGTCAACC-CTACGT-CACG-GAG-AGATCGCTC--TGGGTTT--ACCG-AGATAAATGTCTCGA--GCGGCCC-ATGAATATATGCT-CGGGAAGCCACCAGTA-TC
>Holodactylus_heliaca
GCCAATTCCTCTAAATCCCATATGTCGACGGTCTATG--A-ATTAGTCC-TGGCATCAGGACTGG--T-GTTTCTTTCGTCGAAATGACG-GGACGGAAATCGGGGGCT-CCTC-GGGACATAGATGGTGGTGATCA-TATCCCGGTA-GG-AG-GGTTGTCAACG-GTAAGG-CACGAAAG-AGATCGCTC-TTACGTTTT-ACCG-AGATAAATGTCTCGAT-GCGGCCC-ATGAATATATGCT-CTGGAAGCCACGAGTA-TC
>Teratolepis_leiosoma
GCCCAAACCGCTAA-TGCCATATGTCGGCGGTTTACAAAA-ATTACTCA--TGCATTAGGACAGA-GTCGTTGCTTTCGTCGAAATGACG-CGACGGAAATCCGGGGCT-CCCC-GGGACATAGA-GGTGCCCTTCAGTATCCCGGTA-GG-AGCCGTTGTCAACC-CTACGT-CACGCGAG-AGATCGCTCT-TGGGTTTG-ACCG-AGATAAATGTCTCGA--CCGCCCC-ATGAATATATGCT-CGCGAAGCCACCAGTG-TC
>Oedura_galeatus
GCCCCAGCCGCTAA-G-GC-TAGGCCGACGGGA-ACAGAAATTGCTTC-A-AACTTTGGGCCAGCCGTCGTTGGTC-CGCGC-ATGACC-GCTATGGCGACCTGGGCCT-CCCCT-GAAAATAGA-GGCGTTCCTCACTAACG-GGTAATA--CGCGCTGGTAAACGTTACCT-TAGGCTATTAGAGCACTGT-TGGGTAGG-ACCGGTGAAAATTTGTCGGG--CC-ACCA-A-AATT-TATGAT-AGCAACTTTACT-GTG-TC
>Ptychozoon_enhydris
GCCCTA-CCGCTAA-GGCC-CAGGCCGGCGGGA-ACAAAA-TTGCCTCAA-TACTTTAGGCCAGCCGTCGTTGGTC-CGCGCAATTAACGGCTACGGGGACCCGGGGCT-CCCCT-GAACATAGA-GGCGTCCCTCAGTAACG-GGTAAGA--CGCGCTGGCAAAC-CTACCT-CAGGCGAT-AGAGCACTCT-TGGGTATG-ACCGTTGAAAATTTGTTCGA--CC-ACCG-A-AAATATATGAT-AGCAACTCTACC-GTG-TC
>Sorex_pholeter
GCCCTA-CCGCTAA-GGCCACAGGCCGGCGGTT-ACAAAA-TTGACTCA--TACATTAGGCCAGCCGTCGTTGCTTTCGTCCAAATAACGGCTACGGGGACCCGGGGCT-CCCC-GGGACATAGA-GGCGTCCTTCAGTAACC-GGTA-GG--GCCGCTGGCAACC-CTACCT-CACGCGAG-AGATCGCTCT-TGGGTATG-ACCGTTGAAAAATGGCTCGA--CCGCCCG-A-GAATATATGAT-AGCAAATCTACC-GTG-TC
>Branta_armata
GGCTTT-C--CTAA-GGCCACGGGCTGGCGGTGAACAAAG-GGTTTGCA-ATACCTTAGCCCAGAGGTCGCAATTTTAAACAAACTAACAGCTGCT-GAAGCAGAAGCTCCACCAGTC-CCTAGA-GGAGTCCTCCAGTCTCGAGCTA-GCACGCCGG--CAAACA-CTAGC-ACACGTGATA-GCTCGGTCGTTGGGGATACAC-ATTAAAAAACGGCTTTAG-CCGCCCGCAAAAACATATGAGGCACAGTGCAGCC-CTG-CC
>Natriciteres_milii
GTCTTA-CCGCTAA-GGCCACGGGCTGGCGGTGAACAAAG-GTTACGCA--TACATTAGCCCAGCCGTCGTAATTTTAGACAAACTAACGGCTGCCGGAAGCAGGAGCTCCCCC-GTC-CATAGA-GGACTCCTCCTGTCTCCAGCTA-GCACGCCGG-GCAAACA-CTAGC-ACACGTGAG--GCTCGCT-GTTGGGGATACAC-GTTAAAAAATGGCTTTAG-CCGCCCGCA-GAACATATGAGGGACAGTTCAGCC-CTG-CC
>Pterocles_melanostictus
GTCCTA-CCGCTAA-GGCCACGGGCCGGCGGTTAACAAAG-TTGACGCA--TACATTAGCCCAGCCGTCGTTACTTTCGTCAAAATAACGGCTACCGGGACCCGGGGCT-CCCC-GGGACATAGA-GGCCTCCTTCTGTAACCAGGTA-GG-CGCCGGTGCAAACC-CTAGC-ACACGCGAG--GATCGCT-T-TGGGTATGCAC-GTTGAAAAATGGCTCTA--CCGCCCGCA-GAACATATGATGGGCAGATCAACC-GTG-CC
>Uromastyx_stejnegeri
TCCTAATCCACTTAAGGACGGATCTCGTCTG-ATAAACAAATTGACTCCCCTTCGATAGACCTGACT-CGTTGGT-CCTCCGAACTGGCGCCGACTGTA-G-GGTGACTAA-CCGGGGCGTTAGCGTCAATCGT-CCGA-GACCGCTA-GG--GCCGT-T-GAATCCACACT-CCGGGATAG-ACAGCGTTCT--GGGAGGGTAACGAAGG-ACATCGTTCACT-CCCTCCGTGTGATGCGATGCCACCCGATGGCACGTGTGCTC
>Thymallus_mykiss
TCCCTATCC-CTTAAGAACGGGTACCGTTTGA-TAAGCAATTTCTCGCCTCTCATATA-ACTTGATT-ACATCGT-CCCCCGAACTGGCATCGTTAGT-CGAGGTCACTTT-CCGGCACGGTAGCGT-ATTCGT-GCGG-GACGGCTACGG-CGCTGTAT-GCATCCCAACT-CC-GGCT-G-ACAGC-TTCTAC-GGTTGGTC-CGATGG-AAATCGTTCACT-CCCTCCTTGTGGTGCGATGGTATCCAAGACAACGTGGTTT-
>Underwoodisaurus_chukar
TCCCAATCCACTTAAGAACGGGTACCGTTTGA-TAAGCAATTTCTCGCCTCTCCTATA-ACTTGACT-ACATGGT-CCCCCGAACTGGCACCGTCAGT-CG-GGTCACTAT-CCGGCACGGTAGCGT-ATTCGT-GCGA-GACGGCTACGG-CGCCGTAT-GAATCCAAACT-CC-GGAT-G-ACAGC-TTCTA-GGGTTGGTA-CGATGG-AAATCGTTCACT-CCCTCCTTGTGATGCGATGGTATCCAAGACCACGTGGTCT-
>Mogera_caeruleus
CTCGATTCCTGTAGTGCACGTGGTCCCGTTAC--A-GCAGATACCAACCCTTCCTT-ATATTGATTTCCATTAGAGCCATTGC-CTAACAAGCTCAGC-CG--GATTATATGCCCGCTGGAA-GCGT-AAACCA-GCCA-GAATGCA-CGGGACCTCTGC-CA-AACACAC-GCTATCATGT-CGGCCGAGCTAGGG-C-TCTG-CGTTTTCCGAGCCTTGGCGTTAT-CCGGCGGCGGTATTA-T-TCGAAGACAACATG-TTGG
>Cinclus_corsac
CTCGATTCCTGTAGTGCAGC-GTTCCTAATAC--G-GCAGAAACCCACCCA-GCGT-ATATTGAGTTCCAGTAGAGCCTTTGC-CTAA-AAGCTCAGC-CG--GAGTATTTGCCCGGTTGAA-ACGT-CAGTCA-ACCA-CAATGCA-CGGGACCCATGC-CA-AAAACAC-GCGGTCACGG-AGGACGAGCTAGCG-CGTCTG-CGTTTTCGGAGCGTTGGCCTTAA-GCATCGGCGATAATATT-TCG-GTACAACATGCTTGG
>Psalmopoeus_walti
CTCGATTCCTGTAGTGCACGTGGTCCCGTTAC--A-GCAGATACCACCCCTTCCTT-ATCTTTATTTCCCATGGGGCCGTTGC-CTAACAAGCTCAGC-CG--GTCTATATGCCGGCTGGAAACCGT-ATACGA-GCGA-GAATGCC-CGGGACCTTTGC-CA-AACACACCGCT-TTATGT-CCGCCGAGCTAGGG-CTGCTG-CGTTTTCCGAGCCTTGGCGTTTCCCCGGCTGAGGTATTAGT-TCGAAGACAACATG-TTG-
>Pyrgilauda_licin
CTCGATTCCAGTCGTGCACGTGTTCCCGTTAA-TA--CAGATGCCACCCTTTCCTA-CACTTTGTCT-ACATGGGGCCGTTGC-CTAACAAGGTCAGC-CG--GTCTATATACCGGCTGGCAACCGT-ATACGA-GCGA-GAAGGCC-CGGGCCCCTTGC-CA-ATCAGACCGCC-GTATAT-CCGCC-AGCTA-GG-TTGCTG-CGATTTCCGAGCCTTGGCGTTTCCCCGGCTGAGGTGTTGGT-TCAAATACAACATGGTCG-
>Synthliboramphus_cinaedus
CTCGATTCCAGTCATGCACGTGTTCCCGTTGA-TA--CTGCTGCCCG-CTCTCCTA-CATTTTGTCT-ACGTGGTGCCGTTGC-CTGACAAGGTCAGT-CG--GTCACTATACCGTCTGGCATCCGT-ATACGA-GCGA-GAAGGCCACGGGCCCCTTGC-GA-ATCAGACC-CC-GTATAT-ACACC-ATCTA-GGGTTGCTA-CGATTTCCAAGCCTTGGCG-TTCTCCGAGTGAGGTGATGGT-TCAAATACCACATGGTCT-
>Podoces_botnica
ATCGATTCAAGACATCCTCGTGTCCCCATTGACTA-GCCGCAGCCCG-CTC-CCTA-CATTTAGACT-ACCTGGTACC-TAGTTCTCA-AAAG-CGGT-CG--GTCACTCGCCCGTCTAC-ATCCGT-ATACGA-GAGA-GAAGGCCACGGCCCCCCTTC-GCGATCAGACC-CCTG-AGAG-ACA-C-AAGCT-ATGATGAAA-CGGTCTCCAAGCTGTGGGC-TT-TACGAGTTACGTGGAGCT-TCAAATACCACTTGTTCT-
>Pyrgilauda_kingii
CTCGATTCCAGACATCCTCGTGTCCCCGTTGACTA--CTGCTGCCCG-CTC-CCTA-CATTTAGTCT-ACGTGGTACC-TAGT-CTGA-AAAGTCAGT-CG--GTCACTCTACCGTCTGGCATCCGT-ATACGA-GCGA-GAAGGCCACGGGCCCCTTGC-GC-ATCAGACC-CCTGTAGAG-ACA-C-ATGCA-GGGTTGCAA-CGATCTCCAAGCCTTGGGC-TTCTCCGAGTGACGTGATGCT-TCAAATACCACTTGTTCT-
>Theloderma_middendorffi
TTCGATTCCAGTCATGAACGTGTACCCGTTGA-TAA-CTGCTGCTCG-CTCTCCTA-AATCTTGACT-ACGTGGTGCCGCCGA-CTGACACGGTCAGT-CG--GTCACTATACCGTCTGGCATCCGT-ATACGT-GCGA-GAAGGCCACGGGCCCCTTGT-GAAATCAAACC-CC-GTAT-T-ACAGC-TTCTA-GGGTTGGTA-CGATGTCCAAGCGTTCGCG-CTCTCCTAGTGATGCGATGGTATCAAAGACCACATGGTCT-
>Synthliboramphus_bukhunensis
TTCGATCCCAGTCATGAACG-GTACCCG-GGA-AAA-CTGCTGCTCG-CTCTCCTTGAATCTTGACTAACGTGGTGCCGCCGA-CT-ATCCGGGC-GTCCG-TGTCACGATTAGTTGTGGCGTCCGT-ATACGT-ACGT-GAAGGCCACGGACTGCTTGT-TAACTCAAACCTCC-GTAT-T-AGAGCATCCTA-GGGGTGGCA-GGGTGTCTCA-CGTTCGCA-CTCGGCTAGCGATGCGATGGCATAAAGGACCA-AAGGTCT-
>Columba_parahybana
TACGACCCCAGACATGAACG-GTACCCG-GGA--CA-CTGCTGCTCG-CTCTCCTTGAATCTTGACTAGCGTCGAACCGCCGA-CTTATC-GGGC-G-TCG-TGTCACCAATAGTTGGGGCGTCCGT-ATACGTCACGT-GAAGGCTATGGACAGCTTGT-TAACTCAAACCTTC-GTAT-T-A-AGCATCCTA-GGGGTGGCGTGGGTGTTTCA-CTTTCGTAACCCGGCTAGCTATGCGACGGCATAAT-GACC--AAGGTCT-
>Xenopeltis_taczanowskius
TCCTTTTCCAGTTATGGACGGTTTTATGCTG-CTAAACGAATTGCCTTCACTTCG-TCGAACTGACTCCGTTAGG-CCTCCGACCTGACGTCGAATGAA-G-CGGGAAG-AACCTGGGCGTTAGCGTCAGTCGT-CCGC-GACTGCAA-GG-TGCCCT-TAGATAGCTCACTCCCTGGATAGTACTGCGTTCTT-GGTATGGTTACGAAGA-ACATCGTTGGAT-CACTCAGTGTTATGCTTTGTCACCCGGCTTCACTTGCCCTC
>Carabus_modestus
TCCTGTTCTAGTTATGGTGGTGTTTG-AATTCCCTAACGGATCGCAATCACTCAC-TCGAACCCATTAC-CTCGG-CCTTAGGC-TGACGT-AAATGACGGACGGGCAT-AATCT-CTGTT-AGAGTCAGGC-T-CAG-AGACTGCC-AGG-T-CAG-TTACATCGCTCAACCCTTG-ATAGCACTGCGTTT-T-T-TAAAGTTAGGCAGAT-C-GCCATGTAT-GT-ATAATGTTGCGCTT-ATTACGTGGCTTCACTTGCCCGC
>Saiga_dubius
TCCTTTTCTAGTTATGGTCGTGTTTG-AATGGCCTAACGGATCGCATTCACTCCC-TCGAACTCATTAC-CTCGG-CTTTAGGC-TGACGT-AAATGACGGACGGGAAT-AAGCTGGTGGT-AGAGTCAGTCGT-CAT-AGACTTCC-AGG-T-CAC-TTAGATAGCTCAACCCTTG-ATAGTACTGCGTTTTTTGGTAAAGTTACGCAGAT-C-GCCATGGAT-GT-ATAATGTTGCGCTT-ATTACGCGGCTTCACTTGCCCGC
>Capreolus_sibiricus
TTGCTTTCTAGTTTTGGTCGTGTTTG-ACTGGCAGAACGTATGGCATT-ACTCCC-TCGACTTCATTAC-A-CGG-CTTTGGGC-TGACGT-A-ATAAGGCGCGGGACA-AAGCTGGTGGT-AGACTAAGTGGT-CAT-GCACTTCC-ATG-T-AAC-TTTGATAGCTC-AACCTTG--TAGTACT-CGTTTTTTGGTAATGT--CGCAGTT-C-GCCAGGGAT-GT-ATAATGTTGCGCTT-TTC-CGCGGCTTCACTTGCCCGC
>Vanellus_japonensis
TCCTTTTCCAGTTATGGTCGGTTTTATGATGGCCTAACGAATTGCCTTCACTCCC-TCGAACTGACTCCGTTAGG-CTTTAGACCTGACGT-GAATGAAGGACGGGAAG-AAGCTGGGGGT-AGAGTCAGTCGT-CATCAGACTTCCA-GG-TGCCCT-TAGATAGCTCAACCCTTGGATAGTACTGCGTTTTTTGGTATAGTTACGCAGAT-C-TCGTTGGAT-CA-TCAATGTTGTGCTT-GTTACCCGGCTTCACTTGCCCGC
>Mareca_himantopus
CCTGGCCAGGATTATGGACAGGACAATTCCCATCAGAAAAGTTGCCCTCAGTCAC-ATGGGCTGCCGCCTTTAGGTCTTTAGA-CTGACGGAGGATGAACGAT-GAAAGCCA-CGGGGCGTGCCAGGCCCACTCGA-TGA-AT-TCGC-GG-TGGCCAGTCTCTAGTTCATACGT-GGATGGTGCTTCCTTTTATG-TATATCTTCGAAGATTC-TGATTCCATTCA-TCAATTT-CTG-TT-GTTACCCGGACTCTCTCCCCAAA
>Platalea_querquedula
TCCGTCCAGGATTATGGTCAGTACAATGAACGTCAGAAAAATTGCCCTCAGTC-C-TTGGACTGTCGCCGTTAGGTCTTTAGA-CTGACGGAGGATGAACGATGGAAAGCCA-CGGGGAGTGCCAGTCACACTCGA-TCAGAC-TCGC-GG-TGGCCAGTCTCTAGTTCATCCGT-GGATGGTGCTTCCTTTTATGGTATAGCTTCCAAAATTC-TGATTCCATTCA-TCAATGTTCTG-TT-GTTACCCGGCTTCTCTCCGCAAC
>Mareca_catenifer
TCCGTCCGGGACTAAGTTCCGTACAATGAACGTCAGCAAAA-TGCCCT-AGTC-C-TTGGACTGTCGCCGTTACGTCATTAGA-ATGACGAAGGATGACCGAGGGAACGCCA--GGGGAGT-TCAGTCACACTCGACTCAGAC-TT-C-G---GGCCCCTCTCTAG-TCATCCGT-GGA-GGTGCTACCTTTTAT-GCATAGGGTGCAAAATTT-TGATTCCATTCA-TCAGGGTTCGGATT-GATACCCG-CTTCCCTCCGGAAC
>Saiga_calyptratus
TCCTTTCCCAATTATGGTCAGTATTATGAACGTCTGAAAAATTGCCTTCAGTC-C-TTGGACTGTCGCCGTTAGGTCTTTAGA-CTGACGTAGGATGAACGACGGAAAGCAAGCTGGGAGTGCCAGTCACACTT-AATCAGAC-TCGA-GG-TGCCCT-TCTCTAGTTCAACCGTTGGATAGTGCTGCGTTTTTTGGTATAGCTACCCAAATTC-TCGTTGCAT-CA-TCAATGTTGTG-TT-GTTACCCGGCTTCTCTCCGCCAC
>Emydura_chinensis
TGGT-TCAGAATTACAGA-CGTATTTTAC-C-CCTGAGAAAGTGCCTTGGGTCGC-T---AC-GTCAGTG-TA-GACTTTTTC-CGGATCT-TCAGC-ACGACG-GAAGAAGGATCAGA-GTCCAC-CACCTTATAACCAGTT-TCGA-CGCTGCGTT-GA-ATCT-C-AACTCATGGC-AGTACTGAGCTC-TT-GTAT-GC-GCCCAACTGTGACGTTGCT-G-A-TC-AGGGTTTG-GGCGTTACAGCGTTTGTCCAAGGC-T
>Hysterocrates_glareola
TGGTTTCCCAATTACAGA-CGTATTTTAA-C-CCTGAGAAAGTTCCTTCAGTC-C-T---AC-GTCAGTGTTA-GTCTTTTTC-CGGATGT-GCAGC-ACGACGGAAAGAAGGATGAGACGTCCACCCACCTTTTAAACAGTT-TCGA-GGCTGCGTT-GCTATCT-C-AACTCGTGGATAGTGCTG-GCTTTTTGGTATAGC-ACCCAAATGC-ACGTTGCT---A-TC-AGGTTGTG-TG-GTTACAGCGCTTCTCCCAGGC-T
>Picus_anachoreta
TCGTTTCCCAATTATAGTCAGTATTATGAACGTCTGAGAAATTTCCTTCAGTC-C-T-GGACTGTCACCGTTA-GTCTTTTTC-CGGATGTAGCATG-ACGACGGAAAGCAGGATGAGACGGCCACCCACCTTT-AAACAGTC-TCGA-GGCTGCCTT-TCTCTCGTCCAACCGGTGGATAGTGCTG-GTTTTTTGGTATAGCTACCCAAATGC-ACGTTGCA---A-TC-ATGTTGTG-TT-GTTACACGGCTTCTCCCCGCCAC
>Hyla_ocellatus
-CGTTTCCCAA-TATAGTCAGTATTATGAAAGTCTGAGGAATTTCCTCCAGTC-C-C-GGACTGTCACCGCTAAGTCTTTTTCCCGGATGTAACATG-ATGACGGAAAGCAGGATGAGACGGCCA-CCAC-TTT-AAACAG-C-TCTA-GGCTGCCTT-TCCCTCGTCCAATCGGTGGGTAGTTCTG-GTTTTTCGGT-TAGATACTCAAATGC-ACGTTTCAAA-A-TCCATGTTGT--TT-GTAACACGC-TTCTCCCCGCCAC
>sibiricus_armeniacus
TCCTTTACTAGTTATTGACGGTTTTATGGTGCCTAAAAGAATCGCCTTCACCTCTCTCGAACTCCCTCCG-TAGT-CCTCCTTCCGGACATGGAATGAA-GCAGGGAACAAACCTGGGCTAAAACTTTAGTCGTCCCGCGGACTGCAACGGTTGACCTATAGATCGCTCAGTCCCTGGATAGTACAGCGTT-TT-GGTATTGTTACGAGGACACACCCTTGGAG-CAGTCAGAGATATGGTTTGTCACGCGGCTTCAGCTGCCATC
>Ursus_nebularia
TTA-TGAGTGGGC-GT-AATCTTTTAGG-TGATAGGTAATA--CACTTACTCTCCTTTGTGTTCGCTTTGATCACGC-TCCAGTCCGGCAGCTTGTGTAGACGGACTACGAATTAATCCTCTGACCTTATACGAACATTTGAC-GTCCACATGGAATAAAAGCCAA-TGGGTCCT-TA-TATTCCGAGAGGAAGAGCTACAGTTAG-CTGGGTAAGAATGGAGAAC-AGCGAC-AGACGGTGCGTCAATAAGACAGACCATCCATC
>Vanellus_ferina
TGA-TGAGTAGGC-GT-AATTTTTTAGGATGAAAGATACTAC-CACTTCCTCTCCTTTGTACTCCCTTTGATCACGC-TCCGCTCAGGCAGCTTGTGTA-ACGGACTACGAATTAATCCTCTGACCTTATACGAACATTTGACGGTTCACATGGAATAAAAGCCAA-TGGGTCCT-TACTATTCCGAGAGGAAGAGCTATAGTTAG-CTGGGTGTGAATGGAACCCAAGCGCC-AGATGGTGCGTCAATCAGACCGAATATCTATC
>Uroplatus_subrubrum
TGACTGAGTAGAC-GT-ACTTTTTTCGGATGAA-GATACGAC-CACTTCTCATCCTTTGTACTCCCTT-GTTCACGC-TCCGCTCACGCCGCTTTTGTA-ACGTACGA-GAATTAATCCTCTGACCTTTTACGAACATTTGACGCTTCACATGTAATAAAAGCGAA-TTGGTCCCATACTACTGCGA-AGGAAGAGCTATAGTCTG-CTGGGCGTAAAA-GAACCCAAGCGC--AGATTTGGCGCCAATCAGACCG-ATATCTATC
>Gambelia_pardus
TGAGTGAGTAGAC-GT-ACCTTTTTCG-ATTAA-GATACGAC-CACTTCTCATCCTTTGGTCTCCCTT-GCTCATGC-TCCGCTCACCCCGCTTTTGGA-ACGTAC-A-CAATTAATCCTCTGACCTTTTAC-AACATTTGACGCTT-TCATGAAAT-AAAGCGCA-TTGGTCCGATAGCACTTGGACAGGAAGAGCTATAGAATG-CATAACGTAAAA-GAACCCAAGGACGCTGATTTGGCGCCAATCAGACCG-TTAGATATC
>Branta_chrysargos
-GCGTGAGTACAC-GT-ACCTTCTTCG-ATTAAAGATACGAT-CATTACTCATCCTTCGGTCCGCCTT-GCTCATGC-TCCGCACA-CCCGGTTTTGAACACGTGC-A-CAGTT--TGATCTTACCTTTTAC-CACATTTGGCGCTT-TCATGAATTCAAACCGCA-TGGGTCCGGTAGCACTTGGAAAGGAAGTGCTA-AAAATGACATAACGTATAC-GAACCAAATGAGGCTTATTTGGCGTCAATCAGACACCTTAAAGATA
>Xenopeltis_rufinus
TGA-TGAGTAGGC-GTTAAGTTTTTAGGATGAAAGATACAAC-CACTTCCTCTCTTTTGGACTCCCTTTGATCACGT-TCCGCCCAGGCATTGTATGTA-ACGGTCTACGAATTACTCCTCTAACCTTATACGAACATTTGACGGATCCCATGGAACAAAACCCAACTGGGTCCT-TGCTAGTCCAAGAGGAATAGCTATTGTTAT-CTGGGTGTGCATGGGACCCAACCACCGACATGGTGCGTCAGGCATATCCAATATCTATC
>Recurvirostra_spinifera
G-AGTCTGTCGCCG-ATGAGTTT--AGCATGATAGAGAGTCGTCCCTTC-TAT-GTTC-TGATGAC-TTGCCTACTT-ATTGCCCGCG-CTTGTAT-TTGTGGG-CTATTGATTAGCCACCTATCTTGATTCG-AATTTAGCCAGTTCG-GT-GAAGTAAACCC-TCTGGCTGCTG-AATCCTCACATAGGA-TAGGTAGTA-TATTCTGGGCTT-CCAGG-C-TGTTCCGCCGACA-AGTGCGTAAGGAGAATC-G-TGTATCCC
>Pseudemys_ussuriensis
G-TTTCTGTCGCCG-ATGAGTTT--A-CATGATAGAGAGTCTTCCTTTC-TAGTGCGC-GGATGAC-G-GCCTAC-TTATTGCCCGCG-CTTGTAT-TTGTAGG-CTTTTGATAAACCTCCCATCTTGATTCG-AATTGAGGCCGTACG-GT-AAAGTAA-CCC-TCTGACTACTG-AATT-TAACATAGGA-TAGATAGTA-TATTCTGTGCTT-CGAGG-G-TGTTCCGCCGACAAAGTGGGTAATGACAATCTG-TCTATCCC
>Tringa_calvus
G-AGTCTGTCGCCG-ATGAGTTT--AGCATGAAAGAGAGACGTCCCTTC-T-T-GTTC-TGATGAC-TTGCCTACTT-ATTGCCCGCGCATTGTAT-TA-TGTG-CTATTGAT-ACCCACCTATC-TGGATCG-AATTTAGCCAGTT-C-GTGGAAGTAAACCC-TCTGGCTGCTG-GACACTCACATAGGAATAGCTAGTATTATTTTGAGTTT-CCAGG-C-CGTTCCGCCGATA-AGTGCGTAAGGATAATC-GATGTATCCC
>Pogona_campestris
ATATTATGTTGCAATATTAGTCT--AGCAAGAAAAATAGAGATTCCTTG-TCC-GTT--TAGATAC-TTGTCAGCTTCAATGGCAC-ACAATCTCTTTA-GGTG-CAAATG-T-ACCCACTTATC-TGGA-CGCCATATAGACCGGA-CGGTGGAAGTCAACCCAGTTGGCTCTAT-GACACG-GCATAGGAATAGCTAGTCTAATTTTGAGTTC--CATG-G-CGTTCAGCAGATAGCC-ACGAGAGG-TCAT-GCATGTATCTC
>Querquedula_nivalis
ATAGTATGTTGCAGTATGAGTCT--AGCAAGAAAAAGAGACATCCCTTC-T-C-GTT--TAAATAC-TTGTCAACTTCAATGGCACCACAATCTCT-TA-GGTG-CAAATGAT-ACCCACTTATC-TGGA-CGCAATATAGACAGGT-CGGTGGAAGTAAACCC-TTTGGCTGCTG-GACACG-GCATAGGAATAGCTAGTATTATTTTGAGTTC--CATG-C-CGTTCAGCCGATA-AG-ACGTAAGG-TCATCGCATGTATCTC
>Morelia_dorsalis
ACACTATACTGCGGTTTTAGTA-T-A-CTCTCGAAAGCGTCACCCCCTCAT-C-ATC-ATAA-ACCGAGGGTAAA-TGCATGGAAGA-CCACCTAC-AC-AGCG-GGAATGACCTCATTTTCATC--GGTGCGTAAGACGGACTGAT-GG-G--AGGAAGACCC-TTGTGCCGCTG--ACATAC-TCTTGGCATAGCTTGTATTATTTTAAGTCGT-CAAG-CCCTGTCAGACGTTT-AG-TGTTGAGT-TCA-CCCATATATCTC
>Passer_carolinensis
ACAGTTTACTGCGGTTGGAGTA-T-A-CTATCAAAAGCGACATCCCTTCAT-C-AAT-ATAA-ACAGATGTCAAA-TGCATGGAAGA-CCACCTAC-AC-AGCG-GGAATGACCTCATTTTTATC--GGT-CGTAAGACGGACTGAT-GG-GG-AGGTAAACCC-TTTGGCCGCTG--ACATAC-TCTTGGCATAGCTTGTATTATTTTAAGTCG--CAAG-CCCTGTCAGACGTTT-AG-TGTTAAGT-TCA-CCCATATATCTC
>Monticola_calamita
ACAGTTTACTGCGGTCGGAGTAC--A-CTACGAAATGCGACATACCTTCAT-A-TAT-ATAACACAGATGTCAAA-TGCATGTAGGA-CCAGCGAC-AC-AGCG-GGACCGACCAAA-TGTTATCG-GGT-CGTAAGACGGAGTGAT-GG-GG-AGGTAAAACCGTTTGGAGGCTG--ACATAC-TCTTGGCAGAGCTTGTAATATATTACGCCG--CAAGGCGCTGTCTGA-GCCTTAA-T-TTAAGT-TCA-CCCATATATCTC
>Podoces_horridum
ATAGTTTGTTGCAGTAGGAGTCTT-A-CTATAAAAAGAGACATCCCTTC-T-C-AAT--TAAAAAAGTTGTCAACTTGAATGGAACCACAACCTCT-TA-AGCG-CAAATGAT-TCCCATTTATC--GGA-CGCAATATAGACAGGT-CGGGGGAGGTAAACCC-TTTGGCTGCTG--ACATA--CCTTGGAATAGCTAGTATTATTTTGAGTTC--CATG-C-CTTTCAGCCGATA-AG-TGGTAAGG-TCA-CCCATGTATCTC
>Uncia_cristatus
T-A-TGTGTCGGCG-ATGAGTTTT-AGCATGAAAGATACAACTCCCTGC-T-T-TTTC-GGCTCCC-TTGACTACTT-ATTGCCCGCGCATTGTATCTA-TGTGTCTATGGAT-ACTCACCTATA--GGATCG-ACTTTTGCCGGAT-CCGTGGAAGTAAACCCACCTGGCTGCTG-GACAGTCCCATAGGAATAGCTAGTATTATTTTGAGTTT-CATGGGAGCGTTCCACCGATA-GGTGCGTAAGGATTATC-GATGTCTCAC
>Vanellus_auriculatus
TGA-TGAGTAGGCG-ATGAGTTTT-AGGATGAAAGATACAAC-CACTGC-TCTCTTTT-GACTCCCTTTGACCACTT-ATTGCCCAGGCATTGTATCTA-TGTGTCTATGGAT-ACTCATCTATAC-GATTCGAACTTTTGCCGGAT-CCATGGAACTAAACCCACCTGGGTGCTGTGACAGTCCAATAGGAATAGCTATTATTATTTTGGGTGTGCATGGGAGCCTACCACCGACA-GGTGCGTCAGGCTTATCCGATGTCTAAC
>Tamias_heterolepidotus
TGA-CAAGTTCTTT-GTTAGT-TG-ACTATTA-TTCTAGAACAACCTAC-TTGCTTTTGGGCGCC-TTTCA-CAC-T-AGC-TCGTGGCATTGTATCTACTGCGCCTACAGGG-ATTCGTCAA-AGGGTTT-GAACTCATGTAGGA--CCACTG-GCTGCCCCTACCAGA-T-CTGTGACTGTCCAATAGGACTAG-CCTTACTATAGAAGGTGTGCCACTCTGCCGA--ACCG-CCG-GTGCAGCGCTCTTATCCGATGTCTA-A
>Porzana_himalayanus
TGG-GATGTTCTTT-GTTAGT-TG-ACAATTAGTCCTAGAACA-CCTAC-TTGGGTTTCGGCGCC-TTTCA-CAC-T-AGC-TC-TGTCATTGCATCCCCTTCGCCTACAGGG-ATTCGCCAAAAGGGTTTCAAACTCATGTAAGA--CGACTG-GCGGTCCCTGACACA-TGCTGTGAATGTCCGATAGG-GTAG-C-TTACTATACGCGGTGTGCCACTCTGCCGA-GACACGACG-GCGCAGCGCTCTTATCCGATGACTA-A
>Thecla_similis
TGA-CAAGTACTTT-ATTAGT-TG-AGTATGA-TGCTACAACAAACTAC-TTTCTTTTGGACTCC-TTTCA-CAC-TTAGC-TCATGGCATTGTATCTA-TGCGCCTACAGGGGACTCGTCTA-AGGGATT-GAACTCTTGTCGGA--CCACTG-GCTGACCCTACCAGAGT-CTGTGACTGTCCAATAGGACTAG-CCTTATTATAGTAGGTGTGCATCGCTGCCGA--ACCG-CCA-GTGCATCGCACTTATCCGATGTCTAAC
>Oligodon_bifasciatus
GAA-GGAACACT-TCATATTGGTG-TA--AGG-TCCTTCGAAACACCA-CCGTCTTTTAAATCGG-TTTATCGAGTTGCCCCGCATGACAG-CCAACCTGT-CGTCA-CTGGCCCCTCTTTTAGAGGAGGA--GT-TCTTCTCGGATGGCAGAGATCTCACTATAG-GAAGAA-AA-TACCTTACAGTAG-A-TAGTAGGTACTCTTTTAAGGGTACATTGCTACCGGCCACGGT-C--GTGTAACTCCCTGATCCGAG-TCAAAC
>Osteopilus_gregaria
GGA-CTAACACT-TCAGATGTCTG-TG--AGG-TCCTTCGAAAGACCA-CCGTCTTTTAAATCGG-TTTATCCAGTAGCGCCGCTTGACAG-GTAACCTGT-CGTCA-CTGGCGCCTCTTTTAGAGGACGA--GA-TCTTTTCGGATGGCAGAG-TCTCACTATAG-GATGAA-AA-TACCTTACCGTAG-AATAGTAGGTACTCTATTAAGGGTGCATCGCTACCGG--ACGGT-C--GTGGAACTCCCTGA-CTGAGGTCTAAC
>Syrrhaptes_murinus
GGA-CTACTACTTTCAGTTGTCTG-AGTAAGA-TGCTTCAATAGACTA--CGTCTTTTAAACCGC-TTTCACCAGTATCGC-GCTTGGCATTGTATCCAGT-CGTCT-CAGGCGCCTCTTTTA-AGGACTA-GAA-TCTTTTCGGAT-GCAGAG-TCTCACCCTAC-GATGA-CAA-TACTGTACCGTAGGAATAGTACTTATTCTATTAAGGGTGCATCGCTACCAG--ACGGT-C--GTGGAACTCACTGA-CTGAAGTCTAAC
>Tadorna_melanoleucus
GGA-CTACTACTTTCAGTTGT-TG-AGTATGA-TGCTTCAATAGACTA--TGTCTTTTAAACTGC-TTTCA-CAGTATCGC-GCATGGCATTGTATCTA-TGCGCCT-CAGGGGCCTCTTTTA-AGGGATA-GAACTCTTTTCGGA--GCAGAG-GCTCACCCTAC-GGAGT-CAG-TACTGTACCATAGGAATAG-ACTTATTCTAGTAAGGGTGCATCGCTACCAA--ACGGTCCA-GTGGATCTCACTGATCCGAAGTCTAAC
>Syrrhaptes_boschas
GGA-G-ACTACTT-CCGTTGT-TG-AGTATGAGTGCTT-AATTTACTA--TGTCTTTTAAACTGC-TTTCC-CAGTCTCGC-GCATGGCACTGTATCTA-TGTGCAC-CGGGGGTCCCTTTTA-AGGGATAAGAACG-TTTTCGGG--GCAGAC-GCTCACCCTGCAGGAGT-CAG-TACTGTACCATAGGAATAG-ACTTATTCTAGCAAGG-TGCATCGCTACAAAA-ACGATCCA-CGGGATCTAACTCATCCGAAGTTGAAC
>Tylototriton_jubata
TGA-TGAGTAGTTG-ATTAGTTTT-AGGATGA-TGATACAAC-AACTGC-TCTCTTTT-GACTCC-TTTCA-CAC-TTATTGCCAAGGCATTGTATCTA-TGTGTCTATAGAGGACTCGTCTA-AC-GATT-GAACTCTTGCCGGA--CCACTGAGCTGACCCTACCTGAGTGCTGTGACTGTCCAATAGGACTAGCCATTATTATTTTGGGTGTGCATCGCTGCCGACCACCG-CCAGGTGCGTCACACTTATCCGATGTCTAAC
>Rhacophorus_equestris
CTA-TCT-TGGAC-GAGCCGCTATGACAGT-A-TAATACAT--ACCTGGTTCTCTGTT-GCGAAC-TTTCTGCAC-TT-TATCAAGTGGAATGTATCGATT--GTCTATAGATGTCTCGCCTTA-C-GACA-TAACTTTTC-CAAG-GTCA-CCAGCTTA-CC-AGCTT-GCCCTTTGGGTGGACA-TAGAACGAGCCAT-TATCATTTGGTAGCGAATTGCTGCCCAGCACCG-CCAGCAGCGTCACATTTATAGGTT-CCTAAC
>Nucifraga_blythi
CGA-TCTCCCGAC-GAGCGGGTATAACAGT-A-TAGTACGT-TCCCATGAG--CTGTC-GCGCGCGGCTGCG-TC-GA---TGTA-TGTAATGTACCTATT--GTCTATAGGTGACTCGCTTTT-C-GGGA-TAACTGTTC-AAAGAGTTAACCGACTTA-CA-AGCTT-G-CCGTA-GGTGTCTATTAGTACGAGACAT-CC--CCTTGTTAGCC-ACCGCTG-CCAGGACCC-AGAGGAGCGTCGCATCAATAGGTTTCATAAC
>Gekko_fuliginosus
CGA-TCTCCCCAC-ACCACAGCATAATAGTGA-TATTACGT-TCCCATGAA--CTGCG-GAGCGCGGCTGCG-TC-GA---TGTAGTGTAATGGACCTATT--GGCTATAGGTGAATCGCTTTT-C-GCGA-T-AATGTTG-AAAGAGTG-ACCGACTTC-CA-AGCTT-GACTGTA-GGTGTCTATT-GTCCGAGACAT-CC--CCTTGTGAGCC-ACCTCTG-CCAGGTCAC-ATACGA-CGTCGCATCCTTAGGGTTGA-AAG
>Dipsosaurus_sphenocercus
C-A-T-TA-CCAC-ACTACTCCATAATAGTTG-TATTACGT-TCCCAGGAT--TGGCG-GAGCGCGGCTGCG-TC-GA---TGTAGTGTATTGGACGGACT--GGCTATAGGCGAGTCGCTCTTTC-GCGA-T-AATGTTA-AAAGCGTG-ACCG-TTTC-CA-AACGT-GGCTGTACGGTGTCTGTT-G-CCGAGACAT-CC-ACCTTGTGAGCC-ACCTCTGCCGA-GTTAC-TTACGA-CGCCGCATCCTTAGG-TTGACAAG
>Phoca_pholeter
CGA-TCTCTGGAC-GAGCGGCTATAACAGT-A-TAATACGT-TACCATGAG-TCTGTT-GCGCACGTCTCCG-AC-GA--ATCTA-TGGAATGTACCGATT--GTCTATAGATGTCTCGCTTTA-C-GGGA-TAACTGTTC-AAAGAGTCA-CCAACTTA-CA-AGCTT-G-CCGTT-GGTGTCCATTAGAACGAGCCAT-CC-CACTTGGTAGCC-ACCGCTG-CCAGCACCC-ACAGGAGCGTCGCATTAATAGGTTTCATAAC
>Strepsilas_glaucescens
CAA-TGT-TGGAC-GATCCGCTTTGACAGT-A-TGATACAT--AACTGGTTCTCTGTT-GCG-CC-TTTCTGCAC-TT-TTTCCAATGGATTGTATCTATT--GTCTATAGATGTCTCGTCT-G-C-GACA-GAACTATTC-CAAG-GTCA-CGAGCTTA-AC-AGCTG-GTGCTTTGGGTGAACA-TAGAACGAGCCATTTTTCATTTGGGAGCGCATTGCTGACGACCACCG-CCAGCTGCGTCACATTTATAGGTTGCCTAAC
>Monachus_subniger
-AG-GGT-GCGACCGATCCACTTTGATGGC-AATGATAC-C--AA-TCATTATCTGGA-TCA-T--TTTTGCCGG-C--TTTGCAATGGCCAGTT-CTATT--GTCTATAGA-GTCTAGTCT-G-C-GACA-AGTCGATTT-CGAG-GTCAGAGAG-TCA-AC-ACCTG-GTGCTTTGGGGGAACA-CAAAACGAGAAATTATAGATGTGGGAGCGCATTGCTGACGCCCACGGCCCAG-TGCGACATATTGAACGGTTGCCTAAC
>Rhacophorus_catenifer
CAA-GGT-GCGACCGATCCACTTTGATAGC-AATGATAC-T--AACTGATTATCTGTT-TCA-C--TTTTTCCGC-T--TTTGCAATGGATTGTATCTATT--GTCTATAGA-GTCTAGTCT-G-C-GACA-GATCGATTT-CAAG-GTCAGAGAG-TTA-AC-AGCTG-GTGCTTTGGGTGAACA-TAAAACGAGAAATTTTAGATTTGGGAGCGCATTGCTGACGCCCACCGCCCAG-TGCGTCACATTTAAAGGTTGCCTAAC
>Thamnophis_monoceros
TAA-TGA-TAGATGGATCCGTTTT-AGGAT-A-TGATACAAC-AACTGCTTCTCTGTT-GAC-CC-TTTCA-CAC-TTATTGCCAATGCATTGTATCTA-T-TGTCTATAGAGGACTCGTCT-GAC-GATT-GAACTATTGCCAGG--TCA-TGAGCTTACAC-ACCTG-GTGCTTTGAGTGACCAATAGGACGAGCCATTTTTATTTTGGGAGCGCATTGCTGACGACCACCG-CCAGCTGCGTCACATTTATACGTTGCCTAAC
>Zosterops_fernandi
TGC-TGAGTAGGC-GTTAAGAGTTTAGCGTGAATGATACAATGAACTTCCCCTCTTTTGGACTCCCTCTGATCATGT-TCCTCCCAGGCATTGTATGTA-ACGGTCTACGAATTACTCCTCAAACCTTATCCGAACCTTTGACCGATCCGATGGAACAAAACCCAACTGGGTCCT-GGCTAGTACAAGAGGACTAGCTATTGTTAT-ATGGGTGAGCATGGGACCCAACCACCGACATGGTGCGTCAGGCGTATCCAACTGCTATC
>Lamprophis_boschas
-GCGATACTAGCCGACGACCA-GTTTACATAAATCGAAGAAA-ATCTTTCCA-TC-ACGGGCCGACA-GACAC-TGG-TTGTACCGGGC--TGGAAAGAAAAGG-ATTC-AAAACAGACT-AGTGGTAAT-CAACTCTTTC-CT--TG-GGA-GAGGAA-CGGGTGCTCTAGCTGGACAGAGTACATGGGGCGGG--CCGTCCTCTACATGG-GC-CGA-GG-CGTCACGCCAGACGTGCG-TGGTTGGCGT-TAAG-CGTCCTTA
>Pseudemys_brachydactyla
-GCGATACGCGCCGACGACCA-GTTTACATAAATCGAAGAAT-ATCTTCCCAGTC-ACGGGCAGACA-GACAC-TGG-TTGTACCGGGC-GTGGAAAGCAAAGG-ATTC-AAAACAGACT-AGTCGTAAGCC-ACTCTTTG-CT-TTG-GGA-GAGGAA-AGGGAACTCTAGCTTGGCAGCGTACATGGGGCGCA--CCGTCCCCTGATTGG-GC-CGA-GG-CGTGACGCCAGACGTGCG-TGGTCGGCGT-TAAC-CGTCCTTT
>Cuora_merganser
-GCGACGCGCAACT-TGACCA-GTGTACATGAATCGACGAAT-AACTTCTCAGT-CACGGGGAAA-C-GACAC-TGGCTTGTGCCGGGCGGAGTC-AACATACC-ATTC-CTAACTGTGGAATTCG-TGGCC-TCTCTTTGTCC-TGG-AGATGACGGA-GGGCAACCCTCGCGTGGGAGCGTACATACGGTGCAT-TCGTCCCCCGATTTGTGA-CAA-GG-CGTGACCCCGGTAGTGCT-TGGAGGGCATCGGAC-CGGACATG
>Lampropeltis_falcinellus
-GCGATGCGCGCCT-TGACCA-GTTTACATGAATCGACGAAT-ATCTTCCCAGT-CACGGGGAAACC-GACAC-TGGCTTGTGCCGGGCGGAGTA-AGCATACC-ATTC-CAAACAGAGT-ATTCGTTGGCC-TCTCTTTG-CT-TGG-GGATGAGGAA-AGGGAACCCTCGCTTGGCAGCGTACATACGGCGCA--CCGTCCCCCGATTTG-GA-CGA-GG-CGTGACGCCGGAAGTGCT-TGGACGGCATCGAAC-CGTCCATT
>Scaphiopus_smaragdina
-GC-ATATGCGCCGACTATCA-GTTTACATAAATCGAAGAAT-AACCTCCCAGTC-AAGGGCAGCCACTACAC-TGG-TTGTACCAGGCAGTGGAAGTCAAAGG-ATTC-AATAGAGACTAAGTCTTAAGCC-ACTCTTTG-CT-TTT-GGACGACGAAGACGCAACTCCAGCTTCGCAGCATACATGGGGACCA--TCGTCCCCTGATTGGAGC-CCG-GG-CGTGACCCCAGACGTGCG-CGGTCGGCGT-TCACACGTCTTCT
>Spalerosophis_ruficollis
-GC-ATATGCGCC-ATTATGA-GTTTACATGAATCGAAGAATGAACCACCCAGTCTAAGGTCAGCGACTGAAC-AGG-TTGTAACAGGCAGTGGATGTTAAAGGGATTC-AATAGAGACTAACTCTTAAGCC-ACTCTTTC-CCGTTT-GGACGACGAAGACGCAACTCCAGATTCGCCGCATACATGGGGACCA--TAGTCCTTTGATTGGAGA-CCG-GG-CTTGACCACAGACGTGGT-CGGTAGGCGT-ACAAACGGCTTCT
>Pandion_salamandra
--C--CAT-CGCC-TACCGTC-GTGTT-A--ACTTGAAG-ATGAAACACATACAATA-A-TCCGAG-AGCAAC-CGGGGTTGATCTGATACGTGATCTTTAAG-GATTC-AA-AGCACATATCTC-TGAGTC-ACTGAGAC-TCGTGT-GTAC-AGCGT-G-GCAACTCCACGTTCGTCCGATCCTTTGG-AGCAAATAGG-TGTTGTAGTTA-AACCT-GTTCTGAACCAGCGACGCTGC-GTATATGCAG-AAA-CTGGATTAG
>Phrynomerus_turneri
-GC--CAT-CGCC-TACAGGA-GTTTACA--AATTGAAG-ATGAAACACATACAGTAAAGTCCGAG-AGGAAC-CGGGGTGAATCCGATACTTGTTCTTTAAG-GATTC-AAGAGCACAGATCTC-TGAGTC-ACTGATAC-TCGTTT-GGAC-AGCGTGACGCAACTCCACGTTCGTCCGATCCATTGG-AGCGAATAGT-TGTTGATGTTAGAACCG-GGTCTGGACCAGCGACGCTGT-GTTTATGCAG-AAA-CTGGATTAG
>Pandion_cioides
-GTC-CAT-CGCCATACAGGA-GTTTACA--AATTGAAA-ATGAAACACAGACAGTAAAGTCAGAG-AGGGAC-CGGGGTGAACCCGAAACTTGTTCTTTAAG-GGTTCCAAGAGTAGAGATCTC-TCTGTC-ACTGATAC-CCTTTT-GGAC-AGCGTGACGTACC-C-ACGTTCGTCCAGTCCA-TGG-AGCGAATAGTCTGTTGATGTTAGAACCGGGGTCTGGACCAGCGATGCTGT-GTTTCTGAAGAAAA-CCCGATTAG
>Chelus_dolosus
CGTG-CTTTAGCCAAACATGA-GTTTAAA--AATTGTCA-ATGAAACACAGACAGTAAAGTCAGAG-AGGGGC-CGGGATGAACCCGAAACTTGTTTTGCAAGGGGTACCTAGAGTAGAGATCTC-TCTGTC-ACTGATATTCCTTT--CGAC-AGCGTGACGTA-C-CAACGTTCTTGCAGTCCG-TGG--GCGAGTAGTCTGTTGATGTTGGAACCGGGGTCTGGACCGGCGATGCAGT-GATTCTG-AGAACATCCAGATTAG
>Saga_corsac
-GC--CAT-CGCC-TTCATGA-GTTTACC-GAATTGAAG-ATGAAACACACATAGTAAAGTCGGAG-A-GAA--CGGGGTGAAACCGGTACTTGTTGTTAAAGGGATTC-AAGAGAGCCGATCTC-TGAGTC-ACTGATAC-TCGTTT-GGAC-AGGGTGACGCAACTCCAGGTTCGCCCGATCCATTGGGAGCGAATAGT-CGTTGATGTTAGA-CCG-GG-CTTGACCAGCGACGTTGT-GCTTATGCCT-AAA-CTGGCTTCG
>Lasiodora_cachinans
-GC---ATGGGAC-TTGAT-CTTTTTAAC-AAATGCAAG-ATACGTCTAACTTAGTACGTTCGGAG---GAA-CTGCGCTCACACCGGGGCTGCTCGTT-ACCGGATAT-A-TTGAGGCGAC-TC-TGGGAC-AGTGATA-AA-CTTT-GCAACCAGTTGGCGAATCCAGAGAACCGCG-GTTGTAATTCGGGGGCCTA-T-CTGTCATTTAAC--CCG-TG-CTTGTCCTGCGACG-GCTACCTTGTTGCT-TAA-TTGGTTTCG
>Mylopharyngodon_hyemalis
-GC---ATGGGCC-TTGATGATTTTTACC-GAATGCAAG-ATGCGTCTAACTTAGTACGTTCGGAG---GAA-CTGCGCTCACACCGGGGCTGCTCGTT-ACCGGATTC-A-TTGAGGCGACCTC-TGGGAC-AGTGATA--A-GTTT-GCAACCGGTTGGCGCATCTAGAGGACCGCC-GATCTAATTCGGGGGCCTA-T-CAGTAATTTAACA-CCG-TG-CTTGTCCTGCGACG-A-TGGCTTATTGCTGTAA-TTGGCTTCG
>Larus_ferina
AGC---ATGGGCCCTTGGTGATTTTTACCGGAATG-AAG-CTGCCTCTAAACTAGTAGCCTCGG-G---GAA-CTGCGCTCATAC-GGG-CAGCTCCTT-ACCGTATTC-A-TTGGGGCGAACTC-TG-GAG-GGTTATT--A-GGTT-GCTACGGGTCGGTGCAGCTACGGGATC-GC-GACCTAATTCGTGGGC-TA-T-CAGAAATTTAACA-CCG-TG-CT-GTCCGGAGTCGGA-TGGCTTACTGCTGTTG-TTGGCTTCG
>Phrynohyas_mysticetus
-GC--CAT-GGCC-TTGATGATTTTTACC-GAATTCAAG-ATGAGTCTCACATAGTACGTTCGGAG---GAA-CCGGGGTCAAACCGGTACTTCTCGTTAACGGGATTC-AAGAGAGCCGACCTC-TGAGTC-ACTGATA--A-GTTT-GGAACCGGTTGACGCAACTAGAGGTCCGCC-GATCCATTGCGGGCGCATAGT-CAGTAATTTAAGA-CCG-TG-CTTGACCAGCGACGTA-TGGCTTATGGCTGTAA-CTGGCTTCG
>Laudakia_avinivi
GGC-CCAT-GCCCATTCGTGATTTGTATGTGAATCCCACTCTGATTATCCCATAGCTGCTACTGCC-GT-GA-TGGACGTCAAAACGGTACCGCGGTTTAACGTTACGC-AAGAGAGCG-CTTTC-GTTGAT-A-TA-TA--AG-CTTCCGAACC-GTAGACGCAACTGTAGGTGCGCCAGATCGATTTGGGGCGTCTGATAGATTAA-TGAATAG-CGATGAGTTGATCAGTGCCGGCGCGCCTTTTGGCTGTAG-CTAGCATTG
>Meles_undulata
GGC-CCAT-GGCCATTCGTGATTTGTATGTGAATCCCACTCTGAGTCTCCCATAGTTGCTACTGCC-GTTGA-AGGGCGTCAAAACGGTACTTCGGGTTAACGTTATGC-AAGAGAGCGGACTTC-TTTGTT-A-TAATA--AAGTTTCCGAACC-GTAGACGCAACTGTAGGTGCGCCAGATCGATTGGGGGCGTATGATAGAGTAACTGAATAG-CAATGAGTTGAGCAGTGACGTA-CGTCTTTTGGCTGTAA-CTAGCATCG
>Mylopharyngodon_clarus
GGC--CAT-GGCCATTGATGATTTGTACC-GAATTCAACTATGAGTCTCCCATAGTACGTACGGCC-GTTAA-ACGGCGTCAAAACGGTACTTCGGGTTAACGGGATGC-AAGAGAGCGGACTTC-TGAGTT-ACTAATA--AAGTTTCGGAACC-GTAGACGCAACTGGAGGTCCGCCAGATCCATTGCGGGCGTATAGT-GAGTAACTGAAGA--CAATGACTTGAGCAGCGACGTA-CGTCTTATGGCTGTAA-CTAGCTTCG
>Meles_maldivarum
GGG--CAT-GGCCATTGATAATTTGTACC--CATTCACTTATGACTCTCCCATAGTACGTCCGGGT-GTTAT-ACGGCGTCAAAATGGTACTTCGAGTAAACGGGATGT-AACAGAGCGAACTTC-TGAGTT-ACTAATTAGAAGTCGTGGAACC-GTAGAGGCTACTGGAGG-CCGCCAGATACAGCGCGTGTGTATAGT-GACTAACTGAAGA--CATTGACTTGAGCACCTACGTA-CGTCTTATGGCTGTAA-CTAGCTTCG
>Haliaeetus_vastus
GGG--CATGGGCCATTGCTCATTTGTCCA--CATT-ACTCATGACTCTGCGACAGTACGTCCGGGT-GTTAC-ACGGCATCAACATGGAACTTTGAGTAATCGGAATGG-AACGGAGCGAACTTC-TGAGTT-ACTAATTCGAAGTCGTGGAGCCAGTAGAAACTTCGGGAGT-CCCCCAGA-AAGGCGCGACTGTATAGT-GACTAAATGAAGA--CATCGATAAGAGCGCATA-GTA-TGTG-TATGTCAGTAA-CTAGCTGCG
>Scaphiophryne_cinaedus
-GC--CATGCGCC-TTTATGA-GTTTACC-GAATCGAAG-ATGAAACACCCATACTAAAGTCGGCGAC-GAA--AGGGTTGAAACCGGTACTTGATGTTAAAGGGATTC-AATAGAGACTAACTCTTAAGTC-ACTGTTAC-TCGTTT-GGACGACGATGACGCAACTCCAGATTCGCCGCATACATTGGGACCA-ATAGT-CTTTGATGTTAGA-CCG-GG-CTTGACCACCGACGTGGT-GCGTATGCCT-ACAACCGGCTTCG
>Rufibrenta_sauritus
-GC-GCATGCGCG-TTTATTA-GTTAATCAGGATCGAAG-ATGAAACACCCATACTAAAGTCGGCGAC-GAA--ATGCTGGAAACCGGTAATTGATTTTAAAGGGATTC-AATTGACATTAAAT-TTA-GAA-ACTGTTGC-TCGTTT-GAACGACGATGCCGAAATACCAGATTCGCCGCACACATTGGGACCA-ATA-T-CTTTGATGTTTGA-C-G-GG-CTTGAC-ACCGACATGGTTGCGTATTCCT-ACGACCGGCTTCG
>Micropalama_aeruginosus
-GCAGCATGCGCG-GTTTTTA-GTTAATCAGGACCGAAG-ATG-A-CACCCATAATAACGTCTGCAACAGAA-CATGCT-GAGACAGGT-ATTGATTTTAAAGGCTTGCGA-TCGACATTAAAT-TTA-GAA-ACTGTTGC--CGTAT-GAACGACGATGCCGAG-TCCCAGATTATCAGCACACATCGGGCCCA-ATA-T-TTTTGATGTTTTA-C-G-GG-CTTGAC-ACCTACTTGGTTGCGTA-TGCTCACGACCGGATTCG
>Vipera_godlewskii
-GC-TTAGGAGCC-GTTATGAGGTTTACGTGAATGGAAGAATGAACTACCCAGTCTAAGGTCTGCGACTGAGC-AGT-TTCTAACAGGCAGTGTATGTTAAAGGGCTAC-AATTGAGCCTAACTCTTTAGCCGACTCTTTC-CCGTTT-GGACGACGAAGACGCAACTCCGTATTCGCCAAATAGATGGGGACCA--TAGTCCTTTGATTGGGGA-CCG-GG-CTCGACCACAGACGTGGTGCGGTAGGCGT-ACAAACTGCTACT
>Leiocephalus_marcianus
-GT-TTGACAGCG-TGAAAGAGCCA-ACGTTAAGGGA-CAATGACCGTATAAATCTAAGAACTTTGA-TGCGT-AGT-TTCAATGATTCAGTGTAATTTAAACGGCTACTAT-TGA-CCTAGCTTGGTAGCCGTCTCTTTC-ACTTTT-GGACGAT-GATAAACTACTCGGTA-TACCATAATAGACCGGAACAAC-TG-TTCTTTGGTTATA-ATCGT-GAT-ACGATCACTGACGTGGTCAGGAA-GAGTTACGAACAGCAACT
>Gallinago_boulengeri
-GT-TTGCCATCG-TGAAGGAGCCA-TTGTTAAGGGA-CTATGACCGTATTAATC--AGAACTTTGAAAGCAT-AGT-TTCAAGGATTCAGTGTAGTTTAAACGACTACTAT-TGA-CCTAGCTTGGTAGCCGTCTCTTTC-ACTTTG-GGACGAT-T-TAAACTACTCGTTA-TTTCATAATAGACCGGTACAAG-TG-TTCTTTGGTTATA-AGC-T-GAAAACGATCACTGACGTGG-ATGGAA-GAGTTGCGA-CTGCCACT
>Mylopharyngodon_chrysargos
-GT-TTGAAAGCG-GGTAAGAGCTTTACGTTAAGGGA-TAATGAACTAATCAGTCTAAGGACTTTGACTGCGT-AGT-TTCTAATATTCAGTGTATTTTAAACGGCTACTAA-TGA-CCTAGCTTGTTAGCCGTCTCTTTC-ACTTTT-GTACGAT-GAGATACTACTCGGTA-TCGCAAAATAGACGGGAACAA--TA-TTCTTTGATTAGG-ATCGT-GATCACGATCACAGACGTGGTGAGGTA-GAGT-ACGAACAGCAACT
>Spalerosophis_guangxiensis
-GT-TTGGAAGCC-GGTATGAGGTTTACGTGAATGGA-TAATGAACTAATCAGTCTAAGGACTGTGACTGAGC-AGT-TTCTAATATGCAGTGTATTTTAAACGGCTACTAA-TGA-CCTAACTCGTTAGCCGTCTCTTTC-ACGTTT-GTACGAC-AAGATGCAACTCGGTA-TCGCCAAATAGATGGGAACAA--TAGTTCTTTGATTGGG-ATCGT-GATCTCGATCACAGACGTGGTGAGGTAGGAGT-ACGAACTGCTACT
>Mustela_manul
-GA-TTGGAAGCC-GGTGTGACGTTTGCGTGAATGGA-TAATGAAAAAAT-CGCCTAATTACTGGGACTGAGC-AGC-TT-TAATACGCAGTGTAT-TTAAACGGCTACTAAATGAACCTAACTCGTTATCCGTATATCTGTACGTTT-CTACAAC-AGG-TGCAAAACGGCA-T-GCCAAATATATGGGAAGAT--TAGTTGAATGATTGGG-ATCGTTGATCTCGCTCACAAACGAGGTGACGTAGGAGA-ACGAAGTGCTACT
>Vulpes_occitanus
-GC-TGAGTAGCC-GTTATGAGTTTTACGTGAATGAAAGAATGAACTACCCAGTTTAAGGTCTGCGTCTGAGC-TGT-TCCTACCAGGCATTGTATGTAAAAGGTCTACGAATTGCGCCTAAAACTTTATCCGACCCTTTC-CCGATT-GAACGACCAAGACCCAACTGCGTCCT-GGCAAATAGATGGGGACCA--TATTGCTAT-ATTGGGGAGCAG-GG-CCCAACCACCGACATGGTGCGTTAGGCGT-TCAAACTGCTACT
>Triturus_imperator
-TC-TGACTTGCCAGTATTGAATGGTAAGTTCATGAAAAGAGGAACTAC-CTCGTGAGGATCTGCGTGCCGGC-TGT-TCC-ACCAGGCATTGTATACAT-AGGTCTAAGAACTGCGACTTAGATA--ATCCGATCCATACTCTCA-TGGAACG-CCAACCCCCAC-TGCGTCCT-G-GAATTA-ATTGGGACCA--TGTCG-TA--ATC-GGGAGTAG-AT-ACCAACAACCGACATGGAGCGT-AGGCAT-TCAAAGTGATACT
>Pterinochilus_dauricus
-AA-TTATAAG-AAGTGTGGTGGGGTCTCTTCAT-GAACGAGACGCAAC-TTCGAGATGATTTAAGCGAGGC--TTAATTT-ATGCAGCATTTGGTA-AG-AATCCAGTCGATTTAAACTTA-GTA--AAGCA--ACACC-TT-CACGGGATT--CAAACCTCGAT-TGCATATGACAAAAAAAAATTCGTCCCAT-GCCCCCTT-GCTC-GTGAATAG-ACAGGCATC-ACTGGAATG-AATGTGA-GAATTAAAAAAAGACACT
>Sitta_multituberculatus
-AA-TCACAAG-AAGTGTGGTGGGGTATCTTCAT-TAAAGACACGCTAC-CTCGAGATGATTTACGCGAGGCG-TTAATTT-ATGCGGCATTGGGTA-AGGAAGCC-GTCAATTTAAACTTA-GTA--ATGCA--ACACCCCT-CACGGGATC--CAAACCTCGAG-TGCATAGTACAAAATAAAACTGGTACCCT-CGTCC-TT-GCTC-GTGAATAG-ATAGACATCAACTGAAATGTAGCGTGACGCATTAAAAAAAGACACT
>Mustela_krueperi
-AC-TCGCAAG-ACCTGTGTTGACGTATCATAAC-TAAACACCCGCTTCACTGGAGAGAATTTTCACGAGGCG-TTGGTTAATTCTGCCATGGGGTGAAGGAAGAT-GTTAATTGATACTTA-GTAA-CTGCA--AAAATCCT-TACCGGATA--TACTCCTCGAGATGGAGAGTACGATATAAAACTGCTA--CA-CGTCA-TT-GGTACCCG-ATAG-AT-TCC-CCAGCGGATATGT-GCTT-TCGCACGAAACAAAGACACT
>Chalcides_climacophora
-ACATCGCAAC-ACCCGTGTGGTCGTATCATAAC-CAAACACGCGCTTCACTGGAGAAAATTT-CACGAGGCG-TTGGTCAATTCTGCCATGGGCTGAAGGAAGCT-GTTAATTAATACTTA-GTAAACTCCA--AAATTCCT-TACCGGATA--AACTC-T-GAGATGGAAAATACCATATCAAATTACTA--C--CTGCA-TT-GGTACCAG-A-AACAT-TCA-CCAGCGGATATCT-GTTT-TCGGACGAAACAAGAACACC
>Pseudorca_zonata
-AC-TCGCAAG-ACCTGTGTTGGCGTATCATAAT-TAAACACACGCTACACTCGAGATAATTTACACGAGGCG-TTAGTTTATTCCGGCATGGGGTGAAGGAAGAT-GTCAATTTATACTTA-GTAA-CTGCA--AAAACCCT-TACCGGATC--CACACCTCGAGATGCATAGTACGAAATAAAACTGCTAC-CA-CGTCA-TT-GCTACGCG-ATAG-AT-GACACCAACGGATATGT-GCTTGTCGCACGAAAAAAAGACACT
>Milvus_guangxiensis
-TT-TGGTAAG-TTCTGTGTTGGCGTCTCTTAGTCTAAACACACAATACGCCCGACATAATTTACACGACGTGGTTACTTTA-TCCGGAATCGGGTGAGGGAACAGTTTCGATTTGT-CTAA-GCAA--TGCCG-AAAACCAGGTTCCGGATC-CCAGACCTC-CGCTGCATAGTAC-CAATAAAACTGTTACTGTTCGTCA-TTTTCTTTGCG-ATAGGTAAGAAACCAAAGGATGAGG-CCCAGTCTCACCAAAAAACGA-AAT
>Morelia_subcinctus
-TC-TCGCAAG-ACCTGTGTTGGCGTATCATAGTCTAAACACACACTACGCCCGACATAATTTACACGACGTG-TTACTTTATTCCGGCATCGGGTGAGGGAACAGTTTCAATTTAT-CTAA-GCAA--TGCCG-AAAACCCGGTACCGGATC-CCAGACCTC-CGATGCATAGTACGCAATAAAACTGCTAC-CATCGTCA-TTTGCTATGCG-ATAGGTT-GACACCAAAGGATGAGT-GCCAGTCGCACCAAAAAACGA-AAT
>Middendorffinaia_melanuroides
-TCGTCGCAAG-ACCTGTGTTGGGGTATCATAGTCTAGACACACACTACGCCCGTCAT-ATTTACACGACTGG-TTAC-TTATTCCGGCGCCGGCTGAGGGAAAAGT-TCAATTTAT-CTAGTGCAA-TTGGCG-A-TAACCGGTACC-GATC-CCAGACCTCCCGATGCATTGTACGCAGTAAAACTGCTTC-CAACGTCA--TAGATATGCG-ATAGGTT--ACACCAAATGTTCCGT-GCCCGTCGAACCAAAACTCGA-CAT
>Telescopus_cranwelli
-AG-TCACAAGCAAGTGTGGTGGGGTATCTTCAT-TAAAGACTCGCTAC-CTCGTCAGGATCTGCGCGCCGCG-TGT-TCC-ATGCGGCATTGGGTACAGGAGGCC-GTTAACTGCAACTTA-ATA--ATGCC-TACACCCCC-GACGGGATC--CCAACCCCGAG-TGCATAGTGCAAAATAAAACTGGTACCC--CGTCC-TT--ATC-GTGAGTAG-ATAAACATCAACCGAAATGTAGCGT-ACGCATTTAAAAGTGATACT
>Tiliqua_melanuroides
-AG-TCACATGCAAGTGTGGTATGGTAAGTTCAT-AAAAGACTCACTAC-CTCGTCAGGATCTGCGTGCCGCG-TGT-TCC-ACGCGGCATTGGGTACAG-AGGTC-ATTAACTGCGACTTAGATA--ATCCC-TCCACACTCTGACTGGAACG-CCAACCCCGAG-TGCATCGTGG-GAATAAAATTGGTACCC--TGTCG-TA--ATC-GGGAGTAG-ATAAACATCAACCGACATGTAGCGT-ACGCATTTCAAAGTGATACT
>Lepus_paradoxus
-AG-TCCGATGCAAGTCTGGTATGGAAAGCTC-T-AAAGGGCTAACTAA-CCCGGCCGAA-CTGCGTGCAGCG-TGC-CCA-CCGCGGCACTGTCTACAACAGGTCCATTTCGAGCGGCTTCCAGA-TTTCCC-TCCTCACTCTGTCTAGAACGGCTAACCCCGTA-GGC-TCATGG-G-GGAAA-TTG-TACCT--TGTAGC-AT-A-C-GGCTGCAC--TGAA-ATCAA-C-ACATG-AGCGT-ACCCATGGCAAAGTGATATT
>Tamias_sibilans
-AG-TCCGATGCAAGTCTGGTATGGAAAGCTCAT-AAAGGACTCACTAA-CTCGGCAGGATCTGCGTGCCGCG-TGC-TCA-CCGCGGCACTGGCTACAG-AGGTCCATTTCGTGCGACTTCGAGA--ATCCC-TCCTCACTCTGTCTGGAACG-CCAACCCCGAA-TGCATCATGG-G-AGAAA-TTG-TACCC--TGTAG-TA--A-C-GGCTGTAC--TGAA-ATCAACCGACATG-AGCGT-ACCCATGTCAAAGTGATATT
>Leptopelis_leucophtalmos
-TG-TCCTTTGCATGTCTGGTATAGAA-G-TCAT-AAAGGAACCACTAA-CTCGGCATGATCTGCGTGCCGCA-TCC-TCA-CCGAGGCACTGGCTAGAG-AGGTCCATTGCGTGCGATTTCGCGCC-ATCCC-CCCTCACTCTGTCTGGAACG-CCAACGGCGAA-T-CATGAT-G-G-ACTAA-TTGAATCCC--TGTAG-TA--A-C-GGCT-TAA--TGTA-AACAACCGACATGATGCGT-ACCCATGTCCAATC-AT-TT
>Varanus_sepsoides
-GC-TGACTTGCCAGTATTGAGTGTTAAGTGCATGAAAGAATGAACTAC-CACGTTAAGATCTGCGTGTCGGC-TGT-TCCTACCAGGCATTGTATACAA-AGGTCTAAGAACTGCGCCTTAAATT--ATCCGATCCATACTCCCATTGGAACG-CCAACCCCCACCTGCGTCCT-GGGAAATAGATTGGGACCA--TATTG-TAT-ATC-GGGAGCAG-AT-ACCAACAACCGACATGGAGCGT-AGGCGT-TCAAAGTGCTACT
>Trionyx_comicus
-GC-T-ACTTGCCAGTATTGAGTGTTA-GTGCATGTAAGAATGACCTAC-CACGTTTAG-TCTGCGTGTCGGC-TGT-TCCTACT-GG-A-TGTATACAAGAGGTCTAAGAACTGCGCCTGAAATT--ATTC-ATCCGTACGCCCATTGGACTG-CCAACGC-CACCTGCGTCC--GGGAAATAGGTTGGGACCA--AATTG-TGT-ACC-GGGAGCAG-ATTA-CAACAAATGA-ATTGAGTGT-A-GCGTATATAAGTTCTGCC
>Zosterops_temminskii
TGC-TTACTAGTCAGTTAAGAGTTTAGCGTGACTGATACAATGACCTTCACCTCTTTTGGACTCCCTCTGATCATGT-TCCTCCCAGACATTGAATGTA-ACGGTGTACGAATTTCTCCTCAAACCTTATCCGTACCTTTGACCGATCCGATTGAACAATAGCTCACTGGGTCCT-GGCTAGTACAACAGGACT-GCTATTGTTACGATGGGTCAGCCTTGGACCCAATCACCGACATGGTGCGTCACGCGTCTTCAGCTGCCATC
>Ortigometra_trianguligerus
TCCA-TCATAATCACTCATGAGTCTTCGG-GTGGAACGCATTGA-GGTCAGTTCCTGTGTACCACGGACGACCTTGGAGGCCTAAAGTCCTTGACCGTGGTCGT-GTATAAATCTCT-TGGTCGACCGACTG-TAACATCGCCAGACCTACCACAACC-AAGTTTA-TG-TTAA-GCTCTAATGACACAGGGCTGGCTCTGCATTGGATTAGTCAGCTTTTCCCTG-ATCACCCACTCGGTTAGACA-GTAACA-ATCGTCACTGC
>Pseudemys_metallica
TGCACTACTAATCACTCATGAGTCTTTGCTGTGGGACGCATTGACGGTCAGTTCCTTTGTACCACGGACGACTTTGAAGGCCGAAAGTCCTTGAC-GCAGTCGG-GTATAAATTTCT-TGGTAGACCGACCG-TAACATCGCCAAACCTGCCACAACC-AAGTTTACTG-TTAA-GCTCTAATGTCACAGGGCT-GCTATTTTTTGGATTAGTCATCTTTTCACTG-ATCACCCACTCGGTTAGACA-GTTACG-ATCGTCACAGC
>Ortigometra_lasiopterus
TGGACTAC-AATCACTCATAAGTCTTTACTGGGGGAAGCAGTAACGG-CAGTACCTTTGGACCA-GGACGACTT-GACGTCCGATAGTCCTTGAC-GCAGTCGG-GTATA-ATTTAT-CG-TAG--CGACCGTTAGCATCGCC-AAGCTGTCACAACC-AAGTTTACTG--TAA-GGTCTAGTCTTGCAGCGGT-GCTAGTTTTTGGATGATTCATCGTATCACTG-ATCACCCAC-CGGATAGCCA-GTTACG-ATCGCCACAGC
>Rhesus_dulkeitiana
TGCACTACTAATCACTAATGAGCCTTTCCTGTCGGATACAATGACGGTCAGTTCTTTTGTACCACGGATCACTTTGAAGCCCGAAAGTCCTTGAA-GCAGTCGG-GTATGAATTTCT-TGGCAGACTGACCGGTAACATCGCCAAACCTGCTACAACA-TAGTTTACTTGGTAA--CTCTAATGTCACAGGACT--CTATTTTTACGATTAGTTATCCTTTCACTG-ATCACCGACTTGGTTAGACA-GTTACG-TTCCTCACAGC
>Pseudemys_caudicinctus
TGCCCTATTTATCATTAATGTGCATTTCTTTTCGGATACCATGACGGTCAGTTCTTTTGTACGACG-ATCACTATGAAGCCCGAAAGTCCTAGAA-GCAG-CGGTGTATGAATTTCT-TGGCAGACTAATCGGTAACTGCGCCAAACCTGCTGCAACA-TAGTTTACTTGGTTAG-CGCCAATGTCACAGGACT--GTATCTTTACGA-TAGTTATCCTCCCAGTG-A-CACCGACTTAGTAAGACATGGT-CG-TGTCT-ACAGC
>Tetrao_cinerea
TGCACTACTAGTCACTAAGGAGCTTAGCCTGTCGGATACAATGACGGTCAGTTCTTTTGTACCACGGATCACTTTGAAGCCCCCCAGTCCTTGAA-GTAGTCGG-GTATGAATTTCTCTGCCCGCCTGACCGGTACCATCGCCCAATCTGCTTTAACA-TAGCTTACTTGGTCC--CTCTAATGTCACAGGACT--CTATTGTTACGATGGGTTAGCCTTTCACTC-ATCACCGACATGGTGAGACA-GCTACT-TAGCTCACATC
>Pratincola_sarasinorum
TGCACTACACGTCGCTAAGGCGCTTAGCCTGTCTGTTCCAATTACGAT-AG-TCTTT-GTA-CACGGTTAACGTGGAAGCCTCCCTGTCCTTCCA-TTAGGC-G-ACGTGAGACACGTTGCCCACCTGAGCGGTAC-A-CGGCCATTTGGCTTTT-TA-TAGCTTCCTTGGTCCA-CTCTAATCTAACAGGACAGTCTATGGTTACGATGGGTTAGCCTAGGTCTC-ATAACCGACATGGTGAGACAAGCTACTGTAGATTACACA
>Rhamphiophis_verrucosus
TGCACTACACGTCGCTAAGGAGCTTAGCCTGTCGGTTCCAATTACGATCAGTTCTTT-GTACCACGGTTAACTTTGAAGCCCCCCTGTCCTTCCA-GTAGGC-G-ACGTGAAACACTCTGCCCGCCTGAGCGGTAC-ATCGCCCATTTGGCTTTAATA-TAGCTTCCTTGGTCC--CTCTAATCTCACAGGACAG-CTATTGTTACGATGGGTTAGCCTTTGTCTC-ATAACCGACATGGTGAGACA-GCTACTGTAGATTACATA
>Mesoplodon_cianeus
TGCGCTACAGCTGTCTAGGGAGCTTAGCCAATC-GC-TCAAACAAGATCACGTCTCGCAT-CCGCA-CTAAATTTGAGGCACCCC--CCGTTCCATGTAGGC-GTACG-GAAACACTC-TCACG-CTGCGCGGTG--ATCGCCCA-TTGGCTTTAAAATTACGTTCCTT-AACC--CTC-AAGTTGATAGGACAG-TTAATGTTTACC-GGGATGGGCTTTGTTTC--CAAC-GACATGACGACCCA-CCTCCTGTAGATTTCATT
>Pratincola_collybitus
TGCGCTACAGGTGTCTAAGGAGCTTAGCCAATCGGC-CCAAACAAGATCAGTTCTTGCGT-CCACAGCTAAATTTGAGGCACCCCT-CCCTTCCATGTAGGC-GTACG-GAAACACTCTTCACG-CTGCGCGGTG--ATCGCCCATTTGGCTTTAATA-TAGGTTCCTTGATCC--CTCTAAGCTCATAGGACAG-CTATTGTTTACCTGGGTTGGGCTTTGTTTC--CAAC-GACATGGCGACACA-CCTCCTGTAGATTACATA
>Mergus_albatrus
CGCGC-ATAGGTGTCTCAAGAGCTTAGCCGATCGGC-CTAAACAAGATAAGTTCTTGCGT-C-ATAGCTAAATTTA-GGCACCCCT-CCCGACCATGTAGAC-GAACG-GTAACATTCTTCACGTCTGCCCGGTG--ATTTCTCATTTGGCTTTAATA-TAGG-TCCATGATCC--CTCTAAGCTCAAAGGACAG-CTATTGATTGCCTGGGTTGGGCG-TGTAT--GCAAC--ACATGGCAACACGGCCTCCTGTAAATTACCTA
>Iomachus_uncia
-TCGC-ATAGATGTCCGGAGCGCATAG-CGTTCCC--AAAAACAGCATAAGAGGTTGC-T-CAATAGCTAAGTTTGGGGCAC-ACT-CCAGCCGATATTGGTGGCAAG-CTAACATTGCAAACGTCTGACGGGTG--AATCCTTATTTGTCGTGGATAGGAGACTCCATG-CCC--CTCTAAGAACCATTGACGG-GAATATAGCACCTGAGTTGGTCGCTATAT--GCAATA-GGATGGC-ACTGAG-TTCCTGT-AATTAGGTG
>Lutra_alpinus
-TCGC-ATAGATGTCTCAAGAGCTTAGCCGATCCG--ATAAACAACATAAGTTGTTGCGT-C-ATAGCTAAATTTAGGGCACCACT-CCAGACGATATAGAT-GCAAG-CTAACATTCTACACGTCTGACCGGTG--ATTCCTTATTTGTCGTGAATAGTAGACTCCATGATCC--CTCTAAGATCAATTGACGG-GAATAGATTGCCTGAGTTGGGCG-TGTAT--GCAACA-GCATGGC-ACACGG-TTCCTGT-AATTACGTA
>Ingerophrynus_squamatus
-TCGC-ATAGATGTCTCAAGAGCTTTGCAGATCCG--ATTAACAACATAGGTTGTTGCGC-C-ATAGCTAAATATAGTGCACCACT-CCAAACGTTCTAGAT-GCAAG-CTAACGT-CTACGCGTCTGAACGGTG--ATTCATTATTTGTCGTGAATAGTAGCCTTCATGATCC--CTCTAAGATCACTTGACGG-GCATAGATTGCCACAGTTGGGCG-TGGATT-GCAACAAGCA-CGC-ACACGC-TTCCCGT-CATTACGTA
>Cervus_cavirostris
-TCGCAATA-ATGT-TCCAGAGCTTTGCAGACCCG--ATTAACTAGTTAGGTTGTTGCGC-C-AGAGAGAAAAATAGTACACCAC--CCAATCG-TCTAGC--GAAAG-CTAACGT-ATGCGCGTCTGAACGGTG--ATTCTTTCTTTGGCGTGACCAGTAGCCTTCAGGATCC--CTCCAAGATCACTTGACCG-GCATAGATTGCCACAGTTGGGCGTTG-ATTGTCTACAAACAGCGC-ACACGC--CCC-GG-CATTACGTA
>Xenophrys_vulpes
TGCACTACTAGTCACTAAGGAGTTTAGCCTGTCTGATACAATGACGGTCACTTCTTTTGGACCCCCTATCATTTTGTATCCTCCCAGACATTGAATGTAGTCGG-GTATGAATTTCTCTGCCCGCCTGACCGGTACCTTCGACCAATCTGCTTTAACA-TAGCTCACTGGGTCC--CTCTAGTACAACAGGACT-GCTATTGTTACGATGGGTCAGCCTTTCACTCAATCACCGACATGGTGAGACACGCGACTTTAGCTGACATC
>Plegadis_stylifer
TGCGCTAGCAGTCACGAAGTAGGGTAGA-TATCTT-TACTACGC-GGTCACTTCCTTT-GAC-CCCTATCAGGTTGTATTCAACCGGACATACATTG-AGTCGG-TTTTTAGCATCTATGCCCGCCACACCGTTACCTTCG-TTAATCTGCATTGTCAT-AGCTCAC-GGGTGC--CTCTAGTACAACAGCACTCGATATTGTTACGATGGGTCAGC-TTTCACTTAATCGCCGACAT-ATGAAACACGCGATTTTAGTTGGCATC
>Testudo_labiatus
TGCGCTACCAGTCACGAAGGAGTGTAGA-TATCTTATACTACGA-GGTCACTTCCTTT-GACCCCCTATCATGTTGTATTCTCCCAGACATTGATTG-AGTCGG-TTATTAACATCTATGCCCGCCACACCGTTACCTTCGATTAATCTGCTTTAACAT-AGCTCACTGGGTCC--CTCTAGTACAACAGCACTCGATATTGTTACGATGGGTCAGC-TTTCACTTAATCGCCGACAT-ATGAAACACGCGACTTTAGTTGACATC
>Leiolepis_Anas
GGCGATACTACACAAT-AGAAGTGATGG-TATCTTATCATAGGA-AATGACTACCTTC-GGCGCGATGTGTTG-TGGTTCGTCCCAGAGGAT-TTTG-AGTCGG-TTAGGAACATAAATGCTCGCCCGACCCCTATCT-ATAA-ACT-GGATATAAC-T-AGGTAGCTGAGTCGT-ATCTAGGACGGTAGAGCTCGATATGGATCC--TGGCTCAGA-TTTCACGTGATCCCCGACCATAT-GCTGTCATGCCTTTCGTTGTCATT
>Net_noctua
GGCGATACTACACTAT-AGAAGTGTTGA-TATCTTATCATAGGA-AGTTACTACCTTC-GGCGCGATGTGTTG-TGGTTCGTCCCAGAGAAT-TTTG-AGTCGG-TTAGGAACATAAATGCTCGCCAGACCCCTA-CTTCTAA-AGT-TGCTATAAC-T-AGGTAGCTGAGTCGT-CTCTAGGACGGTAGAGCTCGATATTGATCC--TGGCTCAGC-TTTCACTTGATCCCCGACAT-AT-GCTGACAGGCCTTTCGTTGTCACC
>Platemys_drapiezii
TGCGATACCACTCTAG-AGGAGTGTTGA-TATCTTATACTAGGA-AGTTACTTCCTTT-GGCCCCATGTCTTGTTGGTTTGTCCCAGAGATTGATTG-AGTCGG-TTAGTAACATAAATGCTCGCCACACCCTTA-CTTCGATTAGT-TGCTTTAAC-T-AGGTCGCTGAGTCGT-CTCTAGGACAGTAGAGCTCGATATTGTTCCG-TGGCTCAGC-TTTCACTTAATCCCCGACAT-AT-GCTGACGGGACTTTAGTTGACACC
>Neolycaena_alcinous
TGCGATACCA-TCTGG-AGGAGTGGTGA-GA-CTTATACCAGGA-AGTTACTTCCTTT-GGCCCC-CGTCTTGTTGGCTTGTCCCAGAGATTGATTC-AGTCGG-TTAGTAACATAATTGCTCGCGACATCCTTA-CTTCGATTGGT-TGCTTTAGC-TGAGGTCGCTGAGTCTT-CTCTTGGTCAGTCGAGCTCAATATTATT-CG-CCACTCAGCGGGGCACTTAGTCCCCGACATGAC-GCTGACGGGACTTTAGTTGACACG
