1175
FYEQNELDYMIILNWGTLFTSHEPAIHRGTITEMHIVRYVHEFYGLLPFPPAYSDFLPAACLVDADMLSIHAVTSWATQMSCNIQNFTMFSARSNAGPPTIWTGLEQKSPRYVAGFGHGFPMRHKQHPIGECGISLEMLAFKPRNIFGCGWAKGWHWEEDFIGLYPCQPFGMGRVIEFQICMETQHACKWEIGKWRSTSKRRNCVKVTERHTPPSACQMYHYKFPPPVQRAANKIECKKRQDGFMVWYQRTLFFECFKMCLLWAAAHTRKVVTKVMPYESDMQDIHPLAAFNGLIFGHECPMIYTMQCQFFFMQAWWTNLLWGSQKRDTANFRTWIADWITINDLPCKLLTMGQIKIGIHYYKRDNCCKPVNGAYDKRAFIDSQIHAHMRWCYGIFWPRMCNHSTDRQKCMPAYSILTTDDPHDTVDWMNGYMEKERKVATMTHHKQSMHEKFSVKMQSVDKILYCRMTCKDMIQTMWPDFKRLPLHSLLFPCKTHWYPKKTPWCFLDCDYLPSQCGLRPHWQMNVHYKMPAHGAQMAKSMGEAFMSHQPTHIEIHYEVVSFRIWRGVYKIGNSTSSFRRTHDTPSFHGFTTFGCWSGIRWDTECIGAPFIYDIDHEHTVGYDQDNWESLVDNDDYGKSESDNTCDSDEDPEIQMTHWFYCKISFAAVEGEQRWNRHMSCQCQFTDFMLLYFHMCPGVYRFDQSPEVCQIPMQQIWVPCPRKVPPGYEVHDTVSPKAPCRHQVLQNRVNTMSFSPIPINPNREDFDASRIFVYNEKYHYFRFFIENMMWQGAELNPQFHQLTVVAMAVGYFSANYNWPIWAGIWLCGSARVAENWDTEHWPRFLHMIGGFYVFSLASLWKHWYEIIHVHISHFPPEVGHDMFQPMGDYENFCEREWWR
FFRGCTITFMCYCAGWGIHNSVDFQRAGAMKGETERRRNPSLQKQLYCDEAFREIGIGCGFFEEDEHRQTDRGRIHWAHRCVQGHAQGQLWREKALWCYFHEENHEPPYQHPVNSNFWVFGSICDFKDDKEEIANLPCWTKPCEVDMHCSMMMFQIDVPAVPGQFESGHFNRGWLWKLYLRRHFQIVRQAPSQFGKDVQFMCDHDPGPVEYPNNDWQVFFPILETPREMGDIYFWCPWWQKECKYIMQYAISMLLRFIWYELLPRYIGGKPQCEGIGNQKSHWCQMMVWCSDHSFWVYLKREPMIYTMQTWWTNLIQFTVKNMDAVISDWITMIGQIKIGIHKYKRDNNQKPVNGAYDKVLPHYYCAFIDSQIHAMRGIWRWDDFDSLWPRMCNHSTDRQKCMPAYSHTDSLWTDKFNPQPVVEQHTVDWMCGYMEVERKVATMTHHMHEKECLCEPSCSVEMQPVDKILYCRMTCKDMIQTMWCRPIDKLLFPCKTHWYCQKKTCWLDCDYWESQCKTGYDTYPNVNCARRPHWQMNVHSKDEYPWLAWLRVWRYLVAKSMGEAFFSFRIWRGVYKIGNSTTHDTPSFHGFNTFGCWIRDNIQCHGNGATYHIDHEHTVGYDQDNWRSLVDNDFVGQDYGKSKSDNTCDSREDPEFWFVLQNEIKIDCSCVEIFTQYEREWYLPQNMPDGVTMDQYWLQTYYKHYYCTRPIDWYQDSYAFKHIGIDMLGKMHGKMVVPNFTVPRYGWVMLIECARFQGCAIIHFHYHTPPLMVNKYQCYNMCEGSTCIDHLYCWFKPPVVRGQSDVNNFNTKIARGDRFNPGHDEGYLIGQLVFKWTTIYAASSFHEILPIGTVAEEPKFSSHQKQVWCPNNLSESEGSDWNYVDGKLQEWPGIPMNSKAFMARAFRYRQMPWRR
