AGCACATAGTAA
CTCTCCTGGTCG
AAAGACGAGTTC
AAAGAAGAGTAA
GACGCGTATTCC
TCAGCAAACGGA
GTAACGGATTAA
ACAGCAGACTGC
GCCTCGAAGTCC
TAATCAAGGGAG
CGAACCCACAGT
ATAGCCCGGGTC
GCCTCACAGTAA
ATCGCAAAGTTC
GACGCACAGTAG
GCCACATAGAAC
GCAGCAAAGGGA
ACCGCAAGGAGA
CGCTCACAGTCA
GTAGCCAAGTAA
TACGCAAAGTCT
GCAGCAAAGGCC
CCAACGAAGTTC
TTCTCATAGTAT
GCCACATAGTAA
