TAGTAAGGCACCCTCCCACCCTCGGTATAGCAAGGCACCCTC
TAGTAAGGCACCCTCCCACCCTCTAGCAAGGCACCCTCGGTA
TAGTAAGGCACCCTCCCTCGGTATAGCAAGGCACCCACCCTC
TAGTAAGGCACCCTCCCTCTAGCAAGGCACCCACCCTCGGTA
TAGTAAGGCACCCTCGGTATAGCAAGGCACCCACCCTCCCTC
TAGTAAGGCACCCTCGGTATAGCAAGGCACCCTCCCACCCTC
TAGTAAGGCACCCTCTAGCAAGGCACCCACCCTCCCTCGGTA
TAGTAAGGCACCCTCTAGCAAGGCACCCTCCCACCCTCGGTA
TAGTAAGGCACCCACCCTCCCTCGGTATAGCAAGGCACCCTC
TAGTAAGGCACCCACCCTCCCTCTAGCAAGGCACCCTCGGTA
TAGTAAGGCACCCACCCTCGGTATAGCAAGGCACCCTCCCTC
TAGTAAGGCACCCACCCTCTAGCAAGGCACCCTCCCTCGGTA
TAGTAAGGCAAGGCACCCTCCCACCCTCGGTATAGCACCCTC
TAGTAAGGCAAGGCACCCTCCCACCCTCTAGCACCCTCGGTA
TAGTAAGGCAAGGCACCCTCCCTCGGTATAGCACCCACCCTC
TAGTAAGGCAAGGCACCCTCCCTCTAGCACCCACCCTCGGTA
TAGTAAGGCAAGGCACCCTCGGTATAGCACCCACCCTCCCTC
TAGTAAGGCAAGGCACCCTCGGTATAGCACCCTCCCACCCTC
TAGTAAGGCAAGGCACCCTCTAGCACCCACCCTCCCTCGGTA
TAGTAAGGCAAGGCACCCTCTAGCACCCTCCCACCCTCGGTA
TAGTAAGGCAAGGCACCCACCCTCCCTCGGTATAGCACCCTC
TAGTAAGGCAAGGCACCCACCCTCCCTCTAGCACCCTCGGTA
TAGTAAGGCAAGGCACCCACCCTCGGTATAGCACCCTCCCTC
TAGTAAGGCAAGGCACCCACCCTCTAGCACCCTCCCTCGGTA
TAGTATAGCACCCTCCCACCCTCGGTAAGGCAAGGCACCCTC
TAGTATAGCACCCTCCCTCGGTAAGGCAAGGCACCCACCCTC
TAGTATAGCACCCTCGGTAAGGCAAGGCACCCACCCTCCCTC
TAGTATAGCACCCTCGGTAAGGCAAGGCACCCTCCCACCCTC
TAGTATAGCACCCACCCTCCCTCGGTAAGGCAAGGCACCCTC
TAGTATAGCACCCACCCTCGGTAAGGCAAGGCACCCTCCCTC
TAGTATAGCAAGGCACCCTCCCACCCTCGGTAAGGCACCCTC
TAGTATAGCAAGGCACCCTCCCTCGGTAAGGCACCCACCCTC
TAGTATAGCAAGGCACCCTCGGTAAGGCACCCACCCTCCCTC
TAGTATAGCAAGGCACCCTCGGTAAGGCACCCTCCCACCCTC
TAGTATAGCAAGGCACCCACCCTCCCTCGGTAAGGCACCCTC
TAGTATAGCAAGGCACCCACCCTCGGTAAGGCACCCTCCCTC
