AAATAAAAAACGTCAGGCTGCGTCCCCCGAAGTATTCAATAACCAACGCGGATTTGAACGTGGGATAG
AAATAAAAAACGTCAGGCTGCGTCCCCCGAAGTATTCAATAACCAACGCGGATTTGAACGTGGGATAG
AAATCGTATTCTATTCCACCGGCAAGCACTCCGATTGTAAACCGCACTCTACTTAGGAGCATTTGAGG
AAATCGTATTCTATTCCACCGGCAAGCACTCCGATTGTAAACCGCACTCTACTTAGGAGCATTTGAGG
AATAAAAAACGTCAGGCTGCGTCCCCCGAAGTATTCAATAACCAACGCGGATTTGAACGTGGGATAGT
AATAAAAAACGTCAGGCTGCGTCCCCCGAAGTATTCAATAACCAACGCGGATTTGAACGTGGGATAGT
AATCGTATTCTATTCCACCGGCAAGCACTCCGATTGTAAACCGCACTCTACTTAGGAGCATTTGAGGA
AATCGTATTCTATTCCACCGGCAAGCACTCCGATTGTAAACCGCACTCTACTTAGGAGCATTTGAGGA
ACACTACTGTTCAAAATAGGAGAGACGCCGCCGCCGTGAAATAAATCAGTCCGCCTTAGTATAATCTC
ACACTACTGTTCAAAATAGGAGAGACGCCGCCGCCGTGAAATAAATCAGTCCGCCTTAGTATAATCTC
ACATAAGATCTGTTACGCTCCAGGCCCTGGCGGTCCGGGCTCCGTAAAGGCACGTATTACAGGGAAGT
ACATAAGATCTGTTACGCTCCAGGCCCTGGCGGTCCGGGCTCCGTAAAGGCACGTATTACAGGGAAGT
ACCCCATAGCTGGCGAGGGGTGGATAACTCTGTAGGAGCGTGTACAAACCAATGAACATGTAGTTGTA
ACCCCATAGCTGGCGAGGGGTGGATAACTCTGTAGGAGCGTGTACAAACCAATGAACATGTAGTTGTA
ACCCGTGGCTATAGCGGGGTGGGAGACACGAAATTGTCCTCGAAATCGGTCAAGATTATCGGATTGCT
ACCCGTGGCTATAGCGGGGTGGGAGACACGAAATTGTCCTCGAAATCGGTCAAGATTATCGGATTGCT
ACCGCAGGCTTTTAAGTTAAACCTAGTAGAAGGTACCATTGGTATGTATTATATATCTTTTGGCGGGA
ACCGCAGGCTTTTAAGTTAAACCTAGTAGAAGGTACCATTGGTATGTATTATATATCTTTTGGCGGGA
ACCGGTAGTTTGTAATGTCGCTGCCAAGCACGGATTACTTTCGCTACAAGATGTTTTGGATACAAGCT
ACCGGTAGTTTGTAATGTCGCTGCCAAGCACGGATTACTTTCGCTACAAGATGTTTTGGATACAAGCT
ACCTTCGAAGGCTAAATAACACGCGTGTTCAGCATTTTCCCTCCGCTACTGCATCATCACGCCTTCGT
ACCTTCGAAGGCTAAATAACACGCGTGTTCAGCATTTTCCCTCCGCTACTGCATCATCACGCCTTCGT
ACGATACCTGCAGAGTAGCTGACCTTTGCGAACTGGACCTCTAAAATGCTGGGTAATGTAAGTTTACC
ACGATACCTGCAGAGTAGCTGACCTTTGCGAACTGGACCTCTAAAATGCTGGGTAATGTAAGTTTACC
ACGTAACCAGTTTCGTTTCCCACGGTACGAGCGCACCCCCCCACTCTCTTCCAACGGCTAAGTTCCTA
ACGTAACCAGTTTCGTTTCCCACGGTACGAGCGCACCCCCCCACTCTCTTCCAACGGCTAAGTTCCTA
ACTACTGTTCAAAATAGGAGAGACGCCGCCGCCGTGAAATAAATCAGTCCGCCTTAGTATAATCTCGAATACTCTAGGAGGCGCCGCCCTGAGGCCGTGATAGTAGCCCTTAGGATTTTGTGGGGTAGAC
AGATCAGTCCGCCAGACACTTGTAGTTTACCATCCACCTTTCGTCCCGCTGTGTGCAGTTTCGTAGGC
AGATCAGTCCGCCAGACACTTGTAGTTTACCATCCACCTTTCGTCCCGCTGTGTGCAGTTTCGTAGGC
AGGAGAGGATCCCCACTCGCAAGAATAATCTTAACACTGACGTCGAGCAGTGACTGGCGCCGTCTGCG
AGGAGAGGATCCCCACTCGCAAGAATAATCTTAACACTGACGTCGAGCAGTGACTGGCGCCGTCTGCG
AGGCAGCTGCCACGTCATATCCGGATTTTACGGGAGATCCTATTGCGCAGGGGTCTAGTAACGAATGT
AGGCAGCTGCCACGTCATATCCGGATTTTACGGGAGATCCTATTGCGCAGGGGTCTAGTAACGAATGT
AGGCCATAGAACGATCAGACCCGCCAAGACATAACCTGTGAGTCTTTCTGTTTCTACGGATAAACACG
AGGCCATAGAACGATCAGACCCGCCAAGACATAACCTGTGAGTCTTTCTGTTTCTACGGATAAACACG
AGGTGAAAAAATCGGCCTGCTGTAAGACCAATGCTACCATTCCCGCCTGTTGGCTAAAGGCGGAGGGA
AGGTGAAAAAATCGGCCTGCTGTAAGACCAATGCTACCATTCCCGCCTGTTGGCTAAAGGCGGAGGGA
ATAAAAAACGTCAGGCTGCGTCCCCCGAAGTATTCAATAACCAACGCGGATTTGAACGTGGGATAGTGCTCCGTACGTCAGTACTCGGCGCGTGTCATTCCGGTGCCCTAACACGCACGCTCGCGTAGATACC
ATAACACCGGAACCCGGAGAACGCGCCTCATGAATTTTAATGACTCACTTTCAGCCGAGTATGTAGCTGTCCGGCCCCCCCCTTAGGATAAATTAGGAAAAACTGAGTTTTTAACAGCACACATATGTGAATCA
ATAAGATCTGTTACGCTCCAGGCCCTGGCGGTCCGGGCTCCGTAAAGGCACGTATTACAGGGAAGTCGCCTGAGCCGGAATTTTTACAGGAAGTTATAGGGAGATGTTCTGATACCGTAATTTACGTATCCTCGGTAAGAGGGCCATCTAAGCGCGCGGATTTAACCCATAGATTTGTGCAGTGTCCGTTATACCATCTT
ATAAGTCACACAGAGGGACCCTTTTTACCGTTGGTATGAGGCCCCCCTTGAATTAACGTCCAAATTTTATAACACCGGAACCCGGAGAACGCGCCTCATGAATTTTAATGACTCACTTTCAGCCGAGTATGTA
ATACGATACCTGCAGAGTAGCTGACCTTTGCGAACTGGACCTCTAAAATGCTGGGTAATGTAAGTTTA
ATACGATACCTGCAGAGTAGCTGACCTTTGCGAACTGGACCTCTAAAATGCTGGGTAATGTAAGTTTA
ATCGTATTCTATTCCACCGGCAAGCACTCCGATTGTAAACCGCACTCTACTTAGGAGCATTTGAGGAAATGTTTATCTGCTAAGAGGGTGCGCCGTTTTACAGCAGGGTCCGACTGTTGGAGTAGCTGAGTCGTGTGATTTGCTCACCAGCATTAGCGTCATATCCCTCCTCCACTTACAATCAAGGTGACGAGGTAGCTAACCCATCATCAGTCGTTGCCCTTAGTGACGGCCAAAGGGTACTAACATTCTATCCGACGTATTGACGC
ATCTCTCATATTTGACATGATGTTGCGCCCTCCTTACGCAACTGAAACAGGGTGGGCTATAAGTTGACCCCATAGCTGGCGAGGGGTGGATAACTCTGTAGGAGCGTGTACAAACCAATGAACATGTAGTTGT
ATTTGGGCACGGATGGCAGGCGACACGTTGAGCTCTGCATGGCAATCTGCCGTGCTTGTAGTAGGTCT
ATTTGGGCACGGATGGCAGGCGACACGTTGAGCTCTGCATGGCAATCTGCCGTGCTTGTAGTAGGTCT
CACATAAGATCTGTTACGCTCCAGGCCCTGGCGGTCCGGGCTCCGTAAAGGCACGTATTACAGGGAAG
CACATAAGATCTGTTACGCTCCAGGCCCTGGCGGTCCGGGCTCCGTAAAGGCACGTATTACAGGGAAG
CACCTTCGAAGGCTAAATAACACGCGTGTTCAGCATTTTCCCTCCGCTACTGCATCATCACGCCTTCG
CACCTTCGAAGGCTAAATAACACGCGTGTTCAGCATTTTCCCTCCGCTACTGCATCATCACGCCTTCG
CACTACTGTTCAAAATAGGAGAGACGCCGCCGCCGTGAAATAAATCAGTCCGCCTTAGTATAATCTCG
CACTACTGTTCAAAATAGGAGAGACGCCGCCGCCGTGAAATAAATCAGTCCGCCTTAGTATAATCTCG
CAGGCGCTATAAGAGGAGCAATCCCCCCCGTTTTGACAATCTGTAGCATCGTAGCTGGGTTGCCGATTTTAAATTCGAGCGGTGATGGGACCGGTGTAAGTAGCAGTGCCATTCTATGCAGCTGGTCCAAATTC
CAGGTGAAAAAATCGGCCTGCTGTAAGACCAATGCTACCATTCCCGCCTGTTGGCTAAAGGCGGAGGG
CAGGTGAAAAAATCGGCCTGCTGTAAGACCAATGCTACCATTCCCGCCTGTTGGCTAAAGGCGGAGGG
CATAAGATCTGTTACGCTCCAGGCCCTGGCGGTCCGGGCTCCGTAAAGGCACGTATTACAGGGAAGTC
CATAAGATCTGTTACGCTCCAGGCCCTGGCGGTCCGGGCTCCGTAAAGGCACGTATTACAGGGAAGTC
CATCATCAGTCGTTGCCCTTAGTGACGGCCAAAGGGTACTAACATTCTATCCGACGTATTGACGCAACCCGTGGCTATAGCGGGGTGGGAGACACGAAATTGTCCTCGAAATCGGTCAAGATTATCGGATTGC
CCAGACCGATTGGATATCGACCGACATATCAATTTGTGATCATCTGTTGGAAAAAAGCCTGGTGCTGTATTTCGAATGGCGGGTTGCACAGATGTTTTTACTAACTTGGTTCCACTGCTTGGAGGGTAGGTTTAAGGCAGCTGCCACGTCATATCCGGATTTTACGGGAGATCCTATTGCGCAGGGGTCTAGTAACGAATG
CCATCATCAGTCGTTGCCCTTAGTGACGGCCAAAGGGTACTAACATTCTATCCGACGTATTGACGCAA
CCATCATCAGTCGTTGCCCTTAGTGACGGCCAAAGGGTACTAACATTCTATCCGACGTATTGACGCAA
CCCAGACCGATTGGATATCGACCGACATATCAATTTGTGATCATCTGTTGGAAAAAAGCCTGGTGCTG
CCCAGACCGATTGGATATCGACCGACATATCAATTTGTGATCATCTGTTGGAAAAAAGCCTGGTGCTG
CCCATCATCAGTCGTTGCCCTTAGTGACGGCCAAAGGGTACTAACATTCTATCCGACGTATTGACGCA
CCCATCATCAGTCGTTGCCCTTAGTGACGGCCAAAGGGTACTAACATTCTATCCGACGTATTGACGCA
CCCCATAGCTGGCGAGGGGTGGATAACTCTGTAGGAGCGTGTACAAACCAATGAACATGTAGTTGTAAATCGTATTCTATTCCACCGGCAAGCACTCCGATTGTAAACCGCACTCTACTTAGGAGCATTTGA
CCCGTGGCTATAGCGGGGTGGGAGACACGAAATTGTCCTCGAAATCGGTCAAGATTATCGGATTGCTAGGCCATAGAACGATCAGACCCGCCAAGACATAACCTGTGAGTCTTTCTGTTTCTACGGATAAACA
CCGCAGGCTTTTAAGTTAAACCTAGTAGAAGGTACCATTGGTATGTATTATATATCTTTTGGCGGGAC
CCGCAGGCTTTTAAGTTAAACCTAGTAGAAGGTACCATTGGTATGTATTATATATCTTTTGGCGGGAC
CCGGTAGTTTGTAATGTCGCTGCCAAGCACGGATTACTTTCGCTACAAGATGTTTTGGATACAAGCTC
CCGGTAGTTTGTAATGTCGCTGCCAAGCACGGATTACTTTCGCTACAAGATGTTTTGGATACAAGCTC
CCTTCGAAGGCTAAATAACACGCGTGTTCAGCATTTTCCCTCCGCTACTGCATCATCACGCCTTCGTT
CCTTCGAAGGCTAAATAACACGCGTGTTCAGCATTTTCCCTCCGCTACTGCATCATCACGCCTTCGTT
CCTTTTGGTTTTTTATACATATAGATGCGCATCGGCACGATTGGCAATTCTGAGCAGCTGGACATCCA
CCTTTTGGTTTTTTATACATATAGATGCGCATCGGCACGATTGGCAATTCTGAGCAGCTGGACATCCA
CGAATACTCTAGGAGGCGCCGCCCTGAGGCCGTGATAGTAGCCCTTAGGATTTTGTGGGGTAGACACC
CGAATACTCTAGGAGGCGCCGCCCTGAGGCCGTGATAGTAGCCCTTAGGATTTTGTGGGGTAGACACC
CGATACCTGCAGAGTAGCTGACCTTTGCGAACTGGACCTCTAAAATGCTGGGTAATGTAAGTTTACCGCAGGCTTTTAAGTTAAACCTAGTAGAAGGTACCATTGGTATGTATTATATATCTTTTGGCGG
CGCAGGCTTTTAAGTTAAACCTAGTAGAAGGTACCATTGGTATGTATTATATATCTTTTGGCGGGACGTGAGGGTACGACTATGAACATTTCTTCTGATGGTCGGGGTTCTATACTGACACTATTCAGTTCCATTATAAGTCACACAGAGGGACCCTTTTTACCGTTGGTATGAGGCCCCCCTTGAATTAACGTCCAAATT
CGGTAGTTTGTAATGTCGCTGCCAAGCACGGATTACTTTCGCTACAAGATGTTTTGGATACAAGCTCCATTGATTATGAAGCCCAATTAAAATGGCACGCAGCTAGCGCAGAATCGCCGCTTCCTCTCTGTGGCCATACCAGTCTTTGACCACTGACGAGTCTCACTGGTTAGGGCCAGGCTTTACTTTCACGCGGACCGAGCGGGAGTATAAATCATCCGCCGGGTATCAAATTGTGCCCACATACTCGGCAGCGTAGGTCCTGTACAA
CGTAACCAGTTTCGTTTCCCACGGTACGAGCGCACCCCCCCACTCTCTTCCAACGGCTAAGTTCCTAA
CGTAACCAGTTTCGTTTCCCACGGTACGAGCGCACCCCCCCACTCTCTTCCAACGGCTAAGTTCCTAA
CGTGAGATGATAGTCGACATTCTAAGTAGGATGCAAACCAAAAACAATTAGAGATGTTCACGGACTAT
CGTGAGATGATAGTCGACATTCTAAGTAGGATGCAAACCAAAAACAATTAGAGATGTTCACGGACTAT
CTCGAATACTCTAGGAGGCGCCGCCCTGAGGCCGTGATAGTAGCCCTTAGGATTTTGTGGGGTAGACA
CTCGAATACTCTAGGAGGCGCCGCCCTGAGGCCGTGATAGTAGCCCTTAGGATTTTGTGGGGTAGACA
CTGGCCCCTACCAGCCGTGAATGGTGATCTCACAGCTGCGAGATAAGGCAAAGACCCCCAGCATCTCC
CTGGCCCCTACCAGCCGTGAATGGTGATCTCACAGCTGCGAGATAAGGCAAAGACCCCCAGCATCTCC
CTTCGAAGGCTAAATAACACGCGTGTTCAGCATTTTCCCTCCGCTACTGCATCATCACGCCTTCGTTGCCCGTTATCAACGAACCATATTCTAGCTTCAGTGTCGATCAGTGTGGAGACAACTTCGCGTTC
CTTTTGGTTTTTTATACATATAGATGCGCATCGGCACGATTGGCAATTCTGAGCAGCTGGACATCCAGGGCCGGTACTTAAGAGGGAGTGTGAGGCAACCACCGTGCCCCATCCGCCCCTTCAACCAATTGCAGACGTAACCAGTTTCGTTTCCCACGGTACGAGCGCACCCCCCCACTCTCTTCCAACGGCTAAGTTCCT
GAATACTCTAGGAGGCGCCGCCCTGAGGCCGTGATAGTAGCCCTTAGGATTTTGTGGGGTAGACACCTTCGAAGGCTAAATAACACGCGTGTTCAGCATTTTCCCTCCGCTACTGCATCATCACGCCTTC
GACACTACTGTTCAAAATAGGAGAGACGCCGCCGCCGTGAAATAAATCAGTCCGCCTTAGTATAATCT
GACACTACTGTTCAAAATAGGAGAGACGCCGCCGCCGTGAAATAAATCAGTCCGCCTTAGTATAATCT
GACCGGTAGTTTGTAATGTCGCTGCCAAGCACGGATTACTTTCGCTACAAGATGTTTTGGATACAAGC
GACCGGTAGTTTGTAATGTCGCTGCCAAGCACGGATTACTTTCGCTACAAGATGTTTTGGATACAAGC
GACTTGGATGAGGTTTCTAGGCATACCCACGCACACCCAAGCTACGATCGGATCGCGCATGGTAGCTAAGTGTAACCCTCCTCATGTAAATTGAACCCAGACACACACGTCATTCAAAGAGTCACTGGTAGTGGACACTACTGTTCAAAATAGGAGAGACGCCGCCGCCGTGAAATAAATCAGTCCGCCTTAGTATAATC
GATCAGTCCGCCAGACACTTGTAGTTTACCATCCACCTTTCGTCCCGCTGTGTGCAGTTTCGTAGGCAGGTGAAAAAATCGGCCTGCTGTAAGACCAATGCTACCATTCCCGCCTGTTGGCTAAAGGCGGAG
GATCTCTCATATTTGACATGATGTTGCGCCCTCCTTACGCAACTGAAACAGGGTGGGCTATAAGTTGA
GATCTCTCATATTTGACATGATGTTGCGCCCTCCTTACGCAACTGAAACAGGGTGGGCTATAAGTTGA
GCAGCTGCCACGTCATATCCGGATTTTACGGGAGATCCTATTGCGCAGGGGTCTAGTAACGAATGTATTTGGGCACGGATGGCAGGCGACACGTTGAGCTCTGCATGGCAATCTGCCGTGCTTGTAGTAGGTC
GCAGGTGAAAAAATCGGCCTGCTGTAAGACCAATGCTACCATTCCCGCCTGTTGGCTAAAGGCGGAGG
GCAGGTGAAAAAATCGGCCTGCTGTAAGACCAATGCTACCATTCCCGCCTGTTGGCTAAAGGCGGAGG
GCCCAGACCGATTGGATATCGACCGACATATCAATTTGTGATCATCTGTTGGAAAAAAGCCTGGTGCT
GCCCAGACCGATTGGATATCGACCGACATATCAATTTGTGATCATCTGTTGGAAAAAAGCCTGGTGCT
GCTCCGTACGTCAGTACTCGGCGCGTGTCATTCCGGTGCCCTAACACGCACGCTCGCGTAGATACCAAGCTTAATGACATGTTATTCATTTAAGACGCTCTTAGCGTTACGCTCTAAGTCGGCTAGACAGCTGACTCGTGAGATGATAGTCGACATTCTAAGTAGGATGCAAACCAAAAACAATTAGAGATGTTCACGGACT
GCTGGCCCCTACCAGCCGTGAATGGTGATCTCACAGCTGCGAGATAAGGCAAAGACCCCCAGCATCTC
GCTGGCCCCTACCAGCCGTGAATGGTGATCTCACAGCTGCGAGATAAGGCAAAGACCCCCAGCATCTC
GGAGAGGATCCCCACTCGCAAGAATAATCTTAACACTGACGTCGAGCAGTGACTGGCGCCGTCTGCGCCCAGACCGATTGGATATCGACCGACATATCAATTTGTGATCATCTGTTGGAAAAAAGCCTGGTGC
GGAGTATAAATCATCCGCCGGGTATCAAATTGTGCCCACATACTCGGCAGCGTAGGTCCTGTACAAACCTTTTGGTTTTTTATACATATAGATGCGCATCGGCACGATTGGCAATTCTGAGCAGCTGGACATCC
GGATCTCTCATATTTGACATGATGTTGCGCCCTCCTTACGCAACTGAAACAGGGTGGGCTATAAGTTG
GGATCTCTCATATTTGACATGATGTTGCGCCCTCCTTACGCAACTGAAACAGGGTGGGCTATAAGTTG
GGCAGCTGCCACGTCATATCCGGATTTTACGGGAGATCCTATTGCGCAGGGGTCTAGTAACGAATGTA
GGCAGCTGCCACGTCATATCCGGATTTTACGGGAGATCCTATTGCGCAGGGGTCTAGTAACGAATGTA
GGCCATAGAACGATCAGACCCGCCAAGACATAACCTGTGAGTCTTTCTGTTTCTACGGATAAACACGGTTATGCCTGCAGATACCCCCGTTAATGTAGGCCAGCTACCATTGCCCGTCCGGATTGCTTCGAACGGCTGGCCCCTACCAGCCGTGAATGGTGATCTCACAGCTGCGAGATAAGGCAAAGACCCCCAGCATCT
GGGAGTATAAATCATCCGCCGGGTATCAAATTGTGCCCACATACTCGGCAGCGTAGGTCCTGTACAAA
GGGAGTATAAATCATCCGCCGGGTATCAAATTGTGCCCACATACTCGGCAGCGTAGGTCCTGTACAAA
GGTAAGAGGGCCATCTAAGCGCGCGGATTTAACCCATAGATTTGTGCAGTGTCCGTTATACCATCTTA
GGTAAGAGGGCCATCTAAGCGCGCGGATTTAACCCATAGATTTGTGCAGTGTCCGTTATACCATCTTA
GGTCTTAGCTTTAGAGTAAGTCCAGGGGCCCTAGCAACCCCGGAGATAAATGAAAGAATGCGTGCACATAAGATCTGTTACGCTCCAGGCCCTGGCGGTCCGGGCTCCGTAAAGGCACGTATTACAGGGAA
GGTGAAAAAATCGGCCTGCTGTAAGACCAATGCTACCATTCCCGCCTGTTGGCTAAAGGCGGAGGGATCTCTCATATTTGACATGATGTTGCGCCCTCCTTACGCAACTGAAACAGGGTGGGCTATAAGTT
GTAACCAGTTTCGTTTCCCACGGTACGAGCGCACCCCCCCACTCTCTTCCAACGGCTAAGTTCCTAAG
GTAACCAGTTTCGTTTCCCACGGTACGAGCGCACCCCCCCACTCTCTTCCAACGGCTAAGTTCCTAAG
GTAAGAGGGCCATCTAAGCGCGCGGATTTAACCCATAGATTTGTGCAGTGTCCGTTATACCATCTTAA
GTAAGAGGGCCATCTAAGCGCGCGGATTTAACCCATAGATTTGTGCAGTGTCCGTTATACCATCTTAA
GTGAGATGATAGTCGACATTCTAAGTAGGATGCAAACCAAAAACAATTAGAGATGTTCACGGACTATTCATGCTGGTAGGACAGGTCCGTACCCGGAGATCCCTTAGCGGAGTCTGGGATGGGATCGAAGTTGATACGATACCTGCAGAGTAGCTGACCTTTGCGAACTGGACCTCTAAAATGCTGGGTAATGTAAGTTT
GTGGTCTTAGCTTTAGAGTAAGTCCAGGGGCCCTAGCAACCCCGGAGATAAATGAAAGAATGCGTGCA
GTGGTCTTAGCTTTAGAGTAAGTCCAGGGGCCCTAGCAACCCCGGAGATAAATGAAAGAATGCGTGCA
GTTGCCCGTTATCAACGAACCATATTCTAGCTTCAGTGTCGATCAGTGTGGAGACAACTTCGCGTTCA
GTTGCCCGTTATCAACGAACCATATTCTAGCTTCAGTGTCGATCAGTGTGGAGACAACTTCGCGTTCA
TAAATCGTATTCTATTCCACCGGCAAGCACTCCGATTGTAAACCGCACTCTACTTAGGAGCATTTGAG
TAAATCGTATTCTATTCCACCGGCAAGCACTCCGATTGTAAACCGCACTCTACTTAGGAGCATTTGAG
TAAATTCGAGCGGTGATGGGACCGGTGTAAGTAGCAGTGCCATTCTATGCAGCTGGTCCAAATTCCCGCATCCCGATGTATGCAAGGACCCCTTCTCGTGTGCCGCGTTGATATCTCTCGCTCGTTCAATAAACATTTCGGAGATTCAGCATAAGCCACAGGTGCCGAACGTGTTAGTGTAGAGGCGGTATGACCCCGTTCC
TAACCAGTTTCGTTTCCCACGGTACGAGCGCACCCCCCCACTCTCTTCCAACGGCTAAGTTCCTAAGGAGAGGATCCCCACTCGCAAGAATAATCTTAACACTGACGTCGAGCAGTGACTGGCGCCGTCTGC
TAAGAGGGCCATCTAAGCGCGCGGATTTAACCCATAGATTTGTGCAGTGTCCGTTATACCATCTTAAGATCAGTCCGCCAGACACTTGTAGTTTACCATCCACCTTTCGTCCCGCTGTGTGCAGTTTCGTAGG
TACCGCAGGCTTTTAAGTTAAACCTAGTAGAAGGTACCATTGGTATGTATTATATATCTTTTGGCGGG
TACCGCAGGCTTTTAAGTTAAACCTAGTAGAAGGTACCATTGGTATGTATTATATATCTTTTGGCGGG
TACGATACCTGCAGAGTAGCTGACCTTTGCGAACTGGACCTCTAAAATGCTGGGTAATGTAAGTTTAC
TACGATACCTGCAGAGTAGCTGACCTTTGCGAACTGGACCTCTAAAATGCTGGGTAATGTAAGTTTAC
TAGGCCATAGAACGATCAGACCCGCCAAGACATAACCTGTGAGTCTTTCTGTTTCTACGGATAAACAC
TAGGCCATAGAACGATCAGACCCGCCAAGACATAACCTGTGAGTCTTTCTGTTTCTACGGATAAACAC
TATAACACCGGAACCCGGAGAACGCGCCTCATGAATTTTAATGACTCACTTTCAGCCGAGTATGTAGC
TATAACACCGGAACCCGGAGAACGCGCCTCATGAATTTTAATGACTCACTTTCAGCCGAGTATGTAGC
TATAAGTCACACAGAGGGACCCTTTTTACCGTTGGTATGAGGCCCCCCTTGAATTAACGTCCAAATTT
TATAAGTCACACAGAGGGACCCTTTTTACCGTTGGTATGAGGCCCCCCTTGAATTAACGTCCAAATTT
TCGAATACTCTAGGAGGCGCCGCCCTGAGGCCGTGATAGTAGCCCTTAGGATTTTGTGGGGTAGACAC
TCGAATACTCTAGGAGGCGCCGCCCTGAGGCCGTGATAGTAGCCCTTAGGATTTTGTGGGGTAGACAC
TCGTGAGATGATAGTCGACATTCTAAGTAGGATGCAAACCAAAAACAATTAGAGATGTTCACGGACTA
TCGTGAGATGATAGTCGACATTCTAAGTAGGATGCAAACCAAAAACAATTAGAGATGTTCACGGACTA
TGACTTGGATGAGGTTTCTAGGCATACCCACGCACACCCAAGCTACGATCGGATCGCGCATGGTAGCT
TGACTTGGATGAGGTTTCTAGGCATACCCACGCACACCCAAGCTACGATCGGATCGCGCATGGTAGCT
TGCCCGTTATCAACGAACCATATTCTAGCTTCAGTGTCGATCAGTGTGGAGACAACTTCGCGTTCAAATAAAAAACGTCAGGCTGCGTCCCCCGAAGTATTCAATAACCAACGCGGATTTGAACGTGGGATA
TGCTCCGTACGTCAGTACTCGGCGCGTGTCATTCCGGTGCCCTAACACGCACGCTCGCGTAGATACCA
TGCTCCGTACGTCAGTACTCGGCGCGTGTCATTCCGGTGCCCTAACACGCACGCTCGCGTAGATACCA
TGGCCCCTACCAGCCGTGAATGGTGATCTCACAGCTGCGAGATAAGGCAAAGACCCCCAGCATCTCCACTGGGTATTTGAAATGGATGAGCTCAGTCTACTCTGACGATTGAATGACGAGTTGATGAAGCGTGGACCGGTAGTTTGTAATGTCGCTGCCAAGCACGGATTACTTTCGCTACAAGATGTTTTGGATACAAG
TGGTCTTAGCTTTAGAGTAAGTCCAGGGGCCCTAGCAACCCCGGAGATAAATGAAAGAATGCGTGCAC
TGGTCTTAGCTTTAGAGTAAGTCCAGGGGCCCTAGCAACCCCGGAGATAAATGAAAGAATGCGTGCAC
TTAAATTCGAGCGGTGATGGGACCGGTGTAAGTAGCAGTGCCATTCTATGCAGCTGGTCCAAATTCCC
TTAAATTCGAGCGGTGATGGGACCGGTGTAAGTAGCAGTGCCATTCTATGCAGCTGGTCCAAATTCCC
TTATAACACCGGAACCCGGAGAACGCGCCTCATGAATTTTAATGACTCACTTTCAGCCGAGTATGTAG
TTATAACACCGGAACCCGGAGAACGCGCCTCATGAATTTTAATGACTCACTTTCAGCCGAGTATGTAG
TTCGGAGATTCAGCATAAGCCACAGGTGCCGAACGTGTTAGTGTAGAGGCGGTATGACCCCGTTCCGTGGTCTTAGCTTTAGAGTAAGTCCAGGGGCCCTAGCAACCCCGGAGATAAATGAAAGAATGCGTGC
TTGACTTGGATGAGGTTTCTAGGCATACCCACGCACACCCAAGCTACGATCGGATCGCGCATGGTAGC
TTGACTTGGATGAGGTTTCTAGGCATACCCACGCACACCCAAGCTACGATCGGATCGCGCATGGTAGC
TTGCCCGTTATCAACGAACCATATTCTAGCTTCAGTGTCGATCAGTGTGGAGACAACTTCGCGTTCAA
TTGCCCGTTATCAACGAACCATATTCTAGCTTCAGTGTCGATCAGTGTGGAGACAACTTCGCGTTCAA
TTTAAATTCGAGCGGTGATGGGACCGGTGTAAGTAGCAGTGCCATTCTATGCAGCTGGTCCAAATTCC
TTTAAATTCGAGCGGTGATGGGACCGGTGTAAGTAGCAGTGCCATTCTATGCAGCTGGTCCAAATTCC
TTTCGGAGATTCAGCATAAGCCACAGGTGCCGAACGTGTTAGTGTAGAGGCGGTATGACCCCGTTCCG
TTTCGGAGATTCAGCATAAGCCACAGGTGCCGAACGTGTTAGTGTAGAGGCGGTATGACCCCGTTCCG
TTTGGGCACGGATGGCAGGCGACACGTTGAGCTCTGCATGGCAATCTGCCGTGCTTGTAGTAGGTCTTGACTTGGATGAGGTTTCTAGGCATACCCACGCACACCCAAGCTACGATCGGATCGCGCATGGTAG