TGTTCCGACCGGCCACGTATAGCA
TGCAGTGACCGTCCCCGGATTGCG
AGCTATTCGGGGCCGGTCACTGCA
AGCGATTCGGGGCCGATCAGAACA
TGCTATGCGCGGACGGTCGGAGCA
TGCTATCCTAGGACGGTCACTACA
AGCGATACGGGGTCGGTCACTACA
AGCGATGCGTGGGCGGTCGGAGCA
TGTAGCGACCGTCCTCGTATTGCG
TGTTCGGATCGTCCGAGGATAGCA
AGCAATCCTGGGGCGATCGGAACA
TGTAGCGATCGGCCAAGAATCGCG
TGCTATGCGTGGACGGTCGGAGCA
TGTAGTGATCGACCACGGATCGCG
TGCAGCGACCGTCCCAGGATCGCA
TGCTCAGACCGACCTCGTATCGCC
TGCTCTGATCGACCTCGAATCGCC
TGTTCTGACCGCCCTAGAATAGCA
