369
MKAFLWIVSRNRMVIDYMNPCHAFFRLDCVSKFWPTDITVGTRVMIVTGNHPNVEWGQAI-----HVI--SWQGHIF---TR-GWVNGKCEYEMTRQNYQPGVDWSTSQQWNFDKWPTEHCHQFWCYLGAPVIGHPAHQGCWGKFFSTNQWQSICWQIMAAAVFVQMDVLKQALRHPSEYML-----LCNCWVFMQLRRF-------WILPRK-QLGVDHVD-NRP-MVMKCNEWIPQFD-KQGMNMSDRWINSTHEPFHQAWKLLDSNLTPFVHNPPNKMWIAYYT--K-----GEQHRDS--Y-WLTRDASFPKIGPFRRIESIWDW-CLIQVDVPMACMCHHCIDVRANHG--CT--C-RYEYILIACKFARLWNY-----HED---VS--ASRMTKDQRCHGDLKGAFVYAMWEHEWHTGN-QQSCQYMVADFYVNMSWTCTTAQTVLGNIKVEDIFRYDTQCEQWLCKEIACSHSDFARQQHHHR-------MWLIVTMTYQGWPKFKANIHLADHLCFYVPMDAWTIPRIMFGGKTDNRCNHHKFANRMSHMCVASYDVISGPRDCLLQVHFPYATSVQERKCGWKATWPDAPSGRICVECHTVTLIHIDGRVISHNPMTVIGRIENFYIEWKYNQLPPKWPEHGFMAPAGAHAAQTC--NGTLSSGISSDNDIESSEVKPDMDLLAQVMMINFYYWDMVQNVTNCEWYRVTMFSCNDQGHQWEGFLFFHDCCKREFPCCEDMHICRFEDDNWQCMT---S-EEYYAIAYTKYIEMEKCAMDNFLEDAIQWARRVT----YASEWHHTNVKQC---------EIHDMVGGSDDAHAVTMA-F--CGRQQIHLGEYRLYCTHGTKGDFTKVQFSRGKPCCVTLQWNWTFYALRRLQSITV----KTGYVQNCDALWQQ
---GL-TV----HV-----P--SRNRKLCVSKFWPTDTRVMIRAVSAEGNHPNVEWKQAILGCYAGWIMEFWQGHIFPSEIRCGWVNGKCEYEMTRQNYQPGVDTSTDQQWTFDIWPTEHCHQFSCYLGAPVIGHPAHQGCWGKFFSTSNWQSIC--LM------QMDVLKQALSHPSEYMLDDYQNKCNHWVFMQLRRFIDCHEVYYTLPRKHVDNRGTIDIYRPCKVRPQFVWAHSRDIKIGMIMSDNETHKT-IPFHQA--LL-CKL---LDQDPNKMWCAYYTKEKNIRSVKEQHRDSHNYADLTRDASFP---RHAMIESIWDWRGLIQVDVKMACMCHHCIDIRANHGCTCTEFCDAYEYILIACRFARLWNYQMDNSIEDPWPGSFMNSRMTKDQRCKMNLKGNFVYAMWWHEWHDLNFVANQQGMMADFYVNAMNIYELSWT--CEIKVFRYHMMATQCEQWL-----C-NSDFARQQHHHRISEHPPYYWLIVTGTYQHWPKFKAN-QLCDHLCFYVPMDAWTIEMIMFGQKTDNRANHH------SHMC-----VRS--RDCLLQV---YATSVGWNWSG--MT-TIA-SGRIDVECHTVTLIHIDGRVISHNPCTVIGRIENFYIEWKYNQLPPKVPEHGFLAPKGAHEAQTCDDWGTLSSGI-SDNDIERPSHLINRDLLAQ------YSWDMVQ-ITNCESYRVPM----DQGIQWEGDLFFEDCCQKE--KREDMHICRFEDDNWMAHTLLGSDSPSSNQAYTKYIEMEKCAMDNFIEDAIQWARRVTNIHHTKSEWHQTNVKQCGQKFWAIGVIILYMVEGSDDWHAVTMAIFAVVHMCQIHLGE---Y---------TKVQFSMGK-----LQ--W--CALRRLQSITVEPINGTGYMQNCDQLWQQ
