CAAGCTGCACGCGCGCTTAGGATAGACATA
AATGTCAATCCGCAGCGCTCGGGCGGCCTG
GATGTCGATACGTAAAGCTCGGGCGGCCTG
CAAGCGGCGCGGGCCTTGCGTATAGACATC
CAAGCCGCGAGAGCGCTACGGATTGACATA
CAAGCCGCGAGAGCTCTCAGGATAGACATA
CAAGCTGCGCGAGCGCTTCGCATAGACATC
TATGTCTATGCGTAAGGCACGGGCGGCTTG
CAGGCCGCCAGGGCACTCCGAATTGATATA
CAAGCGGCCAGGGCATTGAGGATCGACATA
CAGGCCGCGCGTGCGCTACGCATTGATATC
TATATCTATTCTTAGTGCACGCGCCGCCTG
GATGTCTATGCGCAGAGCACGCGCCGCTTG
CAGGCTGCGAGAGCTTTGCGCATTGATATA
AATATCAATGCGAAGTGCCCGTGCTGCTTG
CAGGCAGCCCGAGCGTTAAGGATTGACATA
GATGTCAATACGCAAAGCACGAGCTGCCTG
CAAGCAGCCAGGGCGCTACGCATCGACATA
GATATCAATGCGCAATGCCCGCGCGGCCTG
