116
GA-ACGTTACT-A-A-C--TCTTGATACAAGTAAGGCCAGGAGC-CTGCTCTCAGCCGTCACGCACAAGACGCACGG-GCAATCCGGCCTCATGCTACGTACGTGCAACACGAAATTCTGCCCGA-ACTGATAAATTACAAGTGAATGAGCC-CTGT--T-A-GGGCTCTTAGCTAGGTTT-GA-C-TAGC--CCTTCCGGTTGACC--CTAATTATGAATTGCGGCGTGTAGAAAAGAAGTGCGCTGAAAAT-CAA-G-AT--T-TCG--ACA-ACTACACGGTCTGCACGGGCCAGGCGGATC--C-CTCACA----GGAC--C----TAGT-GG--CGAGTAGTTCCCCGGGATATT-GCATTTGCTGCCACG-TGACATTCCT-TGTGGCACGCC-TGTTTACACATTGATGCCGTCG-TGGCGGGCATTGGCTCTATCCACACAGTATCGAA-CACAGCGGGC--GGC----GACGCCATTCGCGCTTCTAGCCGGTTCCGTGA-GTG-GTAT-AAGCCAGACTACTAGGGT-C-TC-G-G---CTTA-TAGG--AGTGC-CGTCTATCGTGG--AGTAGTTATTC-TGC----TT-AC--A--TTC-GT-A-TG--AGA-C-GA-CC-CG--CCGGGTGTTGAAATC-CGTG-GCCAC-A-A-CCGGCTGGGC-AACCTCCC--TCCAG-CGCTATGGTGGACATCGACCCCATCCTAAAAGCGATAC-GATCATACCATAC-T-CATTT-C-TGATGAGTGCCCGACGTGCAGCTAACTAGAGGCTCTTGATGAACCTG-CTTATTTGCCT-TGACTT-ATGCTAT-TGTGACCGGGGGTCCTCTCCACGAGCAACTGTTGTAATACTTAACATTTCCTACATGAGCCTCGCAGGAAGC-TG-ATGGA-ATTCT--CGTTTGGCGAGT-TA--T-A-AACG-TCGCAAA-CACT-AATTGTCC
GAGA-G-AACTCAGAGCGGCCTTGAT---AGTCATG--TGGA-CAC-GC-GT--G--GTCTCG-A-AA-ATGGGTGGAAAAAT-C--CCT-ATG-T---T--G-G-GA-ATGAAA-TC--CCC-ACA-TGACCAA-T-CCATTGTAT--GCCGGTATACTAACGTACTC-CCCCT-GATTTAGATCTTATCATGCGT-CAATTGTCCAGC-AATT-TCACTCAC-GCGAG-AGATATGCTG-GTG-TGAAAATACAATGTATCATACCGTAACATATTCCAC--T-TGCAC-CTATAGCCTGATCGTCATTCACATGCGGGGCTTCAAAACAGTCGGCTCGA-TAGGT----GGGATGTTCGGATTTGGGGCCA-GAT-ACGTACCTCTGAGG-ATTCCGTGGTT-C-CA---A-CCCG-CGACGAC-GTC-TTTG-TGTAT--------TAT--AAGC-CAG-TGGCTATGCATTAGAC-CTATTTGC-C--CTAATTGG-T-CG-GACG-GCGTATGATG-CAAACTTCGAGGATCCTTCGGCGCATCTTATTAGGCTGGTGCTCACCTCCCGTGGTTTGTCGTTCTTCGAGCGTATTTAACGAACCCTCTATAAGTGAAAGAGCGGAGCCTTGATGCGCGTG-ACAAAACAAGTGTGGCACAATATTC-ACTGTCCTAGTCTCCCGGTTCAGACTC-ATGCT-TACATCCA-CCCA---TGGACGCTTTACAGA--AAAACAGACGTACGTTTGCATGCGGAGT-CCAGAAGTCCAG---GC-GGAGG---AT-A-G-ACCTGACTT-TCGGCCTCCG--TTCAT-C-ATGGGT-ATC-TAAGT-AT-TTC-CGA-C-ACCG--CTCACAC-TAA-A-----TAC---AG--TCGCATCAA-CTTGTAT-GATTTTGTACCG-ATGGGGGGTAAAGGTGACAACGTTCG-AAAGCA-TGCACCGGCC
