AAGGCTGCGAT -> AGGCTGCGATC
AGGCTGCGATC -> GGCTGCGATCC
GGCTGCGATCC -> GCTGCGATCCC
GCTGCGATCCC -> CTGCGATCCCC
CTGCGATCCCC -> TGCGATCCCCC
TGCGATCCCCC -> GCGATCCCCCG
GCGATCCCCCG -> CGATCCCCCGT
CGATCCCCCGT -> GATCCCCCGTG
GATCCCCCGTG -> ATCCCCCGTGG
ATCCCCCGTGG -> TCCCCCGTGGA
TCCCCCGTGGA -> CCCCCGTGGAT
CCCCCGTGGAT -> CCCCGTGGATA
CCCCGTGGATA -> CCCGTGGATAC
CCCGTGGATAC -> CCGTGGATACG
CCGTGGATACG -> CGTGGATACGG
CGTGGATACGG -> GTGGATACGGT
GTGGATACGGT -> TGGATACGGTG
TGGATACGGTG -> GGATACGGTGA
GGATACGGTGA -> GATACGGTGAC
GATACGGTGAC -> ATACGGTGACT
ATACGGTGACT -> TACGGTGACTC
TACGGTGACTC -> ACGGTGACTCT
ACGGTGACTCT -> CGGTGACTCTT
CGGTGACTCTT -> GGTGACTCTTC
GGTGACTCTTC -> GTGACTCTTCC
GTGACTCTTCC -> TGACTCTTCCT
TGACTCTTCCT -> GACTCTTCCTG
GACTCTTCCTG -> ACTCTTCCTGG
ACTCTTCCTGG -> CTCTTCCTGGC
CTCTTCCTGGC -> TCTTCCTGGCA
TCTTCCTGGCA -> CTTCCTGGCAT
CTTCCTGGCAT -> TTCCTGGCATC
TTCCTGGCATC -> TCCTGGCATCC
TCCTGGCATCC -> CCTGGCATCCA
CCTGGCATCCA -> CTGGCATCCAG
CTGGCATCCAG -> TGGCATCCAGA
TGGCATCCAGA -> GGCATCCAGAG
GGCATCCAGAG -> GCATCCAGAGC
GCATCCAGAGC -> CATCCAGAGCG
CATCCAGAGCG -> ATCCAGAGCGG
ATCCAGAGCGG -> TCCAGAGCGGC
TCCAGAGCGGC -> CCAGAGCGGCA
CCAGAGCGGCA -> CAGAGCGGCAC
CAGAGCGGCAC -> AGAGCGGCACG
AGAGCGGCACG -> GAGCGGCACGG
GAGCGGCACGG -> AGCGGCACGGT
AGCGGCACGGT -> GCGGCACGGTG
GCGGCACGGTG -> CGGCACGGTGT
CGGCACGGTGT -> GGCACGGTGTC
GGCACGGTGTC -> GCACGGTGTCT
GCACGGTGTCT -> CACGGTGTCTT
CACGGTGTCTT -> ACGGTGTCTTT
ACGGTGTCTTT -> CGGTGTCTTTA
CGGTGTCTTTA -> GGTGTCTTTAC
GGTGTCTTTAC -> GTGTCTTTACC
GTGTCTTTACC -> TGTCTTTACCG
TGTCTTTACCG -> GTCTTTACCGA
GTCTTTACCGA -> TCTTTACCGAC
TCTTTACCGAC -> CTTTACCGACT
CTTTACCGACT -> TTTACCGACTT
TTTACCGACTT -> TTACCGACTTG
TTACCGACTTG -> TACCGACTTGA
TACCGACTTGA -> ACCGACTTGAC
ACCGACTTGAC -> CCGACTTGACG
CCGACTTGACG -> CGACTTGACGT
CGACTTGACGT -> GACTTGACGTT
GACTTGACGTT -> ACTTGACGTTT
ACTTGACGTTT -> CTTGACGTTTG
CTTGACGTTTG -> TTGACGTTTGC
TTGACGTTTGC -> TGACGTTTGCT
TGACGTTTGCT -> GACGTTTGCTC
GACGTTTGCTC -> ACGTTTGCTCC
ACGTTTGCTCC -> CGTTTGCTCCA
CGTTTGCTCCA -> GTTTGCTCCAG
GTTTGCTCCAG -> TTTGCTCCAGT
TTTGCTCCAGT -> TTGCTCCAGTC
TTGCTCCAGTC -> TGCTCCAGTCA
TGCTCCAGTCA -> GCTCCAGTCAC
GCTCCAGTCAC -> CTCCAGTCACT
CTCCAGTCACT -> TCCAGTCACTT
TCCAGTCACTT -> CCAGTCACTTT
CCAGTCACTTT -> CAGTCACTTTA
CAGTCACTTTA -> AGTCACTTTAC
AGTCACTTTAC -> GTCACTTTACG
GTCACTTTACG -> TCACTTTACGC
TCACTTTACGC -> CACTTTACGCC
CACTTTACGCC -> ACTTTACGCCA
ACTTTACGCCA -> CTTTACGCCAA
CTTTACGCCAA -> TTTACGCCAAG
TTTACGCCAAG -> TTACGCCAAGG
TTACGCCAAGG -> TACGCCAAGGG
TACGCCAAGGG -> ACGCCAAGGGC
ACGCCAAGGGC -> CGCCAAGGGCA
CGCCAAGGGCA -> GCCAAGGGCAT
GCCAAGGGCAT -> CCAAGGGCATG
CCAAGGGCATG -> CAAGGGCATGG
CAAGGGCATGG -> AAGGGCATGGG
AAGGGCATGGG -> AGGGCATGGGA
AGGGCATGGGA -> GGGCATGGGAG
GGGCATGGGAG -> GGCATGGGAGG
GGCATGGGAGG -> GCATGGGAGGG
GCATGGGAGGG -> CATGGGAGGGC
CATGGGAGGGC -> ATGGGAGGGCG
ATGGGAGGGCG -> TGGGAGGGCGG
TGGGAGGGCGG -> GGGAGGGCGGT
GGGAGGGCGGT -> GGAGGGCGGTG
GGAGGGCGGTG -> GAGGGCGGTGT
GAGGGCGGTGT -> AGGGCGGTGTC
AGGGCGGTGTC -> GGGCGGTGTCA
GGGCGGTGTCA -> GGCGGTGTCAG
GGCGGTGTCAG -> GCGGTGTCAGG
GCGGTGTCAGG -> CGGTGTCAGGG
CGGTGTCAGGG -> GGTGTCAGGGT
GGTGTCAGGGT -> GTGTCAGGGTA
GTGTCAGGGTA -> TGTCAGGGTAC
TGTCAGGGTAC -> GTCAGGGTACC
GTCAGGGTACC -> TCAGGGTACCG
TCAGGGTACCG -> CAGGGTACCGC
CAGGGTACCGC -> AGGGTACCGCA
AGGGTACCGCA -> GGGTACCGCAG
GGGTACCGCAG -> GGTACCGCAGA
GGTACCGCAGA -> GTACCGCAGAA
GTACCGCAGAA -> TACCGCAGAAT
TACCGCAGAAT -> ACCGCAGAATC
ACCGCAGAATC -> CCGCAGAATCT
CCGCAGAATCT -> CGCAGAATCTG
CGCAGAATCTG -> GCAGAATCTGT
GCAGAATCTGT -> CAGAATCTGTC
CAGAATCTGTC -> AGAATCTGTCC
AGAATCTGTCC -> GAATCTGTCCG
GAATCTGTCCG -> AATCTGTCCGT
AATCTGTCCGT -> ATCTGTCCGTG
ATCTGTCCGTG -> TCTGTCCGTGT
TCTGTCCGTGT -> CTGTCCGTGTG
CTGTCCGTGTG -> TGTCCGTGTGT
TGTCCGTGTGT -> GTCCGTGTGTC
GTCCGTGTGTC -> TCCGTGTGTCT
TCCGTGTGTCT -> CCGTGTGTCTG
CCGTGTGTCTG -> CGTGTGTCTGA
CGTGTGTCTGA -> GTGTGTCTGAC
GTGTGTCTGAC -> TGTGTCTGACC
TGTGTCTGACC -> GTGTCTGACCT
GTGTCTGACCT -> TGTCTGACCTT
TGTCTGACCTT -> GTCTGACCTTG
GTCTGACCTTG -> TCTGACCTTGC
TCTGACCTTGC -> CTGACCTTGCT
CTGACCTTGCT -> TGACCTTGCTA
TGACCTTGCTA -> GACCTTGCTAT
GACCTTGCTAT -> ACCTTGCTATA
ACCTTGCTATA -> CCTTGCTATAT
CCTTGCTATAT -> CTTGCTATATA
CTTGCTATATA -> TTGCTATATAC
TTGCTATATAC -> TGCTATATACG
TGCTATATACG -> GCTATATACGT
GCTATATACGT -> CTATATACGTT
CTATATACGTT -> TATATACGTTG
TATATACGTTG -> ATATACGTTGC
ATATACGTTGC -> TATACGTTGCA
TATACGTTGCA -> ATACGTTGCAT
ATACGTTGCAT -> TACGTTGCATG
TACGTTGCATG -> ACGTTGCATGC
ACGTTGCATGC -> CGTTGCATGCA
CGTTGCATGCA -> GTTGCATGCAT
GTTGCATGCAT -> TTGCATGCATA
TTGCATGCATA -> TGCATGCATAG
TGCATGCATAG -> GCATGCATAGA
GCATGCATAGA -> CATGCATAGAG
CATGCATAGAG -> ATGCATAGAGC
ATGCATAGAGC -> TGCATAGAGCT
TGCATAGAGCT -> GCATAGAGCTT
GCATAGAGCTT -> CATAGAGCTTG
CATAGAGCTTG -> ATAGAGCTTGC
ATAGAGCTTGC -> TAGAGCTTGCC
TAGAGCTTGCC -> AGAGCTTGCCG
AGAGCTTGCCG -> GAGCTTGCCGA
GAGCTTGCCGA -> AGCTTGCCGAA
AGCTTGCCGAA -> GCTTGCCGAAG
GCTTGCCGAAG -> CTTGCCGAAGG
CTTGCCGAAGG -> TTGCCGAAGGT
TTGCCGAAGGT -> TGCCGAAGGTT
TGCCGAAGGTT -> GCCGAAGGTTA
GCCGAAGGTTA -> CCGAAGGTTAG
CCGAAGGTTAG -> CGAAGGTTAGC
CGAAGGTTAGC -> GAAGGTTAGCC
GAAGGTTAGCC -> AAGGTTAGCCC
AAGGTTAGCCC -> AGGTTAGCCCG
AGGTTAGCCCG -> GGTTAGCCCGG
GGTTAGCCCGG -> GTTAGCCCGGT
GTTAGCCCGGT -> TTAGCCCGGTG,TTAGCCCGGTC
TTAGCCCGGTG -> TAGCCCGGTGG
TAGCCCGGTGG -> AGCCCGGTGGG
AGCCCGGTGGG -> GCCCGGTGGGA
GCCCGGTGGGA -> CCCGGTGGGAC
CCCGGTGGGAC -> CCGGTGGGACT
CCGGTGGGACT -> CGGTGGGACTC
CGGTGGGACTC -> GGTGGGACTCA
GGTGGGACTCA -> GTGGGACTCAT
GTGGGACTCAT -> TGGGACTCATA
TGGGACTCATA -> GGGACTCATAT
GGGACTCATAT -> GGACTCATATT
GGACTCATATT -> GACTCATATTT
GACTCATATTT -> ACTCATATTTA
ACTCATATTTA -> CTCATATTTAC
CTCATATTTAC -> TCATATTTACA
TCATATTTACA -> CATATTTACAA
CATATTTACAA -> ATATTTACAAT
ATATTTACAAT -> TATTTACAATC
TATTTACAATC -> ATTTACAATCT
ATTTACAATCT -> TTTACAATCTA
TTTACAATCTA -> TTACAATCTAC
TTACAATCTAC -> TACAATCTACG
TACAATCTACG -> ACAATCTACGG
ACAATCTACGG -> CAATCTACGGT
CAATCTACGGT -> AATCTACGGTA
AATCTACGGTA -> ATCTACGGTAG
ATCTACGGTAG -> TCTACGGTAGT
TCTACGGTAGT -> CTACGGTAGTG
CTACGGTAGTG -> TACGGTAGTGC
TACGGTAGTGC -> ACGGTAGTGCA
ACGGTAGTGCA -> CGGTAGTGCAC
CGGTAGTGCAC -> GGTAGTGCACC
GGTAGTGCACC -> GTAGTGCACCT
GTAGTGCACCT -> TAGTGCACCTT
TAGTGCACCTT -> AGTGCACCTTC
AGTGCACCTTC -> GTGCACCTTCA
GTGCACCTTCA -> TGCACCTTCAA
TGCACCTTCAA -> GCACCTTCAAC
GCACCTTCAAC -> CACCTTCAACG
CACCTTCAACG -> ACCTTCAACGG
ACCTTCAACGG -> CCTTCAACGGC
CCTTCAACGGC -> CTTCAACGGCA
CTTCAACGGCA -> TTCAACGGCAT
TTCAACGGCAT -> TCAACGGCATT
TCAACGGCATT -> CAACGGCATTC
CAACGGCATTC -> AACGGCATTCG
AACGGCATTCG -> ACGGCATTCGC
ACGGCATTCGC -> CGGCATTCGCA
CGGCATTCGCA -> GGCATTCGCAG
GGCATTCGCAG -> GCATTCGCAGA
GCATTCGCAGA -> CATTCGCAGAT
CATTCGCAGAT -> ATTCGCAGATG
ATTCGCAGATG -> TTCGCAGATGA
TTCGCAGATGA -> TCGCAGATGAG
TCGCAGATGAG -> CGCAGATGAGT
CGCAGATGAGT -> GCAGATGAGTA
GCAGATGAGTA -> CAGATGAGTAA
CAGATGAGTAA -> AGATGAGTAAA
AGATGAGTAAA -> GATGAGTAAAT
GATGAGTAAAT -> ATGAGTAAATC
ATGAGTAAATC -> TGAGTAAATCC
TGAGTAAATCC -> GAGTAAATCCG
GAGTAAATCCG -> AGTAAATCCGC
AGTAAATCCGC -> GTAAATCCGCT
GTAAATCCGCT -> TAAATCCGCTC
TAAATCCGCTC -> AAATCCGCTCG
AAATCCGCTCG -> AATCCGCTCGA
AATCCGCTCGA -> ATCCGCTCGAG
ATCCGCTCGAG -> TCCGCTCGAGC
TCCGCTCGAGC -> CCGCTCGAGCT
CCGCTCGAGCT -> CGCTCGAGCTA
CGCTCGAGCTA -> GCTCGAGCTAG
GCTCGAGCTAG -> CTCGAGCTAGT
CTCGAGCTAGT -> TCGAGCTAGTC
TCGAGCTAGTC -> CGAGCTAGTCC
CGAGCTAGTCC -> GAGCTAGTCCC
GAGCTAGTCCC -> AGCTAGTCCCG
AGCTAGTCCCG -> GCTAGTCCCGA
GCTAGTCCCGA -> CTAGTCCCGAC
CTAGTCCCGAC -> TAGTCCCGACG
TAGTCCCGACG -> AGTCCCGACGC
AGTCCCGACGC -> GTCCCGACGCA
GTCCCGACGCA -> TCCCGACGCAC
TCCCGACGCAC -> CCCGACGCACA
CCCGACGCACA -> CCGACGCACAT
CCGACGCACAT -> CGACGCACATG
CGACGCACATG -> GACGCACATGC
GACGCACATGC -> ACGCACATGCC
ACGCACATGCC -> CGCACATGCCC
CGCACATGCCC -> GCACATGCCCA
GCACATGCCCA -> CACATGCCCAT
CACATGCCCAT -> ACATGCCCATA
ACATGCCCATA -> CATGCCCATAG
CATGCCCATAG -> ATGCCCATAGG
ATGCCCATAGG -> TGCCCATAGGT
TGCCCATAGGT -> GCCCATAGGTC
GCCCATAGGTC -> CCCATAGGTCC
CCCATAGGTCC -> CCATAGGTCCT
CCATAGGTCCT -> CATAGGTCCTC
CATAGGTCCTC -> ATAGGTCCTCA
ATAGGTCCTCA -> TAGGTCCTCAG
TAGGTCCTCAG -> AGGTCCTCAGA
AGGTCCTCAGA -> GGTCCTCAGAA
GGTCCTCAGAA -> GTCCTCAGAAG
GTCCTCAGAAG -> TCCTCAGAAGA
TCCTCAGAAGA -> CCTCAGAAGAG
CCTCAGAAGAG -> CTCAGAAGAGA
CTCAGAAGAGA -> TCAGAAGAGAA
TCAGAAGAGAA -> CAGAAGAGAAG
CAGAAGAGAAG -> AGAAGAGAAGG
AGAAGAGAAGG -> GAAGAGAAGGG
GAAGAGAAGGG -> AAGAGAAGGGC
AAGAGAAGGGC -> AGAGAAGGGCG
AGAGAAGGGCG -> GAGAAGGGCGC
GAGAAGGGCGC -> AGAAGGGCGCT
AGAAGGGCGCT -> GAAGGGCGCTA
GAAGGGCGCTA -> AAGGGCGCTAA
AAGGGCGCTAA -> AGGGCGCTAAT
AGGGCGCTAAT -> GGGCGCTAATC
GGGCGCTAATC -> GGCGCTAATCT
GGCGCTAATCT -> GCGCTAATCTA
GCGCTAATCTA -> CGCTAATCTAC
CGCTAATCTAC -> GCTAATCTACA
GCTAATCTACA -> CTAATCTACAG
CTAATCTACAG -> TAATCTACAGA
TAATCTACAGA -> AATCTACAGAG
AATCTACAGAG -> ATCTACAGAGA
ATCTACAGAGA -> TCTACAGAGAC
TCTACAGAGAC -> CTACAGAGACC
CTACAGAGACC -> TACAGAGACCT
TACAGAGACCT -> ACAGAGACCTT
ACAGAGACCTT -> CAGAGACCTTA
CAGAGACCTTA -> AGAGACCTTAA
AGAGACCTTAA -> GAGACCTTAAG
GAGACCTTAAG -> AGACCTTAAGG
AGACCTTAAGG -> GACCTTAAGGC
GACCTTAAGGC -> ACCTTAAGGCG
ACCTTAAGGCG -> CCTTAAGGCGA
CCTTAAGGCGA -> CTTAAGGCGAG
CTTAAGGCGAG -> TTAAGGCGAGT
TTAAGGCGAGT -> TAAGGCGAGTT
TAAGGCGAGTT -> AAGGCGAGTTC
AAGGCGAGTTC -> AGGCGAGTTCC
AGGCGAGTTCC -> GGCGAGTTCCG
GGCGAGTTCCG -> GCGAGTTCCGC
GCGAGTTCCGC -> CGAGTTCCGCC
CGAGTTCCGCC -> GAGTTCCGCCC
GAGTTCCGCCC -> AGTTCCGCCCT
AGTTCCGCCCT -> GTTCCGCCCTG
GTTCCGCCCTG -> TTCCGCCCTGC
TTCCGCCCTGC -> TCCGCCCTGCC
TCCGCCCTGCC -> CCGCCCTGCCG
CCGCCCTGCCG -> CGCCCTGCCGA
CGCCCTGCCGA -> GCCCTGCCGAC
GCCCTGCCGAC -> CCCTGCCGACG
CCCTGCCGACG -> CCTGCCGACGA
CCTGCCGACGA -> CTGCCGACGAA
CTGCCGACGAA -> TGCCGACGAAC
TGCCGACGAAC -> GCCGACGAACC
GCCGACGAACC -> CCGACGAACCA
CCGACGAACCA -> CGACGAACCAG
CGACGAACCAG -> GACGAACCAGT
GACGAACCAGT -> ACGAACCAGTT
ACGAACCAGTT -> CGAACCAGTTT
CGAACCAGTTT -> GAACCAGTTTA
GAACCAGTTTA -> AACCAGTTTAG
AACCAGTTTAG -> ACCAGTTTAGG
ACCAGTTTAGG -> CCAGTTTAGGG
CCAGTTTAGGG -> CAGTTTAGGGT
CAGTTTAGGGT -> AGTTTAGGGTT
AGTTTAGGGTT -> GTTTAGGGTTC
GTTTAGGGTTC -> TTTAGGGTTCC
TTTAGGGTTCC -> TTAGGGTTCCG
TTAGGGTTCCG -> TAGGGTTCCGA
TAGGGTTCCGA -> AGGGTTCCGAT
AGGGTTCCGAT -> GGGTTCCGATG
GGGTTCCGATG -> GGTTCCGATGA
GGTTCCGATGA -> GTTCCGATGAA
GTTCCGATGAA -> TTCCGATGAAG
TTCCGATGAAG -> TCCGATGAAGA
TCCGATGAAGA -> CCGATGAAGAA
CCGATGAAGAA -> CGATGAAGAAC
CGATGAAGAAC -> GATGAAGAACT
GATGAAGAACT -> ATGAAGAACTA
ATGAAGAACTA -> TGAAGAACTAC
TGAAGAACTAC -> GAAGAACTACC
GAAGAACTACC -> AAGAACTACCC
AAGAACTACCC -> AGAACTACCCG
AGAACTACCCG -> GAACTACCCGG
GAACTACCCGG -> AACTACCCGGT
AACTACCCGGT -> ACTACCCGGTT
ACTACCCGGTT -> CTACCCGGTTT
CTACCCGGTTT -> TACCCGGTTTT
TACCCGGTTTT -> ACCCGGTTTTA
ACCCGGTTTTA -> CCCGGTTTTAC
CCCGGTTTTAC -> CCGGTTTTACA
CCGGTTTTACA -> CGGTTTTACAT
CGGTTTTACAT -> GGTTTTACATC
GGTTTTACATC -> GTTTTACATCT
GTTTTACATCT -> TTTTACATCTG
TTTTACATCTG -> TTTACATCTGA
TTTACATCTGA -> TTACATCTGAC
TTACATCTGAC -> TACATCTGACC
TACATCTGACC -> ACATCTGACCA
ACATCTGACCA -> CATCTGACCAC
CATCTGACCAC -> ATCTGACCACT
ATCTGACCACT -> TCTGACCACTC
TCTGACCACTC -> CTGACCACTCA
CTGACCACTCA -> TGACCACTCAA
TGACCACTCAA -> GACCACTCAAT
GACCACTCAAT -> ACCACTCAATA
ACCACTCAATA -> CCACTCAATAT
CCACTCAATAT -> CACTCAATATT
CACTCAATATT -> ACTCAATATTA
ACTCAATATTA -> CTCAATATTAA
CTCAATATTAA -> TCAATATTAAA
TCAATATTAAA -> CAATATTAAAA
CAATATTAAAA -> AATATTAAAAT
AATATTAAAAT -> ATATTAAAATA
ATATTAAAATA -> TATTAAAATAC
TATTAAAATAC -> ATTAAAATACT
ATTAAAATACT -> TTAAAATACTG
TTAAAATACTG -> TAAAATACTGC
TAAAATACTGC -> AAAATACTGCA
AAAATACTGCA -> AAATACTGCAG
AAATACTGCAG -> AATACTGCAGC
AATACTGCAGC -> ATACTGCAGCG
ATACTGCAGCG -> TACTGCAGCGT
TACTGCAGCGT -> ACTGCAGCGTT
ACTGCAGCGTT -> CTGCAGCGTTA
CTGCAGCGTTA -> TGCAGCGTTAT
TGCAGCGTTAT -> GCAGCGTTATT
GCAGCGTTATT -> CAGCGTTATTA
CAGCGTTATTA -> AGCGTTATTAC
AGCGTTATTAC -> GCGTTATTACT
GCGTTATTACT -> CGTTATTACTG
CGTTATTACTG -> GTTATTACTGT
GTTATTACTGT -> TTATTACTGTG
TTATTACTGTG -> TATTACTGTGC
TATTACTGTGC -> ATTACTGTGCC
ATTACTGTGCC -> TTACTGTGCCC
TTACTGTGCCC -> TACTGTGCCCG
TACTGTGCCCG -> ACTGTGCCCGA
ACTGTGCCCGA -> CTGTGCCCGAT
CTGTGCCCGAT -> TGTGCCCGATC
TGTGCCCGATC -> GTGCCCGATCT
GTGCCCGATCT -> TGCCCGATCTT
TGCCCGATCTT -> GCCCGATCTTT
GCCCGATCTTT -> CCCGATCTTTC
CCCGATCTTTC -> CCGATCTTTCC
CCGATCTTTCC -> CGATCTTTCCC
CGATCTTTCCC -> GATCTTTCCCG
GATCTTTCCCG -> ATCTTTCCCGT
ATCTTTCCCGT -> TCTTTCCCGTG
TCTTTCCCGTG -> CTTTCCCGTGC
CTTTCCCGTGC -> TTTCCCGTGCT
TTTCCCGTGCT -> TTCCCGTGCTT
TTCCCGTGCTT -> TCCCGTGCTTG
TCCCGTGCTTG -> CCCGTGCTTGC
CCCGTGCTTGC -> CCGTGCTTGCG
CCGTGCTTGCG -> CGTGCTTGCGT
CGTGCTTGCGT -> GTGCTTGCGTC
GTGCTTGCGTC -> TGCTTGCGTCG
TGCTTGCGTCG -> GCTTGCGTCGT
GCTTGCGTCGT -> CTTGCGTCGTG
CTTGCGTCGTG -> TTGCGTCGTGT
TTGCGTCGTGT -> TGCGTCGTGTT
TGCGTCGTGTT -> GCGTCGTGTTC
GCGTCGTGTTC -> CGTCGTGTTCA
CGTCGTGTTCA -> GTCGTGTTCAA
GTCGTGTTCAA -> TCGTGTTCAAC
TCGTGTTCAAC -> CGTGTTCAACG
CGTGTTCAACG -> GTGTTCAACGT
GTGTTCAACGT -> TGTTCAACGTA
TGTTCAACGTA -> GTTCAACGTAA
GTTCAACGTAA -> TTCAACGTAAT
TTCAACGTAAT -> TCAACGTAATG
TCAACGTAATG -> CAACGTAATGA
CAACGTAATGA -> AACGTAATGAG
AACGTAATGAG -> ACGTAATGAGG
ACGTAATGAGG -> CGTAATGAGGA
CGTAATGAGGA -> GTAATGAGGAT
GTAATGAGGAT -> TAATGAGGATC
TAATGAGGATC -> AATGAGGATCG
AATGAGGATCG -> ATGAGGATCGA
ATGAGGATCGA -> TGAGGATCGAA
TGAGGATCGAA -> GAGGATCGAAG
GAGGATCGAAG -> AGGATCGAAGC
AGGATCGAAGC -> GGATCGAAGCG
GGATCGAAGCG -> GATCGAAGCGA
GATCGAAGCGA -> ATCGAAGCGAC
ATCGAAGCGAC -> TCGAAGCGACC
TCGAAGCGACC -> CGAAGCGACCG
CGAAGCGACCG -> GAAGCGACCGA
GAAGCGACCGA -> AAGCGACCGAC
AAGCGACCGAC -> AGCGACCGACC
AGCGACCGACC -> GCGACCGACCG
GCGACCGACCG -> CGACCGACCGC
CGACCGACCGC -> GACCGACCGCG
GACCGACCGCG -> ACCGACCGCGG
ACCGACCGCGG -> CCGACCGCGGC
CCGACCGCGGC -> CGACCGCGGCG
CGACCGCGGCG -> GACCGCGGCGG
GACCGCGGCGG -> ACCGCGGCGGT
ACCGCGGCGGT -> CCGCGGCGGTG
CCGCGGCGGTG -> CGCGGCGGTGA
CGCGGCGGTGA -> GCGGCGGTGAC
GCGGCGGTGAC -> CGGCGGTGACC
CGGCGGTGACC -> GGCGGTGACCG
GGCGGTGACCG -> GCGGTGACCGA
GCGGTGACCGA -> CGGTGACCGAG
CGGTGACCGAG -> GGTGACCGAGT
GGTGACCGAGT -> GTGACCGAGTT
GTGACCGAGTT -> TGACCGAGTTA
TGACCGAGTTA -> GACCGAGTTAC
GACCGAGTTAC -> ACCGAGTTACA
ACCGAGTTACA -> CCGAGTTACAG
CCGAGTTACAG -> CGAGTTACAGC
CGAGTTACAGC -> GAGTTACAGCC
GAGTTACAGCC -> AGTTACAGCCG
AGTTACAGCCG -> GTTACAGCCGA
GTTACAGCCGA -> TTACAGCCGAG
TTACAGCCGAG -> TACAGCCGAGC
TACAGCCGAGC -> ACAGCCGAGCG
ACAGCCGAGCG -> CAGCCGAGCGT
CAGCCGAGCGT -> AGCCGAGCGTG
AGCCGAGCGTG -> GCCGAGCGTGA
GCCGAGCGTGA -> CCGAGCGTGAA
CCGAGCGTGAA -> CGAGCGTGAAC
CGAGCGTGAAC -> GAGCGTGAACC
GAGCGTGAACC -> AGCGTGAACCG
AGCGTGAACCG -> GCGTGAACCGG
GCGTGAACCGG -> CGTGAACCGGG
CGTGAACCGGG -> GTGAACCGGGG
GTGAACCGGGG -> TGAACCGGGGA
TGAACCGGGGA -> GAACCGGGGAG
GAACCGGGGAG -> AACCGGGGAGT
AACCGGGGAGT -> ACCGGGGAGTG
ACCGGGGAGTG -> CCGGGGAGTGA
CCGGGGAGTGA -> CGGGGAGTGAA
CGGGGAGTGAA -> GGGGAGTGAAC
GGGGAGTGAAC -> GGGAGTGAACA
GGGAGTGAACA -> GGAGTGAACAA
GGAGTGAACAA -> GAGTGAACAAT
GAGTGAACAAT -> AGTGAACAATA
AGTGAACAATA -> GTGAACAATAC
GTGAACAATAC -> TGAACAATACC
TGAACAATACC -> GAACAATACCG
GAACAATACCG -> AACAATACCGA
AACAATACCGA -> ACAATACCGAG
ACAATACCGAG -> CAATACCGAGG
CAATACCGAGG -> AATACCGAGGT
AATACCGAGGT -> ATACCGAGGTC
ATACCGAGGTC -> TACCGAGGTCT
TACCGAGGTCT -> ACCGAGGTCTT
ACCGAGGTCTT -> CCGAGGTCTTA
CCGAGGTCTTA -> CGAGGTCTTAC
CGAGGTCTTAC -> GAGGTCTTACT
GAGGTCTTACT -> AGGTCTTACTA
AGGTCTTACTA -> GGTCTTACTAT
GGTCTTACTAT -> GTCTTACTATT
GTCTTACTATT -> TCTTACTATTG
TCTTACTATTG -> CTTACTATTGT
CTTACTATTGT -> TTACTATTGTC
TTACTATTGTC -> TACTATTGTCA
TACTATTGTCA -> ACTATTGTCAG
ACTATTGTCAG -> CTATTGTCAGC
CTATTGTCAGC -> TATTGTCAGCC
TATTGTCAGCC -> ATTGTCAGCCA
ATTGTCAGCCA -> TTGTCAGCCAT
TTGTCAGCCAT -> TGTCAGCCATG
TGTCAGCCATG -> GTCAGCCATGG
GTCAGCCATGG -> TCAGCCATGGG
TCAGCCATGGG -> CAGCCATGGGA
CAGCCATGGGA -> AGCCATGGGAC
AGCCATGGGAC -> GCCATGGGACA
GCCATGGGACA -> CCATGGGACAG
CCATGGGACAG -> CATGGGACAGC
CATGGGACAGC -> ATGGGACAGCC
ATGGGACAGCC -> TGGGACAGCCT
TGGGACAGCCT -> GGGACAGCCTT
GGGACAGCCTT -> GGACAGCCTTT
GGACAGCCTTT -> GACAGCCTTTT
GACAGCCTTTT -> ACAGCCTTTTT
ACAGCCTTTTT -> CAGCCTTTTTA
CAGCCTTTTTA -> AGCCTTTTTAC
AGCCTTTTTAC -> GCCTTTTTACT
GCCTTTTTACT -> CCTTTTTACTA
CCTTTTTACTA -> CTTTTTACTAA
CTTTTTACTAA -> TTTTTACTAAA
TTTTTACTAAA -> TTTTACTAAAT
TTTTACTAAAT -> TTTACTAAATT
TTTACTAAATT -> TTACTAAATTA
TTACTAAATTA -> TACTAAATTAT
TACTAAATTAT -> ACTAAATTATT
ACTAAATTATT -> CTAAATTATTC
CTAAATTATTC -> TAAATTATTCG
TAAATTATTCG -> AAATTATTCGT
AAATTATTCGT -> AATTATTCGTA
AATTATTCGTA -> ATTATTCGTAT
ATTATTCGTAT -> TTATTCGTATA
TTATTCGTATA -> TATTCGTATAG
TATTCGTATAG -> ATTCGTATAGG
ATTCGTATAGG -> TTCGTATAGGG
TTCGTATAGGG -> TCGTATAGGGG
TCGTATAGGGG -> CGTATAGGGGT
CGTATAGGGGT -> GTATAGGGGTA
GTATAGGGGTA -> TATAGGGGTAA
TATAGGGGTAA -> ATAGGGGTAAC
ATAGGGGTAAC -> TAGGGGTAACG
TAGGGGTAACG -> AGGGGTAACGG
AGGGGTAACGG -> GGGGTAACGGT
GGGGTAACGGT -> GGGTAACGGTT
GGGTAACGGTT -> GGTAACGGTTT
GGTAACGGTTT -> GTAACGGTTTG
GTAACGGTTTG -> TAACGGTTTGG
TAACGGTTTGG -> AACGGTTTGGC
AACGGTTTGGC -> ACGGTTTGGCT
ACGGTTTGGCT -> CGGTTTGGCTC
CGGTTTGGCTC -> GGTTTGGCTCG
GGTTTGGCTCG -> GTTTGGCTCGG
GTTTGGCTCGG -> TTTGGCTCGGG
TTTGGCTCGGG -> TTGGCTCGGGA
TTGGCTCGGGA -> TGGCTCGGGAG
TGGCTCGGGAG -> GGCTCGGGAGT
GGCTCGGGAGT -> GCTCGGGAGTG
GCTCGGGAGTG -> CTCGGGAGTGG
CTCGGGAGTGG -> TCGGGAGTGGA
TCGGGAGTGGA -> CGGGAGTGGAT
CGGGAGTGGAT -> GGGAGTGGATA
GGGAGTGGATA -> GGAGTGGATAG
GGAGTGGATAG -> GAGTGGATAGC
GAGTGGATAGC -> AGTGGATAGCG
AGTGGATAGCG -> GTGGATAGCGG
GTGGATAGCGG -> TGGATAGCGGC
TGGATAGCGGC -> GGATAGCGGCG
GGATAGCGGCG -> GATAGCGGCGA
GATAGCGGCGA -> ATAGCGGCGAA
ATAGCGGCGAA -> TAGCGGCGAAG
TAGCGGCGAAG -> AGCGGCGAAGG
AGCGGCGAAGG -> GCGGCGAAGGA
GCGGCGAAGGA -> CGGCGAAGGAT
CGGCGAAGGAT -> GGCGAAGGATA
GGCGAAGGATA -> GCGAAGGATAC
GCGAAGGATAC -> CGAAGGATACA
CGAAGGATACA -> GAAGGATACAT
GAAGGATACAT -> AAGGATACATT
AAGGATACATT -> AGGATACATTA
AGGATACATTA -> GGATACATTAT
GGATACATTAT -> GATACATTATT
GATACATTATT -> ATACATTATTA
ATACATTATTA -> TACATTATTAC
TACATTATTAC -> ACATTATTACT
ACATTATTACT -> CATTATTACTC
CATTATTACTC -> ATTATTACTCA
ATTATTACTCA -> TTATTACTCAA
TTATTACTCAA -> TATTACTCAAC
TATTACTCAAC -> ATTACTCAACC
ATTACTCAACC -> TTACTCAACCC
TTACTCAACCC -> TACTCAACCCG
TACTCAACCCG -> ACTCAACCCGA
ACTCAACCCGA -> CTCAACCCGAA
CTCAACCCGAA -> TCAACCCGAAA
TCAACCCGAAA -> CAACCCGAAAT
CAACCCGAAAT -> AACCCGAAATG
AACCCGAAATG -> ACCCGAAATGA
ACCCGAAATGA -> CCCGAAATGAA
CCCGAAATGAA -> CCGAAATGAAG
CCGAAATGAAG -> CGAAATGAAGT
CGAAATGAAGT -> GAAATGAAGTC
GAAATGAAGTC -> AAATGAAGTCT
AAATGAAGTCT -> AATGAAGTCTA
AATGAAGTCTA -> ATGAAGTCTAC
ATGAAGTCTAC -> TGAAGTCTACC
TGAAGTCTACC -> GAAGTCTACCC
GAAGTCTACCC -> AAGTCTACCCG
AAGTCTACCCG -> AGTCTACCCGG
AGTCTACCCGG -> GTCTACCCGGA
GTCTACCCGGA -> TCTACCCGGAA
TCTACCCGGAA -> CTACCCGGAAA
CTACCCGGAAA -> TACCCGGAAAC
TACCCGGAAAC -> ACCCGGAAACT
ACCCGGAAACT -> CCCGGAAACTA
CCCGGAAACTA -> CCGGAAACTAG
CCGGAAACTAG -> CGGAAACTAGG
CGGAAACTAGG -> GGAAACTAGGT
GGAAACTAGGT -> GAAACTAGGTT
GAAACTAGGTT -> AAACTAGGTTC
AAACTAGGTTC -> AACTAGGTTCC
AACTAGGTTCC -> ACTAGGTTCCG
ACTAGGTTCCG -> CTAGGTTCCGC
CTAGGTTCCGC -> TAGGTTCCGCA
TAGGTTCCGCA -> AGGTTCCGCAG
AGGTTCCGCAG -> GGTTCCGCAGC
GGTTCCGCAGC -> GTTCCGCAGCT
GTTCCGCAGCT -> TTCCGCAGCTC
TTCCGCAGCTC -> TCCGCAGCTCT
TCCGCAGCTCT -> CCGCAGCTCTC
CCGCAGCTCTC -> CGCAGCTCTCC
CGCAGCTCTCC -> GCAGCTCTCCC
GCAGCTCTCCC -> CAGCTCTCCCT
CAGCTCTCCCT -> AGCTCTCCCTG
AGCTCTCCCTG -> GCTCTCCCTGG
GCTCTCCCTGG -> CTCTCCCTGGA
CTCTCCCTGGA -> TCTCCCTGGAA
TCTCCCTGGAA -> CTCCCTGGAAG
CTCCCTGGAAG -> TCCCTGGAAGC
TCCCTGGAAGC -> CCCTGGAAGCC
CCCTGGAAGCC -> CCTGGAAGCCC
CCTGGAAGCCC -> CTGGAAGCCCA
CTGGAAGCCCA -> TGGAAGCCCAA
TGGAAGCCCAA -> GGAAGCCCAAT
GGAAGCCCAAT -> GAAGCCCAATC
GAAGCCCAATC -> AAGCCCAATCG
AAGCCCAATCG -> AGCCCAATCGA
AGCCCAATCGA -> GCCCAATCGAT
GCCCAATCGAT -> CCCAATCGATG
CCCAATCGATG -> CCAATCGATGA
CCAATCGATGA -> CAATCGATGAC
CAATCGATGAC -> AATCGATGACA
AATCGATGACA -> ATCGATGACAA
ATCGATGACAA -> TCGATGACAAC
TCGATGACAAC -> CGATGACAACT
CGATGACAACT -> GATGACAACTG
GATGACAACTG -> ATGACAACTGC
ATGACAACTGC -> TGACAACTGCT
TGACAACTGCT -> GACAACTGCTA
GACAACTGCTA -> ACAACTGCTAA
ACAACTGCTAA -> CAACTGCTAAG
CAACTGCTAAG -> AACTGCTAAGG
AACTGCTAAGG -> ACTGCTAAGGT
ACTGCTAAGGT -> CTGCTAAGGTT
CTGCTAAGGTT -> TGCTAAGGTTG
TGCTAAGGTTG -> GCTAAGGTTGG
GCTAAGGTTGG -> CTAAGGTTGGC
CTAAGGTTGGC -> TAAGGTTGGCG
TAAGGTTGGCG -> AAGGTTGGCGA
AAGGTTGGCGA -> AGGTTGGCGAT
AGGTTGGCGAT -> GGTTGGCGATA
GGTTGGCGATA -> GTTGGCGATAC
GTTGGCGATAC -> TTGGCGATACT
TTGGCGATACT -> TGGCGATACTG
TGGCGATACTG -> GGCGATACTGG
GGCGATACTGG -> GCGATACTGGT
GCGATACTGGT -> CGATACTGGTA
CGATACTGGTA -> GATACTGGTAA
GATACTGGTAA -> ATACTGGTAAT
ATACTGGTAAT -> TACTGGTAATG
TACTGGTAATG -> ACTGGTAATGT
ACTGGTAATGT -> CTGGTAATGTA
CTGGTAATGTA -> TGGTAATGTAC
TGGTAATGTAC -> GGTAATGTACG
GGTAATGTACG -> GTAATGTACGC
GTAATGTACGC -> TAATGTACGCT
TAATGTACGCT -> AATGTACGCTG
AATGTACGCTG -> ATGTACGCTGG
ATGTACGCTGG -> TGTACGCTGGA
TGTACGCTGGA -> GTACGCTGGAT
GTACGCTGGAT -> TACGCTGGATA
TACGCTGGATA -> ACGCTGGATAT
ACGCTGGATAT -> CGCTGGATATG
CGCTGGATATG -> GCTGGATATGT
GCTGGATATGT -> CTGGATATGTG
CTGGATATGTG -> TGGATATGTGG
TGGATATGTGG -> GGATATGTGGA
GGATATGTGGA -> GATATGTGGAT
GATATGTGGAT -> ATATGTGGATG
ATATGTGGATG -> TATGTGGATGG
TATGTGGATGG -> ATGTGGATGGC
ATGTGGATGGC -> TGTGGATGGCT
TGTGGATGGCT -> GTGGATGGCTG
GTGGATGGCTG -> TGGATGGCTGA
TGGATGGCTGA -> GGATGGCTGAC
GGATGGCTGAC -> GATGGCTGACC
GATGGCTGACC -> ATGGCTGACCC
ATGGCTGACCC -> TGGCTGACCCG
TGGCTGACCCG -> GGCTGACCCGG
GGCTGACCCGG -> GCTGACCCGGA
GCTGACCCGGA -> CTGACCCGGAT
CTGACCCGGAT -> TGACCCGGATA
TGACCCGGATA -> GACCCGGATAC
GACCCGGATAC -> ACCCGGATACT
ACCCGGATACT -> CCCGGATACTC
CCCGGATACTC -> CCGGATACTCT
CCGGATACTCT -> CGGATACTCTG
CGGATACTCTG -> GGATACTCTGA
GGATACTCTGA -> GATACTCTGAC
GATACTCTGAC -> ATACTCTGACA
ATACTCTGACA -> TACTCTGACAA
TACTCTGACAA -> ACTCTGACAAA
ACTCTGACAAA -> CTCTGACAAAT
CTCTGACAAAT -> TCTGACAAATG
TCTGACAAATG -> CTGACAAATGT
CTGACAAATGT -> TGACAAATGTA
TGACAAATGTA -> GACAAATGTAG
GACAAATGTAG -> ACAAATGTAGA
ACAAATGTAGA -> CAAATGTAGAT
CAAATGTAGAT -> AAATGTAGATA
AAATGTAGATA -> AATGTAGATAA
AATGTAGATAA -> ATGTAGATAAC
ATGTAGATAAC -> TGTAGATAACC
TGTAGATAACC -> GTAGATAACCA
GTAGATAACCA -> TAGATAACCAG
TAGATAACCAG -> AGATAACCAGT
AGATAACCAGT -> GATAACCAGTC
GATAACCAGTC -> ATAACCAGTCG
ATAACCAGTCG -> TAACCAGTCGC
TAACCAGTCGC -> AACCAGTCGCG
AACCAGTCGCG -> ACCAGTCGCGA
ACCAGTCGCGA -> CCAGTCGCGAA
CCAGTCGCGAA -> CAGTCGCGAAG
CAGTCGCGAAG -> AGTCGCGAAGA
AGTCGCGAAGA -> GTCGCGAAGAA
GTCGCGAAGAA -> TCGCGAAGAAA
TCGCGAAGAAA -> CGCGAAGAAAG
CGCGAAGAAAG -> GCGAAGAAAGT
GCGAAGAAAGT -> CGAAGAAAGTT
CGAAGAAAGTT -> GAAGAAAGTTG
GAAGAAAGTTG -> AAGAAAGTTGA
AAGAAAGTTGA -> AGAAAGTTGAT
AGAAAGTTGAT -> GAAAGTTGATA
GAAAGTTGATA -> AAAGTTGATAA
AAAGTTGATAA -> AAGTTGATAAT
AAGTTGATAAT -> AGTTGATAATT
AGTTGATAATT -> GTTGATAATTG
GTTGATAATTG -> TTGATAATTGA
TTGATAATTGA -> TGATAATTGAA
TGATAATTGAA -> GATAATTGAAA
GATAATTGAAA -> ATAATTGAAAT
ATAATTGAAAT -> TAATTGAAATA
TAATTGAAATA -> AATTGAAATAT
AATTGAAATAT -> ATTGAAATATC
ATTGAAATATC -> TTGAAATATCA
TTGAAATATCA -> TGAAATATCAG
TGAAATATCAG -> GAAATATCAGC
GAAATATCAGC -> AAATATCAGCT
AAATATCAGCT -> AATATCAGCTG
AATATCAGCTG -> ATATCAGCTGA
ATATCAGCTGA -> TATCAGCTGAT
TATCAGCTGAT -> ATCAGCTGATC
ATCAGCTGATC -> TCAGCTGATCA
TCAGCTGATCA -> CAGCTGATCAG
CAGCTGATCAG -> AGCTGATCAGG
AGCTGATCAGG -> GCTGATCAGGT
GCTGATCAGGT -> CTGATCAGGTC
CTGATCAGGTC -> TGATCAGGTCC
TGATCAGGTCC -> GATCAGGTCCG
GATCAGGTCCG -> ATCAGGTCCGC
ATCAGGTCCGC -> TCAGGTCCGCA
TCAGGTCCGCA -> CAGGTCCGCAA
CAGGTCCGCAA -> AGGTCCGCAAT
AGGTCCGCAAT -> GGTCCGCAATA
GGTCCGCAATA -> GTCCGCAATAC
GTCCGCAATAC -> TCCGCAATACT
TCCGCAATACT -> CCGCAATACTG
CCGCAATACTG -> CGCAATACTGT
CGCAATACTGT -> GCAATACTGTT
GCAATACTGTT -> CAATACTGTTC
CAATACTGTTC -> AATACTGTTCG
AATACTGTTCG -> ATACTGTTCGT
ATACTGTTCGT -> TACTGTTCGTT
TACTGTTCGTT -> ACTGTTCGTTA
ACTGTTCGTTA -> CTGTTCGTTAC
CTGTTCGTTAC -> TGTTCGTTACA
TGTTCGTTACA -> GTTCGTTACAA
GTTCGTTACAA -> TTCGTTACAAA
TTCGTTACAAA -> TCGTTACAAAC
TCGTTACAAAC -> CGTTACAAACG
CGTTACAAACG -> GTTACAAACGT
GTTACAAACGT -> TTACAAACGTG
TTACAAACGTG -> TACAAACGTGG
TACAAACGTGG -> ACAAACGTGGT
ACAAACGTGGT -> CAAACGTGGTG
CAAACGTGGTG -> AAACGTGGTGT
AAACGTGGTGT -> AACGTGGTGTG
AACGTGGTGTG -> ACGTGGTGTGG
ACGTGGTGTGG -> CGTGGTGTGGG
CGTGGTGTGGG -> GTGGTGTGGGT
GTGGTGTGGGT -> TGGTGTGGGTG
TGGTGTGGGTG -> GGTGTGGGTGT
GGTGTGGGTGT -> GTGTGGGTGTT
GTGTGGGTGTT -> TGTGGGTGTTT
TGTGGGTGTTT -> GTGGGTGTTTC
GTGGGTGTTTC -> TGGGTGTTTCC
TGGGTGTTTCC -> GGGTGTTTCCG
GGGTGTTTCCG -> GGTGTTTCCGT
GGTGTTTCCGT -> GTGTTTCCGTC
GTGTTTCCGTC -> TGTTTCCGTCG
TGTTTCCGTCG -> GTTTCCGTCGG
GTTTCCGTCGG -> TTTCCGTCGGT
TTTCCGTCGGT -> TTCCGTCGGTC
TTCCGTCGGTC -> TCCGTCGGTCT
TCCGTCGGTCT -> CCGTCGGTCTT
CCGTCGGTCTT -> CGTCGGTCTTA
CGTCGGTCTTA -> GTCGGTCTTAT
GTCGGTCTTAT -> TCGGTCTTATA
TCGGTCTTATA -> CGGTCTTATAC
CGGTCTTATAC -> GGTCTTATACC
GGTCTTATACC -> GTCTTATACCG
GTCTTATACCG -> TCTTATACCGA
TCTTATACCGA -> CTTATACCGAT
CTTATACCGAT -> TTATACCGATA
TTATACCGATA -> TATACCGATAA
TATACCGATAA -> ATACCGATAAC
ATACCGATAAC -> TACCGATAACA
TACCGATAACA -> ACCGATAACAA
ACCGATAACAA -> CCGATAACAAA
CCGATAACAAA -> CGATAACAAAC
CGATAACAAAC -> GATAACAAACA
GATAACAAACA -> ATAACAAACAC
ATAACAAACAC -> TAACAAACACG
TAACAAACACG -> AACAAACACGG
AACAAACACGG -> ACAAACACGGC
ACAAACACGGC -> CAAACACGGCG
CAAACACGGCG -> AAACACGGCGC
AAACACGGCGC -> AACACGGCGCA
AACACGGCGCA -> ACACGGCGCAA
ACACGGCGCAA -> CACGGCGCAAT
CACGGCGCAAT -> ACGGCGCAATC
ACGGCGCAATC -> CGGCGCAATCC
CGGCGCAATCC -> GGCGCAATCCC
GGCGCAATCCC -> GCGCAATCCCT
GCGCAATCCCT -> CGCAATCCCTG
CGCAATCCCTG -> GCAATCCCTGC
GCAATCCCTGC -> CAATCCCTGCT
CAATCCCTGCT -> AATCCCTGCTG
AATCCCTGCTG -> ATCCCTGCTGT
ATCCCTGCTGT -> TCCCTGCTGTG
TCCCTGCTGTG -> CCCTGCTGTGC
CCCTGCTGTGC -> CCTGCTGTGCA
CCTGCTGTGCA -> CTGCTGTGCAA
CTGCTGTGCAA -> TGCTGTGCAAG
TGCTGTGCAAG -> GCTGTGCAAGA
GCTGTGCAAGA -> CTGTGCAAGAC
CTGTGCAAGAC -> TGTGCAAGACC
TGTGCAAGACC -> GTGCAAGACCA
GTGCAAGACCA -> TGCAAGACCAC
TGCAAGACCAC -> GCAAGACCACG
GCAAGACCACG -> CAAGACCACGG
CAAGACCACGG -> AAGACCACGGT
AAGACCACGGT -> AGACCACGGTC
AGACCACGGTC -> GACCACGGTCC
GACCACGGTCC -> ACCACGGTCCA
ACCACGGTCCA -> CCACGGTCCAT
CCACGGTCCAT -> CACGGTCCATA
CACGGTCCATA -> ACGGTCCATAC
ACGGTCCATAC -> CGGTCCATACA
CGGTCCATACA -> GGTCCATACAG
GGTCCATACAG -> GTCCATACAGA
GTCCATACAGA -> TCCATACAGAA
TCCATACAGAA -> CCATACAGAAG
CCATACAGAAG -> CATACAGAAGC
CATACAGAAGC -> ATACAGAAGCC
ATACAGAAGCC -> TACAGAAGCCT
TACAGAAGCCT -> ACAGAAGCCTG
ACAGAAGCCTG -> CAGAAGCCTGG
CAGAAGCCTGG -> AGAAGCCTGGT
AGAAGCCTGGT -> GAAGCCTGGTG
GAAGCCTGGTG -> AAGCCTGGTGC
AAGCCTGGTGC -> AGCCTGGTGCA
AGCCTGGTGCA -> GCCTGGTGCAG
GCCTGGTGCAG -> CCTGGTGCAGT
CCTGGTGCAGT -> CTGGTGCAGTT
CTGGTGCAGTT -> TGGTGCAGTTA
TGGTGCAGTTA -> GGTGCAGTTAC
GGTGCAGTTAC -> GTGCAGTTACA
GTGCAGTTACA -> TGCAGTTACAT
TGCAGTTACAT -> GCAGTTACATA
GCAGTTACATA -> CAGTTACATAA
CAGTTACATAA -> AGTTACATAAA
AGTTACATAAA -> GTTACATAAAT
GTTACATAAAT -> TTACATAAATT
TTACATAAATT -> TACATAAATTG
TACATAAATTG -> ACATAAATTGT
ACATAAATTGT -> CATAAATTGTC
CATAAATTGTC -> ATAAATTGTCA
ATAAATTGTCA -> TAAATTGTCAG
TAAATTGTCAG -> AAATTGTCAGG
AAATTGTCAGG -> AATTGTCAGGG
AATTGTCAGGG -> ATTGTCAGGGA
ATTGTCAGGGA -> TTGTCAGGGAC
TTGTCAGGGAC -> TGTCAGGGACG
TGTCAGGGACG -> GTCAGGGACGG
GTCAGGGACGG -> TCAGGGACGGA
TCAGGGACGGA -> CAGGGACGGAC
CAGGGACGGAC -> AGGGACGGACC
AGGGACGGACC -> GGGACGGACCG
GGGACGGACCG -> GGACGGACCGG
GGACGGACCGG -> GACGGACCGGA
GACGGACCGGA -> ACGGACCGGAG
ACGGACCGGAG -> CGGACCGGAGC
CGGACCGGAGC -> GGACCGGAGCA
GGACCGGAGCA -> GACCGGAGCAG
GACCGGAGCAG -> ACCGGAGCAGT
ACCGGAGCAGT -> CCGGAGCAGTG
CCGGAGCAGTG -> CGGAGCAGTGA
CGGAGCAGTGA -> GGAGCAGTGAT
GGAGCAGTGAT -> GAGCAGTGATA
GAGCAGTGATA -> AGCAGTGATAC
AGCAGTGATAC -> GCAGTGATACC
GCAGTGATACC -> CAGTGATACCT
CAGTGATACCT -> AGTGATACCTG
AGTGATACCTG -> GTGATACCTGG
GTGATACCTGG -> TGATACCTGGA
TGATACCTGGA -> GATACCTGGAT
GATACCTGGAT -> ATACCTGGATC
ATACCTGGATC -> TACCTGGATCC
TACCTGGATCC -> ACCTGGATCCA
ACCTGGATCCA -> CCTGGATCCAA
CCTGGATCCAA -> CTGGATCCAAA
CTGGATCCAAA -> TGGATCCAAAA
TGGATCCAAAA -> GGATCCAAAAC
GGATCCAAAAC -> GATCCAAAACG
GATCCAAAACG -> ATCCAAAACGT
ATCCAAAACGT -> TCCAAAACGTT
TCCAAAACGTT -> CCAAAACGTTT
CCAAAACGTTT -> CAAAACGTTTT
CAAAACGTTTT -> AAAACGTTTTC
AAAACGTTTTC -> AAACGTTTTCC
AAACGTTTTCC -> AACGTTTTCCC
AACGTTTTCCC -> ACGTTTTCCCC
ACGTTTTCCCC -> CGTTTTCCCCG
CGTTTTCCCCG -> GTTTTCCCCGA
GTTTTCCCCGA -> TTTTCCCCGAT
TTTTCCCCGAT -> TTTCCCCGATC
TTTCCCCGATC -> TTCCCCGATCA
TTCCCCGATCA -> TCCCCGATCAT
TCCCCGATCAT -> CCCCGATCATA
CCCCGATCATA -> CCCGATCATAC
CCCGATCATAC -> CCGATCATACT
CCGATCATACT -> CGATCATACTC
CGATCATACTC -> GATCATACTCG
GATCATACTCG -> ATCATACTCGG
ATCATACTCGG -> TCATACTCGGC
TCATACTCGGC -> CATACTCGGCC
CATACTCGGCC -> ATACTCGGCCA
ATACTCGGCCA -> TACTCGGCCAC
TACTCGGCCAC -> ACTCGGCCACA
ACTCGGCCACA -> CTCGGCCACAC
CTCGGCCACAC -> TCGGCCACACG
TCGGCCACACG -> CGGCCACACGG
CGGCCACACGG -> GGCCACACGGG
GGCCACACGGG -> GCCACACGGGC
GCCACACGGGC -> CCACACGGGCC
CCACACGGGCC -> CACACGGGCCC
CACACGGGCCC -> ACACGGGCCCT
ACACGGGCCCT -> CACGGGCCCTG
CACGGGCCCTG -> ACGGGCCCTGT
ACGGGCCCTGT -> CGGGCCCTGTT
CGGGCCCTGTT -> GGGCCCTGTTA
GGGCCCTGTTA -> GGCCCTGTTAA
GGCCCTGTTAA -> GCCCTGTTAAG
GCCCTGTTAAG -> CCCTGTTAAGC
CCCTGTTAAGC -> CCTGTTAAGCC
CCTGTTAAGCC -> CTGTTAAGCCC
CTGTTAAGCCC -> TGTTAAGCCCT
TGTTAAGCCCT -> GTTAAGCCCTA
GTTAAGCCCTA -> TTAAGCCCTAC
TTAAGCCCTAC -> TAAGCCCTACG
TAAGCCCTACG -> AAGCCCTACGG
AAGCCCTACGG -> AGCCCTACGGA
AGCCCTACGGA -> GCCCTACGGAT
GCCCTACGGAT -> CCCTACGGATG
CCCTACGGATG -> CCTACGGATGG
CCTACGGATGG -> CTACGGATGGG
CTACGGATGGG -> TACGGATGGGG
TACGGATGGGG -> ACGGATGGGGA
ACGGATGGGGA -> CGGATGGGGAA
CGGATGGGGAA -> GGATGGGGAAT
GGATGGGGAAT -> GATGGGGAATC
GATGGGGAATC -> ATGGGGAATCG
ATGGGGAATCG -> TGGGGAATCGT
TGGGGAATCGT -> GGGGAATCGTG
GGGGAATCGTG -> GGGAATCGTGT
GGGAATCGTGT -> GGAATCGTGTA
GGAATCGTGTA -> GAATCGTGTAG
GAATCGTGTAG -> AATCGTGTAGG
AATCGTGTAGG -> ATCGTGTAGGA
ATCGTGTAGGA -> TCGTGTAGGAT
TCGTGTAGGAT -> CGTGTAGGATC
CGTGTAGGATC -> GTGTAGGATCC
GTGTAGGATCC -> TGTAGGATCCT
TGTAGGATCCT -> GTAGGATCCTG
GTAGGATCCTG -> TAGGATCCTGA
TAGGATCCTGA -> AGGATCCTGAG
AGGATCCTGAG -> GGATCCTGAGT
GGATCCTGAGT -> GATCCTGAGTC
GATCCTGAGTC -> ATCCTGAGTCG
ATCCTGAGTCG -> TCCTGAGTCGG
TCCTGAGTCGG -> CCTGAGTCGGA
CCTGAGTCGGA -> CTGAGTCGGAC
CTGAGTCGGAC -> TGAGTCGGACT
TGAGTCGGACT -> GAGTCGGACTG
GAGTCGGACTG -> AGTCGGACTGA
AGTCGGACTGA -> GTCGGACTGAC
GTCGGACTGAC -> TCGGACTGACT
TCGGACTGACT -> CGGACTGACTC
CGGACTGACTC -> GGACTGACTCA
GGACTGACTCA -> GACTGACTCAT
GACTGACTCAT -> ACTGACTCATC
ACTGACTCATC -> CTGACTCATCT
CTGACTCATCT -> TGACTCATCTA
TGACTCATCTA -> GACTCATCTAG
GACTCATCTAG -> ACTCATCTAGC
ACTCATCTAGC -> CTCATCTAGCT
CTCATCTAGCT -> TCATCTAGCTG
TCATCTAGCTG -> CATCTAGCTGG
CATCTAGCTGG -> ATCTAGCTGGA
ATCTAGCTGGA -> TCTAGCTGGAA
TCTAGCTGGAA -> CTAGCTGGAAA
CTAGCTGGAAA -> TAGCTGGAAAT
TAGCTGGAAAT -> AGCTGGAAATC
AGCTGGAAATC -> GCTGGAAATCA
GCTGGAAATCA -> CTGGAAATCAA
CTGGAAATCAA -> TGGAAATCAAA
TGGAAATCAAA -> GGAAATCAAAA
GGAAATCAAAA -> GAAATCAAAAT
GAAATCAAAAT -> AAATCAAAATA
AAATCAAAATA -> AATCAAAATAT
AATCAAAATAT -> ATCAAAATATG
ATCAAAATATG -> TCAAAATATGA
TCAAAATATGA -> CAAAATATGAC
CAAAATATGAC -> AAAATATGACG
AAAATATGACG -> AAATATGACGC
AAATATGACGC -> AATATGACGCG
AATATGACGCG -> ATATGACGCGG
ATATGACGCGG -> TATGACGCGGG
TATGACGCGGG -> ATGACGCGGGA
ATGACGCGGGA -> TGACGCGGGAC
TGACGCGGGAC -> GACGCGGGACT
GACGCGGGACT -> ACGCGGGACTC
ACGCGGGACTC -> CGCGGGACTCT
CGCGGGACTCT -> GCGGGACTCTC
GCGGGACTCTC -> CGGGACTCTCT
CGGGACTCTCT -> GGGACTCTCTT
GGGACTCTCTT -> GGACTCTCTTT
GGACTCTCTTT -> GACTCTCTTTA
GACTCTCTTTA -> ACTCTCTTTAA
ACTCTCTTTAA -> CTCTCTTTAAG
CTCTCTTTAAG -> TCTCTTTAAGT
TCTCTTTAAGT -> CTCTTTAAGTG
CTCTTTAAGTG -> TCTTTAAGTGA
TCTTTAAGTGA -> CTTTAAGTGAT
CTTTAAGTGAT -> TTTAAGTGATA
TTTAAGTGATA -> TTAAGTGATAA
TTAAGTGATAA -> TAAGTGATAAT
TAAGTGATAAT -> AAGTGATAATG
AAGTGATAATG -> AGTGATAATGA
AGTGATAATGA -> GTGATAATGAG
GTGATAATGAG -> TGATAATGAGA
TGATAATGAGA -> GATAATGAGAC
GATAATGAGAC -> ATAATGAGACA
ATAATGAGACA -> TAATGAGACAA
TAATGAGACAA -> AATGAGACAAC
AATGAGACAAC -> ATGAGACAACT
ATGAGACAACT -> TGAGACAACTC
TGAGACAACTC -> GAGACAACTCA
GAGACAACTCA -> AGACAACTCAC
AGACAACTCAC -> GACAACTCACT
GACAACTCACT -> ACAACTCACTG
ACAACTCACTG -> CAACTCACTGA
CAACTCACTGA -> AACTCACTGAG
AACTCACTGAG -> ACTCACTGAGA
ACTCACTGAGA -> CTCACTGAGAG
CTCACTGAGAG -> TCACTGAGAGC
TCACTGAGAGC -> CACTGAGAGCT
CACTGAGAGCT -> ACTGAGAGCTC
ACTGAGAGCTC -> CTGAGAGCTCA
CTGAGAGCTCA -> TGAGAGCTCAG
TGAGAGCTCAG -> GAGAGCTCAGA
GAGAGCTCAGA -> AGAGCTCAGAA
AGAGCTCAGAA -> GAGCTCAGAAT
GAGCTCAGAAT -> AGCTCAGAATT
AGCTCAGAATT -> GCTCAGAATTT
GCTCAGAATTT -> CTCAGAATTTT
CTCAGAATTTT -> TCAGAATTTTT
TCAGAATTTTT -> CAGAATTTTTT
CAGAATTTTTT -> AGAATTTTTTG
AGAATTTTTTG -> GAATTTTTTGA
GAATTTTTTGA -> AATTTTTTGAA
AATTTTTTGAA -> ATTTTTTGAAC
ATTTTTTGAAC -> TTTTTTGAACA
TTTTTTGAACA -> TTTTTGAACAA
TTTTTGAACAA -> TTTTGAACAAC
TTTTGAACAAC -> TTTGAACAACT
TTTGAACAACT -> TTGAACAACTT
TTGAACAACTT -> TGAACAACTTA
TGAACAACTTA -> GAACAACTTAG
GAACAACTTAG -> AACAACTTAGC
AACAACTTAGC -> ACAACTTAGCC
ACAACTTAGCC -> CAACTTAGCCT
CAACTTAGCCT -> AACTTAGCCTT
AACTTAGCCTT -> ACTTAGCCTTT
ACTTAGCCTTT -> CTTAGCCTTTT
CTTAGCCTTTT -> TTAGCCTTTTG
TTAGCCTTTTG -> TAGCCTTTTGT
TAGCCTTTTGT -> AGCCTTTTGTG
AGCCTTTTGTG -> GCCTTTTGTGC
GCCTTTTGTGC -> CCTTTTGTGCC
CCTTTTGTGCC -> CTTTTGTGCCA
CTTTTGTGCCA -> TTTTGTGCCAC
TTTTGTGCCAC -> TTTGTGCCACC
TTTGTGCCACC -> TTGTGCCACCC
TTGTGCCACCC -> TGTGCCACCCT
TGTGCCACCCT -> GTGCCACCCTG
GTGCCACCCTG -> TGCCACCCTGC
TGCCACCCTGC -> GCCACCCTGCT
GCCACCCTGCT -> CCACCCTGCTG
CCACCCTGCTG -> CACCCTGCTGG
CACCCTGCTGG -> ACCCTGCTGGA
ACCCTGCTGGA -> CCCTGCTGGAT
CCCTGCTGGAT -> CCTGCTGGATC
CCTGCTGGATC -> CTGCTGGATCC
CTGCTGGATCC -> TGCTGGATCCT
TGCTGGATCCT -> GCTGGATCCTA
GCTGGATCCTA -> CTGGATCCTAC
CTGGATCCTAC -> TGGATCCTACA
TGGATCCTACA -> GGATCCTACAA
GGATCCTACAA -> GATCCTACAAT
GATCCTACAAT -> ATCCTACAATG
ATCCTACAATG -> TCCTACAATGG
TCCTACAATGG -> CCTACAATGGT
CCTACAATGGT -> CTACAATGGTA
CTACAATGGTA -> TACAATGGTAT
TACAATGGTAT -> ACAATGGTATT
ACAATGGTATT -> CAATGGTATTA
CAATGGTATTA -> AATGGTATTAA
AATGGTATTAA -> ATGGTATTAAG
ATGGTATTAAG -> TGGTATTAAGA
TGGTATTAAGA -> GGTATTAAGAC
GGTATTAAGAC -> GTATTAAGACC
GTATTAAGACC -> TATTAAGACCG
TATTAAGACCG -> ATTAAGACCGT
ATTAAGACCGT -> TTAAGACCGTT
TTAAGACCGTT -> TAAGACCGTTC
TAAGACCGTTC -> AAGACCGTTCG
AAGACCGTTCG -> AGACCGTTCGG
AGACCGTTCGG -> GACCGTTCGGT
GACCGTTCGGT -> ACCGTTCGGTC
ACCGTTCGGTC -> CCGTTCGGTCG
CCGTTCGGTCG -> CGTTCGGTCGA
CGTTCGGTCGA -> GTTCGGTCGAA
GTTCGGTCGAA -> TTCGGTCGAAA
TTCGGTCGAAA -> TCGGTCGAAAG
TCGGTCGAAAG -> CGGTCGAAAGT
CGGTCGAAAGT -> GGTCGAAAGTT
GGTCGAAAGTT -> GTCGAAAGTTT
GTCGAAAGTTT -> TCGAAAGTTTA
TCGAAAGTTTA -> CGAAAGTTTAC
CGAAAGTTTAC -> GAAAGTTTACA
GAAAGTTTACA -> AAAGTTTACAA
AAAGTTTACAA -> AAGTTTACAAT
AAGTTTACAAT -> AGTTTACAATC
AGTTTACAATC -> GTTTACAATCT
GTTTACAATCT -> TTTACAATCTT
TTTACAATCTT -> TTACAATCTTG
TTACAATCTTG -> TACAATCTTGC
TACAATCTTGC -> ACAATCTTGCC
ACAATCTTGCC -> CAATCTTGCCT
CAATCTTGCCT -> AATCTTGCCTA
AATCTTGCCTA -> ATCTTGCCTAC
ATCTTGCCTAC -> TCTTGCCTACC
TCTTGCCTACC -> CTTGCCTACCC
CTTGCCTACCC -> TTGCCTACCCA
TTGCCTACCCA -> TGCCTACCCAA
TGCCTACCCAA -> GCCTACCCAAC
GCCTACCCAAC -> CCTACCCAACC
CCTACCCAACC -> CTACCCAACCC
CTACCCAACCC -> TACCCAACCCT
TACCCAACCCT -> ACCCAACCCTA
ACCCAACCCTA -> CCCAACCCTAT
CCCAACCCTAT -> CCAACCCTATG
CCAACCCTATG -> CAACCCTATGT
CAACCCTATGT -> AACCCTATGTC
AACCCTATGTC -> ACCCTATGTCA
ACCCTATGTCA -> CCCTATGTCAT
CCCTATGTCAT -> CCTATGTCATT
CCTATGTCATT -> CTATGTCATTA
CTATGTCATTA -> TATGTCATTAG
TATGTCATTAG -> ATGTCATTAGT
ATGTCATTAGT -> TGTCATTAGTA
TGTCATTAGTA -> GTCATTAGTAT
GTCATTAGTAT -> TCATTAGTATT
TCATTAGTATT -> CATTAGTATTC
CATTAGTATTC -> ATTAGTATTCT
ATTAGTATTCT -> TTAGTATTCTG
TTAGTATTCTG -> TAGTATTCTGC
TAGTATTCTGC -> AGTATTCTGCA
AGTATTCTGCA -> GTATTCTGCAT
GTATTCTGCAT -> TATTCTGCATT
TATTCTGCATT -> ATTCTGCATTC
ATTCTGCATTC -> TTCTGCATTCA
TTCTGCATTCA -> TCTGCATTCAT
TCTGCATTCAT -> CTGCATTCATT
CTGCATTCATT -> TGCATTCATTT
TGCATTCATTT -> GCATTCATTTG
GCATTCATTTG -> CATTCATTTGA
CATTCATTTGA -> ATTCATTTGAA
ATTCATTTGAA -> TTCATTTGAAG
TTCATTTGAAG -> TCATTTGAAGC
TCATTTGAAGC -> CATTTGAAGCT
CATTTGAAGCT -> ATTTGAAGCTT
ATTTGAAGCTT -> TTTGAAGCTTC
TTTGAAGCTTC -> TTGAAGCTTCC
TTGAAGCTTCC -> TGAAGCTTCCA
TGAAGCTTCCA -> GAAGCTTCCAC
GAAGCTTCCAC -> AAGCTTCCACG
AAGCTTCCACG -> AGCTTCCACGA
AGCTTCCACGA -> GCTTCCACGAT
GCTTCCACGAT -> CTTCCACGATG
CTTCCACGATG -> TTCCACGATGC
TTCCACGATGC -> TCCACGATGCT
TCCACGATGCT -> CCACGATGCTC
CCACGATGCTC -> CACGATGCTCC
CACGATGCTCC -> ACGATGCTCCT
ACGATGCTCCT -> CGATGCTCCTG
CGATGCTCCTG -> GATGCTCCTGC
GATGCTCCTGC -> ATGCTCCTGCG
ATGCTCCTGCG -> TGCTCCTGCGC
TGCTCCTGCGC -> GCTCCTGCGCC
GCTCCTGCGCC -> CTCCTGCGCCT
CTCCTGCGCCT -> TCCTGCGCCTA
TCCTGCGCCTA -> CCTGCGCCTAC
CCTGCGCCTAC -> CTGCGCCTACA
CTGCGCCTACA -> TGCGCCTACAT
TGCGCCTACAT -> GCGCCTACATA
GCGCCTACATA -> CGCCTACATAC
CGCCTACATAC -> GCCTACATACG
GCCTACATACG -> CCTACATACGA
CCTACATACGA -> CTACATACGAA
CTACATACGAA -> TACATACGAAC
TACATACGAAC -> ACATACGAACT
ACATACGAACT -> CATACGAACTA
CATACGAACTA -> ATACGAACTAC
ATACGAACTAC -> TACGAACTACG
TACGAACTACG -> ACGAACTACGA
ACGAACTACGA -> CGAACTACGAA
CGAACTACGAA -> GAACTACGAAG
GAACTACGAAG -> AACTACGAAGA
AACTACGAAGA -> ACTACGAAGAG
ACTACGAAGAG -> CTACGAAGAGA
CTACGAAGAGA -> TACGAAGAGAC
TACGAAGAGAC -> ACGAAGAGACA
ACGAAGAGACA -> CGAAGAGACAA
CGAAGAGACAA -> GAAGAGACAAC
GAAGAGACAAC -> AAGAGACAACG
AAGAGACAACG -> AGAGACAACGC
AGAGACAACGC -> GAGACAACGCT
GAGACAACGCT -> AGACAACGCTC
AGACAACGCTC -> GACAACGCTCT
GACAACGCTCT -> ACAACGCTCTA
ACAACGCTCTA -> CAACGCTCTAT
CAACGCTCTAT -> AACGCTCTATG
AACGCTCTATG -> ACGCTCTATGT
ACGCTCTATGT -> CGCTCTATGTG
CGCTCTATGTG -> GCTCTATGTGT
GCTCTATGTGT -> CTCTATGTGTC
CTCTATGTGTC -> TCTATGTGTCG
TCTATGTGTCG -> CTATGTGTCGG
CTATGTGTCGG -> TATGTGTCGGT
TATGTGTCGGT -> ATGTGTCGGTG
ATGTGTCGGTG -> TGTGTCGGTGT
TGTGTCGGTGT -> GTGTCGGTGTG
GTGTCGGTGTG -> TGTCGGTGTGT
TGTCGGTGTGT -> GTCGGTGTGTT
GTCGGTGTGTT -> TCGGTGTGTTG
TCGGTGTGTTG -> CGGTGTGTTGG
CGGTGTGTTGG -> GGTGTGTTGGG
GGTGTGTTGGG -> GTGTGTTGGGC
GTGTGTTGGGC -> TGTGTTGGGCT
TGTGTTGGGCT -> GTGTTGGGCTT
GTGTTGGGCTT -> TGTTGGGCTTC
TGTTGGGCTTC -> GTTGGGCTTCT
GTTGGGCTTCT -> TTGGGCTTCTT
TTGGGCTTCTT -> TGGGCTTCTTA
TGGGCTTCTTA -> GGGCTTCTTAT
GGGCTTCTTAT -> GGCTTCTTATA
GGCTTCTTATA -> GCTTCTTATAT
GCTTCTTATAT -> CTTCTTATATT
CTTCTTATATT -> TTCTTATATTA
TTCTTATATTA -> TCTTATATTAG
TCTTATATTAG -> CTTATATTAGA
CTTATATTAGA -> TTATATTAGAG
TTATATTAGAG -> TATATTAGAGT
TATATTAGAGT -> ATATTAGAGTG
ATATTAGAGTG -> TATTAGAGTGG
TATTAGAGTGG -> ATTAGAGTGGA
ATTAGAGTGGA -> TTAGAGTGGAC
TTAGAGTGGAC -> TAGAGTGGACG
TAGAGTGGACG -> AGAGTGGACGG
AGAGTGGACGG -> GAGTGGACGGT
GAGTGGACGGT -> AGTGGACGGTC
AGTGGACGGTC -> GTGGACGGTCA
GTGGACGGTCA -> TGGACGGTCAA
TGGACGGTCAA -> GGACGGTCAAG
GGACGGTCAAG -> GACGGTCAAGC
GACGGTCAAGC -> ACGGTCAAGCT
ACGGTCAAGCT -> CGGTCAAGCTC
CGGTCAAGCTC -> GGTCAAGCTCA
GGTCAAGCTCA -> GTCAAGCTCAG
GTCAAGCTCAG -> TCAAGCTCAGA
TCAAGCTCAGA -> CAAGCTCAGAC
CAAGCTCAGAC -> AAGCTCAGACT
AAGCTCAGACT -> AGCTCAGACTG
AGCTCAGACTG -> GCTCAGACTGC
GCTCAGACTGC -> CTCAGACTGCG
CTCAGACTGCG -> TCAGACTGCGG
TCAGACTGCGG -> CAGACTGCGGA
CAGACTGCGGA -> AGACTGCGGAG
AGACTGCGGAG -> GACTGCGGAGT
GACTGCGGAGT -> ACTGCGGAGTT
ACTGCGGAGTT -> CTGCGGAGTTC
CTGCGGAGTTC -> TGCGGAGTTCC
TGCGGAGTTCC -> GCGGAGTTCCC
GCGGAGTTCCC -> CGGAGTTCCCA
CGGAGTTCCCA -> GGAGTTCCCAT
GGAGTTCCCAT -> GAGTTCCCATT
GAGTTCCCATT -> AGTTCCCATTC
AGTTCCCATTC -> GTTCCCATTCT
GTTCCCATTCT -> TTCCCATTCTT
TTCCCATTCTT -> TCCCATTCTTA
TCCCATTCTTA -> CCCATTCTTAC
CCCATTCTTAC -> CCATTCTTACA
CCATTCTTACA -> CATTCTTACAC
CATTCTTACAC -> ATTCTTACACA
ATTCTTACACA -> TTCTTACACAC
TTCTTACACAC -> TCTTACACACA
TCTTACACACA -> CTTACACACAA
CTTACACACAA -> TTACACACAAG
TTACACACAAG -> TACACACAAGG
TACACACAAGG -> ACACACAAGGA
ACACACAAGGA -> CACACAAGGAA
CACACAAGGAA -> ACACAAGGAAG
ACACAAGGAAG -> CACAAGGAAGC
CACAAGGAAGC -> ACAAGGAAGCA
ACAAGGAAGCA -> CAAGGAAGCAT
CAAGGAAGCAT -> AAGGAAGCATT
AAGGAAGCATT -> AGGAAGCATTG
AGGAAGCATTG -> GGAAGCATTGG
GGAAGCATTGG -> GAAGCATTGGC
GAAGCATTGGC -> AAGCATTGGCG
AAGCATTGGCG -> AGCATTGGCGC
AGCATTGGCGC -> GCATTGGCGCT
GCATTGGCGCT -> CATTGGCGCTA
CATTGGCGCTA -> ATTGGCGCTAA
ATTGGCGCTAA -> TTGGCGCTAAC
TTGGCGCTAAC -> TGGCGCTAACA
TGGCGCTAACA -> GGCGCTAACAA
GGCGCTAACAA -> GCGCTAACAAT
GCGCTAACAAT -> CGCTAACAATT
CGCTAACAATT -> GCTAACAATTA
GCTAACAATTA -> CTAACAATTAG
CTAACAATTAG -> TAACAATTAGT
TAACAATTAGT -> AACAATTAGTG
AACAATTAGTG -> ACAATTAGTGC
ACAATTAGTGC -> CAATTAGTGCG
CAATTAGTGCG -> AATTAGTGCGA
AATTAGTGCGA -> ATTAGTGCGAG
ATTAGTGCGAG -> TTAGTGCGAGT
TTAGTGCGAGT -> TAGTGCGAGTT
TAGTGCGAGTT -> AGTGCGAGTTG
AGTGCGAGTTG -> GTGCGAGTTGT
GTGCGAGTTGT -> TGCGAGTTGTT
TGCGAGTTGTT -> GCGAGTTGTTA
GCGAGTTGTTA -> CGAGTTGTTAC
CGAGTTGTTAC -> GAGTTGTTACG
GAGTTGTTACG -> AGTTGTTACGC
AGTTGTTACGC -> GTTGTTACGCA
GTTGTTACGCA -> TTGTTACGCAA
TTGTTACGCAA -> TGTTACGCAAC
TGTTACGCAAC -> GTTACGCAACG
GTTACGCAACG -> TTACGCAACGT
TTACGCAACGT -> TACGCAACGTA
TACGCAACGTA -> ACGCAACGTAA
ACGCAACGTAA -> CGCAACGTAAT
CGCAACGTAAT -> GCAACGTAATC
GCAACGTAATC -> CAACGTAATCG
CAACGTAATCG -> AACGTAATCGA
AACGTAATCGA -> ACGTAATCGAG
ACGTAATCGAG -> CGTAATCGAGC
CGTAATCGAGC -> GTAATCGAGCA
GTAATCGAGCA -> TAATCGAGCAG
TAATCGAGCAG -> AATCGAGCAGA
AATCGAGCAGA -> ATCGAGCAGAT
ATCGAGCAGAT -> TCGAGCAGATA
TCGAGCAGATA -> CGAGCAGATAA
CGAGCAGATAA -> GAGCAGATAAA
GAGCAGATAAA -> AGCAGATAAAG
AGCAGATAAAG -> GCAGATAAAGA
GCAGATAAAGA -> CAGATAAAGAA
CAGATAAAGAA -> AGATAAAGAAT
AGATAAAGAAT -> GATAAAGAATG
GATAAAGAATG -> ATAAAGAATGA
ATAAAGAATGA -> TAAAGAATGAT
TAAAGAATGAT -> AAAGAATGATG
AAAGAATGATG -> AAGAATGATGG
AAGAATGATGG -> AGAATGATGGT
AGAATGATGGT -> GAATGATGGTT
GAATGATGGTT -> AATGATGGTTC
AATGATGGTTC -> ATGATGGTTCC
ATGATGGTTCC -> TGATGGTTCCG
TGATGGTTCCG -> GATGGTTCCGT
GATGGTTCCGT -> ATGGTTCCGTG
ATGGTTCCGTG -> TGGTTCCGTGT
TGGTTCCGTGT -> GGTTCCGTGTA
GGTTCCGTGTA -> GTTCCGTGTAT
GTTCCGTGTAT -> TTCCGTGTATC
TTCCGTGTATC -> TCCGTGTATCT
TCCGTGTATCT -> CCGTGTATCTG
CCGTGTATCTG -> CGTGTATCTGT
CGTGTATCTGT -> GTGTATCTGTA
GTGTATCTGTA -> TGTATCTGTAG
TGTATCTGTAG -> GTATCTGTAGC
GTATCTGTAGC -> TATCTGTAGCC
TATCTGTAGCC -> ATCTGTAGCCA
ATCTGTAGCCA -> TCTGTAGCCAT
TCTGTAGCCAT -> CTGTAGCCATA
CTGTAGCCATA -> TGTAGCCATAA
TGTAGCCATAA -> GTAGCCATAAC
GTAGCCATAAC -> TAGCCATAACC
TAGCCATAACC -> AGCCATAACCC
AGCCATAACCC -> GCCATAACCCT
GCCATAACCCT -> CCATAACCCTC
CCATAACCCTC -> CATAACCCTCT
CATAACCCTCT -> ATAACCCTCTT
ATAACCCTCTT -> TAACCCTCTTT
TAACCCTCTTT -> AACCCTCTTTA
AACCCTCTTTA -> ACCCTCTTTAG
ACCCTCTTTAG -> CCCTCTTTAGA
CCCTCTTTAGA -> CCTCTTTAGAA
CCTCTTTAGAA -> CTCTTTAGAAA
CTCTTTAGAAA -> TCTTTAGAAAT
TCTTTAGAAAT -> CTTTAGAAATC
CTTTAGAAATC -> TTTAGAAATCT
TTTAGAAATCT -> TTAGAAATCTC
TTAGAAATCTC -> TAGAAATCTCG
TAGAAATCTCG -> AGAAATCTCGT
AGAAATCTCGT -> GAAATCTCGTT
GAAATCTCGTT -> AAATCTCGTTA
AAATCTCGTTA -> AATCTCGTTAA
AATCTCGTTAA -> ATCTCGTTAAT
ATCTCGTTAAT -> TCTCGTTAATC
TCTCGTTAATC -> CTCGTTAATCT
CTCGTTAATCT -> TCGTTAATCTG
TCGTTAATCTG -> CGTTAATCTGT
CGTTAATCTGT -> GTTAATCTGTG
GTTAATCTGTG -> TTAATCTGTGT
TTAATCTGTGT -> TAATCTGTGTC
TAATCTGTGTC -> AATCTGTGTCC
AATCTGTGTCC -> ATCTGTGTCCG
ATCTGTGTCCG -> TCTGTGTCCGT
TCTGTGTCCGT -> CTGTGTCCGTC
CTGTGTCCGTC -> TGTGTCCGTCA
TGTGTCCGTCA -> GTGTCCGTCAA
GTGTCCGTCAA -> TGTCCGTCAAT
TGTCCGTCAAT -> GTCCGTCAATA
GTCCGTCAATA -> TCCGTCAATAT
TCCGTCAATAT -> CCGTCAATATG
CCGTCAATATG -> CGTCAATATGA
CGTCAATATGA -> GTCAATATGAC
GTCAATATGAC -> TCAATATGACC
TCAATATGACC -> CAATATGACCG
CAATATGACCG -> AATATGACCGT
AATATGACCGT -> ATATGACCGTC
ATATGACCGTC -> TATGACCGTCA
TATGACCGTCA -> ATGACCGTCAA
ATGACCGTCAA -> TGACCGTCAAT
TGACCGTCAAT -> GACCGTCAATA
GACCGTCAATA -> ACCGTCAATAC
ACCGTCAATAC -> CCGTCAATACT
CCGTCAATACT -> CGTCAATACTG
CGTCAATACTG -> GTCAATACTGT
GTCAATACTGT -> TCAATACTGTC
TCAATACTGTC -> CAATACTGTCA
CAATACTGTCA -> AATACTGTCAG
AATACTGTCAG -> ATACTGTCAGC
ATACTGTCAGC -> TACTGTCAGCC
TACTGTCAGCC -> ACTGTCAGCCC
ACTGTCAGCCC -> CTGTCAGCCCA
CTGTCAGCCCA -> TGTCAGCCCAG
TGTCAGCCCAG -> GTCAGCCCAGC
GTCAGCCCAGC -> TCAGCCCAGCG
TCAGCCCAGCG -> CAGCCCAGCGT
CAGCCCAGCGT -> AGCCCAGCGTC
AGCCCAGCGTC -> GCCCAGCGTCT
GCCCAGCGTCT -> CCCAGCGTCTA
CCCAGCGTCTA -> CCAGCGTCTAC
CCAGCGTCTAC -> CAGCGTCTACG
CAGCGTCTACG -> AGCGTCTACGG
AGCGTCTACGG -> GCGTCTACGGT
GCGTCTACGGT -> CGTCTACGGTC
CGTCTACGGTC -> GTCTACGGTCC
GTCTACGGTCC -> TCTACGGTCCA
TCTACGGTCCA -> CTACGGTCCAT
CTACGGTCCAT -> TACGGTCCATC
TACGGTCCATC -> ACGGTCCATCT
ACGGTCCATCT -> CGGTCCATCTG
CGGTCCATCTG -> GGTCCATCTGT
GGTCCATCTGT -> GTCCATCTGTA
GTCCATCTGTA -> TCCATCTGTAG
TCCATCTGTAG -> CCATCTGTAGC
CCATCTGTAGC -> CATCTGTAGCG
CATCTGTAGCG -> ATCTGTAGCGA
ATCTGTAGCGA -> TCTGTAGCGAT
TCTGTAGCGAT -> CTGTAGCGATG
CTGTAGCGATG -> TGTAGCGATGC
TGTAGCGATGC -> GTAGCGATGCA
GTAGCGATGCA -> TAGCGATGCAG
TAGCGATGCAG -> AGCGATGCAGG
AGCGATGCAGG -> GCGATGCAGGA
GCGATGCAGGA -> CGATGCAGGAT
CGATGCAGGAT -> GATGCAGGATT
GATGCAGGATT -> ATGCAGGATTC
ATGCAGGATTC -> TGCAGGATTCA
TGCAGGATTCA -> GCAGGATTCAC
GCAGGATTCAC -> CAGGATTCACA
CAGGATTCACA -> AGGATTCACAC
AGGATTCACAC -> GGATTCACACC
GGATTCACACC -> GATTCACACCT
GATTCACACCT -> ATTCACACCTG
ATTCACACCTG -> TTCACACCTGC
TTCACACCTGC -> TCACACCTGCC
TCACACCTGCC -> CACACCTGCCT
CACACCTGCCT -> ACACCTGCCTC
ACACCTGCCTC -> CACCTGCCTCT
CACCTGCCTCT -> ACCTGCCTCTG
ACCTGCCTCTG -> CCTGCCTCTGA
CCTGCCTCTGA -> CTGCCTCTGAG
CTGCCTCTGAG -> TGCCTCTGAGG
TGCCTCTGAGG -> GCCTCTGAGGA
GCCTCTGAGGA -> CCTCTGAGGAC
CCTCTGAGGAC -> CTCTGAGGACA
CTCTGAGGACA -> TCTGAGGACAC
TCTGAGGACAC -> CTGAGGACACG
CTGAGGACACG -> TGAGGACACGA
TGAGGACACGA -> GAGGACACGAA
GAGGACACGAA -> AGGACACGAAG
AGGACACGAAG -> GGACACGAAGA
GGACACGAAGA -> GACACGAAGAA
GACACGAAGAA -> ACACGAAGAAG
ACACGAAGAAG -> CACGAAGAAGA
CACGAAGAAGA -> ACGAAGAAGAT
ACGAAGAAGAT -> CGAAGAAGATC
CGAAGAAGATC -> GAAGAAGATCG
GAAGAAGATCG -> AAGAAGATCGA
AAGAAGATCGA -> AGAAGATCGAG
AGAAGATCGAG -> GAAGATCGAGG
GAAGATCGAGG -> AAGATCGAGGT
AAGATCGAGGT -> AGATCGAGGTT
AGATCGAGGTT -> GATCGAGGTTA
GATCGAGGTTA -> ATCGAGGTTAG
ATCGAGGTTAG -> TCGAGGTTAGT
TCGAGGTTAGT -> CGAGGTTAGTC
CGAGGTTAGTC -> GAGGTTAGTCT
GAGGTTAGTCT -> AGGTTAGTCTA
AGGTTAGTCTA -> GGTTAGTCTAT
GGTTAGTCTAT -> GTTAGTCTATT
GTTAGTCTATT -> TTAGTCTATTG
TTAGTCTATTG -> TAGTCTATTGA
TAGTCTATTGA -> AGTCTATTGAG
AGTCTATTGAG -> GTCTATTGAGT
GTCTATTGAGT -> TCTATTGAGTC
TCTATTGAGTC -> CTATTGAGTCA
CTATTGAGTCA -> TATTGAGTCAT
TATTGAGTCAT -> ATTGAGTCATA
ATTGAGTCATA -> TTGAGTCATAC
TTGAGTCATAC -> TGAGTCATACC
TGAGTCATACC -> GAGTCATACCT
GAGTCATACCT -> AGTCATACCTA
AGTCATACCTA -> GTCATACCTAA
GTCATACCTAA -> TCATACCTAAC
TCATACCTAAC -> CATACCTAACG
CATACCTAACG -> ATACCTAACGT
ATACCTAACGT -> TACCTAACGTG
TACCTAACGTG -> ACCTAACGTGG
ACCTAACGTGG -> CCTAACGTGGG
CCTAACGTGGG -> CTAACGTGGGC
CTAACGTGGGC -> TAACGTGGGCC
TAACGTGGGCC -> AACGTGGGCCT
AACGTGGGCCT -> ACGTGGGCCTA
ACGTGGGCCTA -> CGTGGGCCTAG
CGTGGGCCTAG -> GTGGGCCTAGT
GTGGGCCTAGT -> TGGGCCTAGTC
TGGGCCTAGTC -> GGGCCTAGTCC
GGGCCTAGTCC -> GGCCTAGTCCC
GGCCTAGTCCC -> GCCTAGTCCCA
GCCTAGTCCCA -> CCTAGTCCCAC
CCTAGTCCCAC -> CTAGTCCCACA
CTAGTCCCACA -> TAGTCCCACAC
TAGTCCCACAC -> AGTCCCACACA
AGTCCCACACA -> GTCCCACACAG
GTCCCACACAG -> TCCCACACAGA
TCCCACACAGA -> CCCACACAGAT
CCCACACAGAT -> CCACACAGATG
CCACACAGATG -> CACACAGATGC
CACACAGATGC -> ACACAGATGCC
ACACAGATGCC -> CACAGATGCCG
CACAGATGCCG -> ACAGATGCCGG
ACAGATGCCGG -> CAGATGCCGGC
CAGATGCCGGC -> AGATGCCGGCC
AGATGCCGGCC -> GATGCCGGCCA
GATGCCGGCCA -> ATGCCGGCCAA
ATGCCGGCCAA -> TGCCGGCCAAA
TGCCGGCCAAA -> GCCGGCCAAAC
GCCGGCCAAAC -> CCGGCCAAACG
CCGGCCAAACG -> CGGCCAAACGC
CGGCCAAACGC -> GGCCAAACGCC
GGCCAAACGCC -> GCCAAACGCCC
GCCAAACGCCC -> CCAAACGCCCT
CCAAACGCCCT -> CAAACGCCCTT
CAAACGCCCTT -> AAACGCCCTTT
AAACGCCCTTT -> AACGCCCTTTC
AACGCCCTTTC -> ACGCCCTTTCC
ACGCCCTTTCC -> CGCCCTTTCCG
CGCCCTTTCCG -> GCCCTTTCCGC
GCCCTTTCCGC -> CCCTTTCCGCA
CCCTTTCCGCA -> CCTTTCCGCAA
CCTTTCCGCAA -> CTTTCCGCAAT
CTTTCCGCAAT -> TTTCCGCAATG
TTTCCGCAATG -> TTCCGCAATGA
TTCCGCAATGA -> TCCGCAATGAA
TCCGCAATGAA -> CCGCAATGAAG
CCGCAATGAAG -> CGCAATGAAGC
CGCAATGAAGC -> GCAATGAAGCA
GCAATGAAGCA -> CAATGAAGCAC
CAATGAAGCAC -> AATGAAGCACG
AATGAAGCACG -> ATGAAGCACGA
ATGAAGCACGA -> TGAAGCACGAC
TGAAGCACGAC -> GAAGCACGACT
GAAGCACGACT -> AAGCACGACTG
AAGCACGACTG -> AGCACGACTGC
AGCACGACTGC -> GCACGACTGCA
GCACGACTGCA -> CACGACTGCAT
CACGACTGCAT -> ACGACTGCATT
ACGACTGCATT -> CGACTGCATTT
CGACTGCATTT -> GACTGCATTTT
GACTGCATTTT -> ACTGCATTTTT
ACTGCATTTTT -> CTGCATTTTTG
CTGCATTTTTG -> TGCATTTTTGA
TGCATTTTTGA -> GCATTTTTGAC
GCATTTTTGAC -> CATTTTTGACT
CATTTTTGACT -> ATTTTTGACTG
ATTTTTGACTG -> TTTTTGACTGA
TTTTTGACTGA -> TTTTGACTGAC
TTTTGACTGAC -> TTTGACTGACT
TTTGACTGACT -> TTGACTGACTA
TTGACTGACTA -> TGACTGACTAA
TGACTGACTAA -> GACTGACTAAT
GACTGACTAAT -> ACTGACTAATC
ACTGACTAATC -> CTGACTAATCC
CTGACTAATCC -> TGACTAATCCG
TGACTAATCCG -> GACTAATCCGT
GACTAATCCGT -> ACTAATCCGTG
ACTAATCCGTG -> CTAATCCGTGC
CTAATCCGTGC -> TAATCCGTGCC
TAATCCGTGCC -> AATCCGTGCCC
AATCCGTGCCC -> ATCCGTGCCCA
ATCCGTGCCCA -> TCCGTGCCCAG
TCCGTGCCCAG -> CCGTGCCCAGC
CCGTGCCCAGC -> CGTGCCCAGCG
CGTGCCCAGCG -> GTGCCCAGCGT
GTGCCCAGCGT -> TGCCCAGCGTG
TGCCCAGCGTG -> GCCCAGCGTGG
GCCCAGCGTGG -> CCCAGCGTGGC
CCCAGCGTGGC -> CCAGCGTGGCA
CCAGCGTGGCA -> CAGCGTGGCAT
CAGCGTGGCAT -> AGCGTGGCATT
AGCGTGGCATT -> GCGTGGCATTA
GCGTGGCATTA -> CGTGGCATTAC
CGTGGCATTAC -> GTGGCATTACA
GTGGCATTACA -> TGGCATTACAC
TGGCATTACAC -> GGCATTACACC
GGCATTACACC -> GCATTACACCC
GCATTACACCC -> CATTACACCCC
CATTACACCCC -> ATTACACCCCT
ATTACACCCCT -> TTACACCCCTC
TTACACCCCTC -> TACACCCCTCC
TACACCCCTCC -> ACACCCCTCCG
ACACCCCTCCG -> CACCCCTCCGC
CACCCCTCCGC -> ACCCCTCCGCG
ACCCCTCCGCG -> CCCCTCCGCGT
CCCCTCCGCGT -> CCCTCCGCGTT
CCCTCCGCGTT -> CCTCCGCGTTC
CCTCCGCGTTC -> CTCCGCGTTCT
CTCCGCGTTCT -> TCCGCGTTCTA
TCCGCGTTCTA -> CCGCGTTCTAG
CCGCGTTCTAG -> CGCGTTCTAGT
CGCGTTCTAGT -> GCGTTCTAGTG
GCGTTCTAGTG -> CGTTCTAGTGC
CGTTCTAGTGC -> GTTCTAGTGCA
GTTCTAGTGCA -> TTCTAGTGCAC
TTCTAGTGCAC -> TCTAGTGCACT
TCTAGTGCACT -> CTAGTGCACTG
CTAGTGCACTG -> TAGTGCACTGG
TAGTGCACTGG -> AGTGCACTGGA
AGTGCACTGGA -> GTGCACTGGAG
GTGCACTGGAG -> TGCACTGGAGC
TGCACTGGAGC -> GCACTGGAGCG
GCACTGGAGCG -> CACTGGAGCGA
CACTGGAGCGA -> ACTGGAGCGAG
ACTGGAGCGAG -> CTGGAGCGAGC
CTGGAGCGAGC -> TGGAGCGAGCG
TGGAGCGAGCG -> GGAGCGAGCGC
GGAGCGAGCGC -> GAGCGAGCGCG
GAGCGAGCGCG -> AGCGAGCGCGG
AGCGAGCGCGG -> GCGAGCGCGGC
GCGAGCGCGGC -> CGAGCGCGGCT
CGAGCGCGGCT -> GAGCGCGGCTG
GAGCGCGGCTG -> AGCGCGGCTGA
AGCGCGGCTGA -> GCGCGGCTGAC
GCGCGGCTGAC -> CGCGGCTGACA
CGCGGCTGACA -> GCGGCTGACAG
GCGGCTGACAG -> CGGCTGACAGG
CGGCTGACAGG -> GGCTGACAGGG
GGCTGACAGGG -> GCTGACAGGGG
GCTGACAGGGG -> CTGACAGGGGG
CTGACAGGGGG -> TGACAGGGGGT
TGACAGGGGGT -> GACAGGGGGTC
GACAGGGGGTC -> ACAGGGGGTCT
ACAGGGGGTCT -> CAGGGGGTCTG
CAGGGGGTCTG -> AGGGGGTCTGT
AGGGGGTCTGT -> GGGGGTCTGTG
GGGGGTCTGTG -> GGGGTCTGTGT
GGGGTCTGTGT -> GGGTCTGTGTG
GGGTCTGTGTG -> GGTCTGTGTGT
GGTCTGTGTGT -> GTCTGTGTGTA
GTCTGTGTGTA -> TCTGTGTGTAC
TCTGTGTGTAC -> CTGTGTGTACT
CTGTGTGTACT -> TGTGTGTACTT
TGTGTGTACTT -> GTGTGTACTTC
GTGTGTACTTC -> TGTGTACTTCG
TGTGTACTTCG -> GTGTACTTCGC
GTGTACTTCGC -> TGTACTTCGCT
TGTACTTCGCT -> GTACTTCGCTG
GTACTTCGCTG -> TACTTCGCTGA
TACTTCGCTGA -> ACTTCGCTGAT
ACTTCGCTGAT -> CTTCGCTGATG
CTTCGCTGATG -> TTCGCTGATGA
TTCGCTGATGA -> TCGCTGATGAG
TCGCTGATGAG -> CGCTGATGAGA
CGCTGATGAGA -> GCTGATGAGAG
GCTGATGAGAG -> CTGATGAGAGG
CTGATGAGAGG -> TGATGAGAGGG
TGATGAGAGGG -> GATGAGAGGGG
GATGAGAGGGG -> ATGAGAGGGGT
ATGAGAGGGGT -> TGAGAGGGGTT
TGAGAGGGGTT -> GAGAGGGGTTG
GAGAGGGGTTG -> AGAGGGGTTGT
AGAGGGGTTGT -> GAGGGGTTGTG
GAGGGGTTGTG -> AGGGGTTGTGA
AGGGGTTGTGA -> GGGGTTGTGAT
GGGGTTGTGAT -> GGGTTGTGATA
GGGTTGTGATA -> GGTTGTGATAC
GGTTGTGATAC -> GTTGTGATACG
GTTGTGATACG -> TTGTGATACGA
TTGTGATACGA -> TGTGATACGAA
TGTGATACGAA -> GTGATACGAAT
GTGATACGAAT -> TGATACGAATA
TGATACGAATA -> GATACGAATAG
GATACGAATAG -> ATACGAATAGG
ATACGAATAGG -> TACGAATAGGA
TACGAATAGGA -> ACGAATAGGAT
ACGAATAGGAT -> CGAATAGGATG
CGAATAGGATG -> GAATAGGATGG
GAATAGGATGG -> AATAGGATGGT
AATAGGATGGT -> ATAGGATGGTA
ATAGGATGGTA -> TAGGATGGTAC
TAGGATGGTAC -> AGGATGGTACC
AGGATGGTACC -> GGATGGTACCT
GGATGGTACCT -> GATGGTACCTG
GATGGTACCTG -> ATGGTACCTGC
ATGGTACCTGC -> TGGTACCTGCT
TGGTACCTGCT -> GGTACCTGCTT
GGTACCTGCTT -> GTACCTGCTTT
GTACCTGCTTT -> TACCTGCTTTA
TACCTGCTTTA -> ACCTGCTTTAT
ACCTGCTTTAT -> CCTGCTTTATG
CCTGCTTTATG -> CTGCTTTATGA
CTGCTTTATGA -> TGCTTTATGAG
TGCTTTATGAG -> GCTTTATGAGT
GCTTTATGAGT -> CTTTATGAGTT
CTTTATGAGTT -> TTTATGAGTTA
TTTATGAGTTA -> TTATGAGTTAT
TTATGAGTTAT -> TATGAGTTATT
TATGAGTTATT -> ATGAGTTATTT
ATGAGTTATTT -> TGAGTTATTTT
TGAGTTATTTT -> GAGTTATTTTG
GAGTTATTTTG -> AGTTATTTTGG
AGTTATTTTGG -> GTTATTTTGGA
GTTATTTTGGA -> TTATTTTGGAG
TTATTTTGGAG -> TATTTTGGAGG
TATTTTGGAGG -> ATTTTGGAGGT
ATTTTGGAGGT -> TTTTGGAGGTT
TTTTGGAGGTT -> TTTGGAGGTTT
TTTGGAGGTTT -> TTGGAGGTTTG
TTGGAGGTTTG -> TGGAGGTTTGA
TGGAGGTTTGA -> GGAGGTTTGAT
GGAGGTTTGAT -> GAGGTTTGATA
GAGGTTTGATA -> AGGTTTGATAC
AGGTTTGATAC -> GGTTTGATACG
GGTTTGATACG -> GTTTGATACGA
GTTTGATACGA -> TTTGATACGAC
TTTGATACGAC -> TTGATACGACA
TTGATACGACA -> TGATACGACAC
TGATACGACAC -> GATACGACACA
GATACGACACA -> ATACGACACAA
ATACGACACAA -> TACGACACAAA
TACGACACAAA -> ACGACACAAAA
ACGACACAAAA -> CGACACAAAAG
CGACACAAAAG -> GACACAAAAGT
GACACAAAAGT -> ACACAAAAGTG
ACACAAAAGTG -> CACAAAAGTGA
CACAAAAGTGA -> ACAAAAGTGAC
ACAAAAGTGAC -> CAAAAGTGACG
CAAAAGTGACG -> AAAAGTGACGG
AAAAGTGACGG -> AAAGTGACGGG
AAAGTGACGGG -> AAGTGACGGGC
AAGTGACGGGC -> AGTGACGGGCG
AGTGACGGGCG -> GTGACGGGCGT
GTGACGGGCGT -> TGACGGGCGTC
TGACGGGCGTC -> GACGGGCGTCT
GACGGGCGTCT -> ACGGGCGTCTT
ACGGGCGTCTT -> CGGGCGTCTTT
CGGGCGTCTTT -> GGGCGTCTTTA
GGGCGTCTTTA -> GGCGTCTTTAG
GGCGTCTTTAG -> GCGTCTTTAGT
GCGTCTTTAGT -> CGTCTTTAGTT
CGTCTTTAGTT -> GTCTTTAGTTT
GTCTTTAGTTT -> TCTTTAGTTTA
TCTTTAGTTTA -> CTTTAGTTTAG
CTTTAGTTTAG -> TTTAGTTTAGC
TTTAGTTTAGC -> TTAGTTTAGCC
TTAGTTTAGCC -> TAGTTTAGCCG
TAGTTTAGCCG -> AGTTTAGCCGT
AGTTTAGCCGT -> GTTTAGCCGTG
GTTTAGCCGTG -> TTTAGCCGTGA
TTTAGCCGTGA -> TTAGCCGTGAG
TTAGCCGTGAG -> TAGCCGTGAGC
TAGCCGTGAGC -> AGCCGTGAGCT
AGCCGTGAGCT -> GCCGTGAGCTG
GCCGTGAGCTG -> CCGTGAGCTGA
CCGTGAGCTGA -> CGTGAGCTGAC
CGTGAGCTGAC -> GTGAGCTGACT
GTGAGCTGACT -> TGAGCTGACTT
TGAGCTGACTT -> GAGCTGACTTC
GAGCTGACTTC -> AGCTGACTTCG
AGCTGACTTCG -> GCTGACTTCGA
GCTGACTTCGA -> CTGACTTCGAG
CTGACTTCGAG -> TGACTTCGAGA
TGACTTCGAGA -> GACTTCGAGAT
GACTTCGAGAT -> ACTTCGAGATA
ACTTCGAGATA -> CTTCGAGATAC
CTTCGAGATAC -> TTCGAGATACT
TTCGAGATACT -> TCGAGATACTT
TCGAGATACTT -> CGAGATACTTT
CGAGATACTTT -> GAGATACTTTG
GAGATACTTTG -> AGATACTTTGC
AGATACTTTGC -> GATACTTTGCG
GATACTTTGCG -> ATACTTTGCGT
ATACTTTGCGT -> TACTTTGCGTT
TACTTTGCGTT -> ACTTTGCGTTA
ACTTTGCGTTA -> CTTTGCGTTAG
CTTTGCGTTAG -> TTTGCGTTAGC
TTTGCGTTAGC -> TTGCGTTAGCC
TTGCGTTAGCC -> TGCGTTAGCCC
TGCGTTAGCCC -> GCGTTAGCCCG
GCGTTAGCCCG -> CGTTAGCCCGG
CGTTAGCCCGG -> GTTAGCCCGGT
TTAGCCCGGTC -> TAGCCCGGTCT
TAGCCCGGTCT -> AGCCCGGTCTC
AGCCCGGTCTC -> GCCCGGTCTCG
GCCCGGTCTCG -> CCCGGTCTCGG
CCCGGTCTCGG -> CCGGTCTCGGG
CCGGTCTCGGG -> CGGTCTCGGGC
CGGTCTCGGGC -> GGTCTCGGGCC
GGTCTCGGGCC -> GTCTCGGGCCC
GTCTCGGGCCC -> TCTCGGGCCCC
TCTCGGGCCCC -> CTCGGGCCCCT
CTCGGGCCCCT -> TCGGGCCCCTT
TCGGGCCCCTT -> CGGGCCCCTTT
CGGGCCCCTTT -> GGGCCCCTTTC
GGGCCCCTTTC -> GGCCCCTTTCA
GGCCCCTTTCA -> GCCCCTTTCAA
GCCCCTTTCAA -> CCCCTTTCAAT
CCCCTTTCAAT -> CCCTTTCAATG
CCCTTTCAATG -> CCTTTCAATGT
CCTTTCAATGT -> CTTTCAATGTT
CTTTCAATGTT -> TTTCAATGTTC
TTTCAATGTTC -> TTCAATGTTCG
TTCAATGTTCG -> TCAATGTTCGG
TCAATGTTCGG -> CAATGTTCGGT
CAATGTTCGGT -> AATGTTCGGTG
AATGTTCGGTG -> ATGTTCGGTGA
ATGTTCGGTGA -> TGTTCGGTGAT
TGTTCGGTGAT -> GTTCGGTGATT
GTTCGGTGATT -> TTCGGTGATTC
TTCGGTGATTC -> TCGGTGATTCG
TCGGTGATTCG -> CGGTGATTCGC
CGGTGATTCGC -> GGTGATTCGCT
