CGAGCAAAAGCGTGC
GGGTCGGAAGCGTTC
CTGGTAGAAGCGTTT
GGGGTTTCAGCGTTC
GGGGCCAAAGCGTTC
GGGGTAACCGCGTTC
GGGGTACCGGCGTTC
GGGGTAGAGTAGTTC
GGGGGGCAAGCGTTC
GGGGTAGAAGCCGGC
GGGGTCCTAGCGTTC
GGGGTAGAAGCGCGG
TGGGTAGAAGCGTAT
GGGGTAGAAGTTCTC
GGGGTAGAAAATTTC
TAAGTAGAAGCGTTC
GGGGTAGTTACGTTC
GGGTAGGAAGCGTTC
GAATTAGAAGCGTTC
GGCCCAGAAGCGTTC
