504
CTAGTACCGTAAATTCAGTAAGGATAGGA->CAAGTCTCTGTCATTCACTCGGGTGTCGA:14
CAAGTCTCTGTCATTCACTCGGGTGTCGA->CTAGTACCGTAAATTCAGTAAGGATAGGA:14
CTAGTACCGTAAATTCAGTAAGGATAGGA->GTTGTACCGTAAATGCCGTAAGGATGGCT:7
GTTGTACCGTAAATGCCGTAAGGATGGCT->CTAGTACCGTAAATTCAGTAAGGATAGGA:7
AAAAATCCGATAAAAAAAGGCCAAGAGAC->GAGAAGCGAATAAAGAAAGGACCAGCGAC:9
GAGAAGCGAATAAAGAAAGGACCAGCGAC->AAAAATCCGATAAAAAAAGGCCAAGAGAC:9
AAAAATCCGATAAAAAAAGGCCAAGAGAC->ACCCATACGGTGTTCTGAACCTAGGACTC:17
ACCCATACGGTGTTCTGAACCTAGGACTC->AAAAATCCGATAAAAAAAGGCCAAGAGAC:17
CTAGGACAGTAAATTCAGGAACTGTAGGA->CCAAGGCTGTGTCCTGTGGTACTGTTGAA:13
CCAAGGCTGTGTCCTGTGGTACTGTTGAA->CTAGGACAGTAAATTCAGGAACTGTAGGA:13
CTAGGACAGTAAATTCAGGAACTGTAGGA->CTCGGTGATGTGTTCTGCGAGTTGTAAGT:16
CTCGGTGATGTGTTCTGCGAGTTGTAAGT->CTAGGACAGTAAATTCAGGAACTGTAGGA:16
GCTTTTACCGTGATCAGACTATCGACACA->ACTTTCACCCTTCTCATCCCATCGTAGCG:12
ACTTTCACCCTTCTCATCCCATCGTAGCG->GCTTTTACCGTGATCAGACTATCGACACA:12
GCTTTTACCGTGATCAGACTATCGACACA->GATTCTATAGGGATCCGATTTCGAACCCA:12
GATTCTATAGGGATCCGATTTCGAACCCA->GCTTTTACCGTGATCAGACTATCGACACA:12
GCGCATCGCGTGAAAAGAGTATCGCCAAA->CTGGACCGCATTCCAAGAGTTGCGCCAAT:11
CTGGACCGCATTCCAAGAGTTGCGCCAAT->GCGCATCGCGTGAAAAGAGTATCGCCAAA:11
GCGCATCGCGTGAAAAGAGTATCGCCAAA->GCGCATTGTGAGAGATCTGACTGGCGATA:12
GCGCATTGTGAGAGATCTGACTGGCGATA->GCGCATCGCGTGAAAAGAGTATCGCCAAA:12
GAGAATACGTTGAACATGATAGGGCCAAA->GAGATAATCTGGGAGACAATAGCGCCAAT:11
GAGATAATCTGGGAGACAATAGCGCCAAT->GAGAATACGTTGAACATGATAGGGCCAAA:11
GAGAATACGTTGAACATGATAGGGCCAAA->TCGGCTGCGTTGAACATGAGAGGCAAGCA:11
TCGGCTGCGTTGAACATGAGAGGCAAGCA->GAGAATACGTTGAACATGATAGGGCCAAA:11
CAAAATACCCAAATAAAGGTACTGTAAAG->CCAAATATCCATATAACGGTTATGTAAAG:6
CCAAATATCCATATAACGGTTATGTAAAG->CAAAATACCCAAATAAAGGTACTGTAAAG:6
CAAAATACCCAAATAAAGGTACTGTAAAG->TACTTTTCTAAACTCAGATTGCTTGAGTG:17
TACTTTTCTAAACTCAGATTGCTTGAGTG->CAAAATACCCAAATAAAGGTACTGTAAAG:17
GCATTTGCGTTGCAATAGATATATACAAC->TCCTACAAGTACCCCGACTTATTCAGAAC:16
TCCTACAAGTACCCCGACTTATTCAGAAC->GCATTTGCGTTGCAATAGATATATACAAC:16
GCATTTGCGTTGCAATAGATATATACAAC->GAATTTGCGTTGCAATCGACATATTTTTC:7
GAATTTGCGTTGCAATCGACATATTTTTC->GCATTTGCGTTGCAATAGATATATACAAC:7
CAAAATCCCCGAAAAGAAGACCCTTGAGA->TAGCTTTTCCGTTGAGTAAACGCCTGCGT:15
TAGCTTTTCCGTTGAGTAAACGCCTGCGT->CAAAATCCCCGAAAAGAAGACCCTTGAGA:15
CAAAATCCCCGAAAAGAAGACCCTTGAGA->CGAAAGGGCTGAAACGACGCGCCTAGACA:11
CGAAAGGGCTGAAACGACGCGCCTAGACA->CAAAATCCCCGAAAAGAAGACCCTTGAGA:11
ATAAGTCAGCCAAAACAAGGCAAAAAGGA->TTAAGCCATCGAAATCAAGTCACAAAATT:10
TTAAGCCATCGAAATCAAGTCACAAAATT->ATAAGTCAGCCAAAACAAGGCAAAAAGGA:10
ATAAGTCAGCCAAAACAAGGCAAAAAGGA->GTTAGTGAGGCTGAACACGGGAACTAGGA:10
GTTAGTGAGGCTGAACACGGGAACTAGGA->ATAAGTCAGCCAAAACAAGGCAAAAAGGA:10
GTGAATCAATTAAACATCCTATGACCAAA->ATTAAACTATGCCGCCCCGTACGAGTGAA:15
ATTAAACTATGCCGCCCCGTACGAGTGAA->GTGAATCAATTAAACATCCTATGACCAAA:15
GTGAATCAATTAAACATCCTATGACCAAA->GGGGCTGAACTATATATTCATTTTTCAAC:14
GGGGCTGAACTATATATTCATTTTTCAAC->GTGAATCAATTAAACATCCTATGACCAAA:14
ATAATTCCGTTAAAAATGATATCACCATA->ATTTTTGCGTCTTAAGTGACGCCCGTTTG:15
ATTTTTGCGTCTTAAGTGACGCCCGTTTG->ATAATTCCGTTAAAAATGATATCACCATA:15
ATAATTCCGTTAAAAATGATATCACCATA->TTAACCCGCGTAAAACTCTTATAACGGTT:13
TTAACCCGCGTAAAACTCTTATAACGGTT->ATAATTCCGTTAAAAATGATATCACCATA:13
ATAAATCCGCCAAAGAAAGATCATGTGGA->ATCCATCCGCTATAGAAGGATCATCTCGA:7
ATCCATCCGCTATAGAAGGATCATCTCGA->ATAAATCCGCCAAAGAAAGATCATGTGGA:7
ATAAATCCGCCAAAGAAAGATCATGTGGA->AGGAAGGATTCGACGTGTTATGGTGTGCT:17
AGGAAGGATTCGACGTGTTATGGTGTGCT->ATAAATCCGCCAAAGAAAGATCATGTGGA:17
CTAAATCCGCCAAGTTAGCAATGGCCAGA->GGAGTGCTGCCATGTTCGTTTTGGACATG:14
GGAGTGCTGCCATGTTCGTTTTGGACATG->CTAAATCCGCCAAGTTAGCAATGGCCAGA:14
CTAAATCCGCCAAGTTAGCAATGGCCAGA->CTTTATCGGGCCAGTTACCACTTGCCAGC:9
CTTTATCGGGCCAGTTACCACTTGCCAGC->CTAAATCCGCCAAGTTAGCAATGGCCAGA:9
GGATTTGCGTTGCAATTGCTACCTCCAAC->GGATTGGCTCCGCAGTTGGTACCTTCGTC:9
GGATTGGCTCCGCAGTTGGTACCTTCGTC->GGATTTGCGTTGCAATTGCTACCTCCAAC:9
GGATTTGCGTTGCAATTGCTACCTCCAAC->TGGTTTTAGTTTGCACTTCCTGGTCCAAC:13
TGGTTTTAGTTTGCACTTCCTGGTCCAAC->GGATTTGCGTTGCAATTGCTACCTCCAAC:13
AGAGGACCATAATTACTGACACTCTAGGA->TGATGCTAAAAGTAGCTAACACCCTGCGA:13
TGATGCTAAAAGTAGCTAACACCCTGCGA->AGAGGACCATAATTACTGACACTCTAGGA:13
AGAGGACCATAATTACTGACACTCTAGGA->AGGGGACCATGCTTATTGCCCTTCGCGAG:11
AGGGGACCATGCTTATTGCCCTTCGCGAG->AGAGGACCATAATTACTGACACTCTAGGA:11
CTAAATCCGCAAATAAAGGAACTGTAAGA->CTAAATCCGCCAAAAAAGGAACAGTAAGA:3
CTAAATCCGCCAAAAAAGGAACAGTAAGA->CTAAATCCGCAAATAAAGGAACTGTAAGA:3
CTAAATCCGCAAATAAAGGAACTGTAAGA->CAAAATACCCAAATAAAGGTACTGTAAAG:6
CAAAATACCCAAATAAAGGTACTGTAAAG->CTAAATCCGCAAATAAAGGAACTGTAAGA:6
CTAAATCCGCAAATAAAGGAACTGTAAGA->CTAGGACCGTAAATACAGGAACTGTAGGA:6
CTAGGACCGTAAATACAGGAACTGTAGGA->CTAAATCCGCAAATAAAGGAACTGTAAGA:6
CTAGGACCGTAAATACAGGAACTGTAGGA->AGAGGACCATAATTACTGACACTCTAGGA:8
AGAGGACCATAATTACTGACACTCTAGGA->CTAGGACCGTAAATACAGGAACTGTAGGA:8
CTAGGACCGTAAATACAGGAACTGTAGGA->CTAGGACCGTAAATTCAGGAACTGTAGGA:1
CTAGGACCGTAAATTCAGGAACTGTAGGA->CTAGGACCGTAAATACAGGAACTGTAGGA:1
CTAGGACCGTAAATTCAGGAACTGTAGGA->CTAGTACCGTAAATTCAGTAAGGATAGGA:5
CTAGTACCGTAAATTCAGTAAGGATAGGA->CTAGGACCGTAAATTCAGGAACTGTAGGA:5
CTAGGACCGTAAATTCAGGAACTGTAGGA->CTAGGACAGTAAATTCAGGAACTGTAGGA:1
CTAGGACAGTAAATTCAGGAACTGTAGGA->CTAGGACCGTAAATTCAGGAACTGTAGGA:1
CTAAATCCGCCAAAAAAGGAACAGTAAGA->CTAAATCCGCCAAAAAAGCAATGGCCAGA:5
CTAAATCCGCCAAAAAAGCAATGGCCAGA->CTAAATCCGCCAAAAAAGGAACAGTAAGA:5
CTAAATCCGCCAAAAAAGGAACAGTAAGA->CTAAATCCGCCAAAAAAAGACCATTAAGA:3
CTAAATCCGCCAAAAAAAGACCATTAAGA->CTAAATCCGCCAAAAAAGGAACAGTAAGA:3
CTAAATCCGCCAAAAAAGCAATGGCCAGA->GTAAATCCGTTAAAAATGCTATGGCCAAA:6
GTAAATCCGTTAAAAATGCTATGGCCAAA->CTAAATCCGCCAAAAAAGCAATGGCCAGA:6
CTAAATCCGCCAAAAAAGCAATGGCCAGA->CTAAATCCGCCAAGTTAGCAATGGCCAGA:3
CTAAATCCGCCAAGTTAGCAATGGCCAGA->CTAAATCCGCCAAAAAAGCAATGGCCAGA:3
GTAAATCCGTTAAAAATGCTATGGCCAAA->GTGAATCCGTTAAACATGCTATGGCCAAA:2
GTGAATCCGTTAAACATGCTATGGCCAAA->GTAAATCCGTTAAAAATGCTATGGCCAAA:2
GTAAATCCGTTAAAAATGCTATGGCCAAA->GTAATTCCGTTAAAAATGCTATCGCCAAA:2
GTAATTCCGTTAAAAATGCTATCGCCAAA->GTAAATCCGTTAAAAATGCTATGGCCAAA:2
GTGAATCCGTTAAACATGCTATGGCCAAA->GAGAATACGTTGAACATGATAGGGCCAAA:5
GAGAATACGTTGAACATGATAGGGCCAAA->GTGAATCCGTTAAACATGCTATGGCCAAA:5
GTGAATCCGTTAAACATGCTATGGCCAAA->GTGAATCAATTAAACATCCTATGACCAAA:4
GTGAATCAATTAAACATCCTATGACCAAA->GTGAATCCGTTAAACATGCTATGGCCAAA:4
GTAATTCCGTTAAAAATGCTATCGCCAAA->GCATTTCCGTTGAAAATGCTATCGCCAAA:3
GCATTTCCGTTGAAAATGCTATCGCCAAA->GTAATTCCGTTAAAAATGCTATCGCCAAA:3
GTAATTCCGTTAAAAATGCTATCGCCAAA->ATAATTCCGTTAAAAATGATATCACCATA:4
ATAATTCCGTTAAAAATGATATCACCATA->GTAATTCCGTTAAAAATGCTATCGCCAAA:4
GCATTTCCGTTGAAAATGCTATCGCCAAA->GCATTTCCCGTGAAAAGACTATCGCCAAA:4
GCATTTCCCGTGAAAAGACTATCGCCAAA->GCATTTCCGTTGAAAATGCTATCGCCAAA:4
GCATTTCCGTTGAAAATGCTATCGCCAAA->GCATTTGCGTTGCAATTGCTATCTCCAAC:5
GCATTTGCGTTGCAATTGCTATCTCCAAC->GCATTTCCGTTGAAAATGCTATCGCCAAA:5
GCATTTCCCGTGAAAAGACTATCGCCAAA->GCTTTTACCGTGATCAGACTATCGACACA:6
GCTTTTACCGTGATCAGACTATCGACACA->GCATTTCCCGTGAAAAGACTATCGCCAAA:6
GCATTTCCCGTGAAAAGACTATCGCCAAA->GCGCATCGCGTGAAAAGAGTATCGCCAAA:5
GCGCATCGCGTGAAAAGAGTATCGCCAAA->GCATTTCCCGTGAAAAGACTATCGCCAAA:5
GCATTTGCGTTGCAATTGCTATCTCCAAC->GCATTTGCGTTGCAATAGATATATACAAC:4
GCATTTGCGTTGCAATAGATATATACAAC->GCATTTGCGTTGCAATTGCTATCTCCAAC:4
GCATTTGCGTTGCAATTGCTATCTCCAAC->GGATTTGCGTTGCAATTGCTACCTCCAAC:2
GGATTTGCGTTGCAATTGCTACCTCCAAC->GCATTTGCGTTGCAATTGCTATCTCCAAC:2
CTAAATCCGCCAAAAAAAGACCATTAAGA->CAAAATCCCCGAAAAGAAGACCCTTGAGA:6
CAAAATCCCCGAAAAGAAGACCCTTGAGA->CTAAATCCGCCAAAAAAAGACCATTAAGA:6
CTAAATCCGCCAAAAAAAGACCATTAAGA->ATAAATCCGCCAAAAAAAGACCATGAGGA:3
ATAAATCCGCCAAAAAAAGACCATGAGGA->CTAAATCCGCCAAAAAAAGACCATTAAGA:3
ATAAATCCGCCAAAAAAAGACCATGAGGA->ATAAATCCGCCAAAGAAAGATCATGTGGA:3
ATAAATCCGCCAAAGAAAGATCATGTGGA->ATAAATCCGCCAAAAAAAGACCATGAGGA:3
ATAAATCCGCCAAAAAAAGACCATGAGGA->ATAAATCCGCCAAAAAAAGGCCAAGAGGA:2
ATAAATCCGCCAAAAAAAGGCCAAGAGGA->ATAAATCCGCCAAAAAAAGACCATGAGGA:2
ATAAATCCGCCAAAAAAAGGCCAAGAGGA->AAAAATCCGATAAAAAAAGGCCAAGAGAC:5
AAAAATCCGATAAAAAAAGGCCAAGAGAC->ATAAATCCGCCAAAAAAAGGCCAAGAGGA:5
ATAAATCCGCCAAAAAAAGGCCAAGAGGA->ATAAGTCAGCCAAAACAAGGCAAAAAGGA:5
ATAAGTCAGCCAAAACAAGGCAAAAAGGA->ATAAATCCGCCAAAAAAAGGCCAAGAGGA:5
