110
T-GTGCCCGTGGCT-CAACCGACTCGAGATTGACAAACGGGTGTTCCGTGAAGGTGA-CGAAGAAGCTAGCTTGGCTG-GAAGTCCATCGAAGCTATAAG-ACTGGTCTTATGAGTTTATTCCGATGCTGCA-ACTGAGGGCCTGCTAGCACCAAGTTG---ACCGTATACCGCCCCCTGCAGGCATGGA-CCCCGGTA-CA-TTCCAATCACC--C----CG--CGCGA--TGGGG----TAG-AC--GA-GTGAA--ATCGC-AGA-AAGAAAC-TAGTCT-TCG-AGC-CT-TC-TTTATGTAAGTTATGCAG-CTGGCCAGTA-ATACAGTACTCCTTTCGTAGTGCAAGATTCTGGAACCAG-ACCTAAGCCCCTCCCGTA-CTAC--TCTAAGTTCTGGAGACCGTTGTTAC-ACTGTCCAATGC--CTAATCCTCCTTTC-GGCCGAATCAGTG--TG-CATAG--AG-CACGATATCGGGCCTGAAT-GCTTACTTACTTGGAAGCA-AC-TC--TG-GAACTATGCGGGTAC-GATACGTTTTTGC-GCC-CTTTTAGGATTGAG-ATACGATCCCGTCC-CGTG-TAGCC--ATCGCATAATCACACGACCCGTGCACAT-CAGCA--CAATCTATCGTTG----GAAATTTAGATTGCA-TCAGTCACTAAAGGTTGGCGTGGGCCTAT-CTAGCGGTGG-AGACACCTCGTGCA-GATATGAGCTGCGTT-CTGGGGCGCAACAACTTGTTCGCTGATTTGGGGTGCAACAAGTGTCAGGAGCCATGGGCGTCTTGAGCC-TA-TTGTACTAACTAACTATCT--TTCATCT-GCCCCCTG-ACCG----CTACC-ATCAGCACAGACT-GAGTGCA-T-TACGCGGTAGCCCCT-GTT-TG-G-CTCTAT-TG-TGAGAGGATATCGAGTC--GTCATGGCT-TGTAACGAGTAAGCAAT-
TGGGGCTTGTTG-TAC-A-CTA-TC-TGA--GACAAACGCG-GACCCTTGGCCCT-ATTGAAGAA--TGGGTTGGCCGCG-AGT--AT-----CT-TTCGCAC----CTTA-G-G----TCCCGA-GGT-CAGACTG-CTTCCTGCTCGC-TC-A-TTGCCTACC--ATACAG-CGCTTGAAGTCAAGGATAACCGGAACCAGTT-C-A-CCCCTTCTTATCGTTTGCGAGCCGGGGCCCAGAGCACAACATTTCAATCATC-CTACACAAGTAACGGAGTTTGTTGCATCTCTATCGATAATGTAAGTT-GGCGGCCTGGGAAG-ACTTAC-GTA--AC---CGCAGGGGTTTATTCCGG-GCC-GTTTCT----CCGACGGGGAGAAACGTTCT-A-TCCTGAAGATAGTTG-GACTGGTGTCC-CGGCGGC-GAT--TCCCATCAGGCTGCACCAGGGCCTGTTACAGTCAGTCATGTTATC---CAT-AATGGCGT-C--AC-GGGTACCACTCTTCATTGCG-ACCCCCCGGATGCTG--A-GTTTTTTCAGCCTC-TGT-GTATCG-GCAT-CTA-ACCG-CCTCGCGACAGCCGGAT-GCCT-A-CA-ATGA--CGT-TACCTACAGCAGGC-GT-T-TCCTTGCCCCCAAATTAAGAATACAGGC-GT-ACCGAA--TT---GTGGG-ATTTGCAAG-GGGGGCGGA-A-GT-ATACACAACATTAG--GAATTACT--GGC-TACCCCCCTAATC-C--A-TT----T-C-AC--CTGTCACCCG-CA--CGC-TC-TGCTCCATAGATGCA-TGAC-AACT-TCTAATGC--CTAGCCCACTGAAACGAAATTTTCCGAACTGCTC-GA-TAAACT-CATTCTAC-C-GTTTCACATAATTCTGTGACTGTCTGGGTTGATATTATACCGAGTCAAAT-AT-GATGGGTAA-TA-T-AGGACTC
